=> Booting Puma
=> Rails 6.1.3.2 application starting in development 
=> Run `bin/rails server --help` for more startup options
Exiting
/Users/dvalmyr/scheduled_tweets/config/initializers/omniauth.rb:2:in `block in <main>': undefined method `credntials' for #<ScheduledTweets::Application:0x00007ffc9bcd7d88 @_all_autoload_paths=["/Users/dvalmyr/scheduled_tweets/app/channels", "/Users/dvalmyr/scheduled_tweets/app/controllers", "/Users/dvalmyr/scheduled_tweets/app/controllers/concerns", "/Users/dvalmyr/scheduled_tweets/app/helpers", "/Users/dvalmyr/scheduled_tweets/app/jobs", "/Users/dvalmyr/scheduled_tweets/app/mailers", "/Users/dvalmyr/scheduled_tweets/app/models", "/Users/dvalmyr/scheduled_tweets/app/models/concerns"], @_all_load_paths=["/Users/dvalmyr/scheduled_tweets/lib", "/Users/dvalmyr/scheduled_tweets/vendor", "/Users/dvalmyr/scheduled_tweets/app/channels", "/Users/dvalmyr/scheduled_tweets/app/controllers", "/Users/dvalmyr/scheduled_tweets/app/controllers/concerns", "/Users/dvalmyr/scheduled_tweets/app/helpers", "/Users/dvalmyr/scheduled_tweets/app/jobs", "/Users/dvalmyr/scheduled_tweets/app/mailers", "/Users/dvalmyr/scheduled_tweets/app/models", "/Users/dvalmyr/scheduled_tweets/app/models/concerns"], @app=nil, @config=#<Rails::Application::Configuration:0x00007ffc9bce45b0 @root=#<Pathname:/Users/dvalmyr/scheduled_tweets>, @generators=#<Rails::Configuration::Generators:0x00007ffc9e1511c8 @aliases={}, @options={:rails=>{:orm=>:active_record, :test_framework=>:test_unit, :integration_tool=>:test_unit, :system_tests=>:test_unit, :stylesheet_engine=>:scss}, :active_record=>{:migration=>true, :timestamps=>true}, :test_unit=>{:fixture=>true, :fixture_replacement=>nil}}, @fallbacks={}, @templates=[], @colorize_logging=true, @api_only=false, @hidden_namespaces=["sass"], @after_generate_callbacks=[]>, @middleware=#<ActionDispatch::MiddlewareStack:0x00007ffc9be1c838 @middlewares=[Webpacker::DevServerProxy, Rack::MiniProfiler, ActionDispatch::HostAuthorization, Rack::Sendfile, ActionDispatch::Static, ActionDispatch::Executor, ActiveSupport::Cache::Strategy::LocalCache::Middleware, Rack::Runtime, Rack::MethodOverride, ActionDispatch::RequestId, ActionDispatch::RemoteIp, Sprockets::Rails::QuietAssets, Rails::Rack::Logger, ActionDispatch::ShowExceptions, WebConsole::Middleware, ActionDispatch::DebugExceptions, ActionDispatch::ActionableExceptions, ActionDispatch::Reloader, ActionDispatch::Callbacks, ActiveRecord::Migration::CheckPending, ActionDispatch::Cookies, ActionDispatch::Session::CookieStore, ActionDispatch::Flash, ActionDispatch::ContentSecurityPolicy::Middleware, ActionDispatch::PermissionsPolicy::Middleware, Rack::Head, Rack::ConditionalGet, Rack::ETag, Rack::TempfileReaper, OmniAuth::Builder]>, @javascript_path="javascript", @encoding=#<Encoding:UTF-8>, @allow_concurrency=nil, @consider_all_requests_local=true, @filter_parameters=[:passw, :secret, :token, :_key, :crypt, :salt, :certificate, :otp, :ssn], @filter_redirect=[], @helpers_paths=["/Users/dvalmyr/scheduled_tweets/app/helpers"], @hosts=[".localhost", #<IPAddr: IPv4:0.0.0.0/0.0.0.0>, #<IPAddr: IPv6:0000:0000:0000:0000:0000:0000:0000:0000/0000:0000:0000:0000:0000:0000:0000:0000>], @host_authorization={}, @public_file_server=#<ActiveSupport::OrderedOptions {:enabled=>true, :index_name=>"index"}>, @force_ssl=false, @ssl_options={:hsts=>{:subdomains=>true}}, @session_store=:cookie_store, @time_zone="UTC", @beginning_of_week=:monday, @log_level=:debug, @cache_store=:null_store, @railties_order=[:all], @relative_url_root=nil, @reload_classes_only_on_change=true, @file_watcher=ActiveSupport::EventedFileUpdateChecker, @exceptions_app=nil, @autoflush_log=true, @log_formatter=#<ActiveSupport::Logger::SimpleFormatter:0x00007ffc9bcef5a0 @datetime_format=nil>, @eager_load=false, @secret_key_base=nil, @api_only=false, @debug_exception_response_format=nil, @x=#<Rails::Application::Configuration::Custom:0x00007ffc9bcef550 @configurations={}>, @enable_dependency_loading=false, @read_encrypted_secrets=false, @content_security_policy=nil, @content_security_policy_report_only=false, @content_security_policy_nonce_generator=nil, @content_security_policy_nonce_directives=nil, @require_master_key=false, @loaded_config_version=6.1, @credentials=#<ActiveSupport::OrderedOptions {:content_path=>#<Pathname:/Users/dvalmyr/scheduled_tweets/config/credentials/development.yml.enc>, :key_path=>#<Pathname:/Users/dvalmyr/scheduled_tweets/config/credentials/development.key>}>, @autoloader=:zeitwerk, @disable_sandbox=false, @add_autoload_paths_to_load_path=true, @permissions_policy=nil, @rake_eager_load=false, @paths=#<Rails::Paths::Root:0x00007ffc9bd1ca28 @path=#<Pathname:/Users/dvalmyr/scheduled_tweets>, @root={"app"=>#<Rails::Paths::Path:0x00007ffc9bd1c938 @paths=["app"], @current="app", @root=#<Rails::Paths::Root:0x00007ffc9bd1ca28 ...>, @glob="{*,*/concerns}", @exclude=["assets", "javascript"], @autoload_once=false, @eager_load=true, @autoload=false, @load_path=false>, "app/assets"=>#<Rails::Paths::Path:0x00007ffc9bd1c8c0 @paths=["app/assets"], @current="app/assets", @root=#<Rails::Paths::Root:0x00007ffc9bd1ca28 ...>, @glob="*", @exclude=nil, @autoload_once=false, @eager_load=false, @autoload=false, @load_path=false>, "app/controllers"=>#<Rails::Paths::Path:0x00007ffc9bd1c848 @paths=["app/controllers"], @current="app/controllers", @root=#<Rails::Paths::Root:0x00007ffc9bd1ca28 ...>, @glob=nil, @exclude=nil, @autoload_once=false, @eager_load=true, @autoload=false, @load_path=false>, "app/channels"=>#<Rails::Paths::Path:0x00007ffc9bd1c7d0 @paths=["app/channels"], @current="app/channels", @root=#<Rails::Paths::Root:0x00007ffc9bd1ca28 ...>, @glob="**/*_channel.rb", @exclude=nil, @autoload_once=false, @eager_load=true, @autoload=false, @load_path=false>, "app/helpers"=>#<Rails::Paths::Path:0x00007ffc9bd1c758 @paths=["app/helpers"], @current="app/helpers", @root=#<Rails::Paths::Root:0x00007ffc9bd1ca28 ...>, @glob=nil, @exclude=nil, @autoload_once=false, @eager_load=true, @autoload=false, @load_path=false>, "app/models"=>#<Rails::Paths::Path:0x00007ffc9bd1c6e0 @paths=["app/models"], @current="app/models", @root=#<Rails::Paths::Root:0x00007ffc9bd1ca28 ...>, @glob=nil, @exclude=nil, @autoload_once=false, @eager_load=true, @autoload=false, @load_path=false>, "app/mailers"=>#<Rails::Paths::Path:0x00007ffc9bd1c668 @paths=["app/mailers"], @current="app/mailers", @root=#<Rails::Paths::Root:0x00007ffc9bd1ca28 ...>, @glob=nil, @exclude=nil, @autoload_once=false, @eager_load=true, @autoload=false, @load_path=false>, "app/views"=>#<Rails::Paths::Path:0x00007ffc9bd1c5f0 @paths=["app/views"], @current="app/views", @root=#<Rails::Paths::Root:0x00007ffc9bd1ca28 ...>, @glob=nil, @exclude=nil, @autoload_once=false, @eager_load=false, @autoload=false, @load_path=false>, "lib"=>#<Rails::Paths::Path:0x00007ffc9bd1c578 @paths=["lib"], @current="lib", @root=#<Rails::Paths::Root:0x00007ffc9bd1ca28 ...>, @glob=nil, @exclude=nil, @autoload_once=false, @eager_load=false, @autoload=false, @load_path=true>, "lib/assets"=>#<Rails::Paths::Path:0x00007ffc9bd1c500 @paths=["lib/assets"], @current="lib/assets", @root=#<Rails::Paths::Root:0x00007ffc9bd1ca28 ...>, @glob="*", @exclude=nil, @autoload_once=false, @eager_load=false, @autoload=false, @load_path=false>, "lib/tasks"=>#<Rails::Paths::Path:0x00007ffc9bd1c488 @paths=["lib/tasks"], @current="lib/tasks", @root=#<Rails::Paths::Root:0x00007ffc9bd1ca28 ...>, @glob="**/*.rake", @exclude=nil, @autoload_once=false, @eager_load=false, @autoload=false, @load_path=false>, "config"=>#<Rails::Paths::Path:0x00007ffc9bd1c410 @paths=["config"], @current="config", @root=#<Rails::Paths::Root:0x00007ffc9bd1ca28 ...>, @glob=nil, @exclude=nil, @autoload_once=false, @eager_load=false, @autoload=false, @load_path=false>, "config/environments"=>#<Rails::Paths::Path:0x00007ffc9bd1c370 @paths=["config/environments"], @current="config/environments", @root=#<Rails::Paths::Root:0x00007ffc9bd1ca28 ...>, @glob="development.rb", @exclude=nil, @autoload_once=false, @eager_load=false, @autoload=false, @load_path=false>, "config/initializers"=>#<Rails::Paths::Path:0x00007ffc9bd1c2f8 @paths=["config/initializers"], @current="config/initializers", @root=#<Rails::Paths::Root:0x00007ffc9bd1ca28 ...>, @glob="**/*.rb", @exclude=nil, @autoload_once=false, @eager_load=false, @autoload=false, @load_path=false>, "config/locales"=>#<Rails::Paths::Path:0x00007ffc9bd1c280 @paths=["config/locales"], @current="config/locales", @root=#<Rails::Paths::Root:0x00007ffc9bd1ca28 ...>, @glob="*.{rb,yml}", @exclude=nil, @autoload_once=false, @eager_load=false, @autoload=false, @load_path=false>, "config/routes.rb"=>#<Rails::Paths::Path:0x00007ffc9bd1c208 @paths=["config/routes.rb"], @current="config/routes.rb", @root=#<Rails::Paths::Root:0x00007ffc9bd1ca28 ...>, @glob=nil, @exclude=nil, @autoload_once=false, @eager_load=false, @autoload=false, @load_path=false>, "config/routes"=>#<Rails::Paths::Path:0x00007ffc9bd1c190 @paths=["config/routes"], @current="config/routes", @root=#<Rails::Paths::Root:0x00007ffc9bd1ca28 ...>, @glob="**/*.rb", @exclude=nil, @autoload_once=false, @eager_load=false, @autoload=false, @load_path=false>, "db"=>#<Rails::Paths::Path:0x00007ffc9bd1c118 @paths=["db"], @current="db", @root=#<Rails::Paths::Root:0x00007ffc9bd1ca28 ...>, @glob=nil, @exclude=nil, @autoload_once=false, @eager_load=false, @autoload=false, @load_path=false>, "db/migrate"=>#<Rails::Paths::Path:0x00007ffc9bd1c0a0 @paths=["db/migrate"], @current="db/migrate", @root=#<Rails::Paths::Root:0x00007ffc9bd1ca28 ...>, @glob=nil, @exclude=nil, @autoload_once=false, @eager_load=false, @autoload=false, @load_path=false>, "db/seeds.rb"=>#<Rails::Paths::Path:0x00007ffc9bd1c028 @paths=["db/seeds.rb"], @current="db/seeds.rb", @root=#<Rails::Paths::Root:0x00007ffc9bd1ca28 ...>, @glob=nil, @exclude=nil, @autoload_once=false, @eager_load=false, @autoload=false, @load_path=false>, "vendor"=>#<Rails::Paths::Path:0x00007ffc9bd27f68 @paths=["vendor"], @current="vendor", @root=#<Rails::Paths::Root:0x00007ffc9bd1ca28 ...>, @glob=nil, @exclude=nil, @autoload_once=false, @eager_load=false, @autoload=false, @load_path=true>, "vendor/assets"=>#<Rails::Paths::Path:0x00007ffc9bd27ef0 @paths=["vendor/assets"], @current="vendor/assets", @root=#<Rails::Paths::Root:0x00007ffc9bd1ca28 ...>, @glob="*", @exclude=nil, @autoload_once=false, @eager_load=false, @autoload=false, @load_path=false>, "config/database"=>#<Rails::Paths::Path:0x00007ffc9bd27e50 @paths=["config/database.yml"], @current="config/database", @root=#<Rails::Paths::Root:0x00007ffc9bd1ca28 ...>, @glob=nil, @exclude=nil, @autoload_once=false, @eager_load=false, @autoload=false, @load_path=false>, "config/secrets"=>#<Rails::Paths::Path:0x00007ffc9bd27db0 @paths=["config"], @current="config/secrets", @root=#<Rails::Paths::Root:0x00007ffc9bd1ca28 ...>, @glob="secrets.yml{,.enc}", @exclude=nil, @autoload_once=false, @eager_load=false, @autoload=false, @load_path=false>, "config/environment"=>#<Rails::Paths::Path:0x00007ffc9bd27d10 @paths=["config/environment.rb"], @current="config/environment", @root=#<Rails::Paths::Root:0x00007ffc9bd1ca28 ...>, @glob=nil, @exclude=nil, @autoload_once=false, @eager_load=false, @autoload=false, @load_path=false>, "lib/templates"=>#<Rails::Paths::Path:0x00007ffc9bd27c98 @paths=["lib/templates"], @current="lib/templates", @root=#<Rails::Paths::Root:0x00007ffc9bd1ca28 ...>, @glob=nil, @exclude=nil, @autoload_once=false, @eager_load=false, @autoload=false, @load_path=false>, "log"=>#<Rails::Paths::Path:0x00007ffc9bd27bd0 @paths=["log/development.log"], @current="log", @root=#<Rails::Paths::Root:0x00007ffc9bd1ca28 ...>, @glob=nil, @exclude=nil, @autoload_once=false, @eager_load=false, @autoload=false, @load_path=false>, "public"=>#<Rails::Paths::Path:0x00007ffc9bd27b58 @paths=["public"], @current="public", @root=#<Rails::Paths::Root:0x00007ffc9bd1ca28 ...>, @glob=nil, @exclude=nil, @autoload_once=false, @eager_load=false, @autoload=false, @load_path=false>, "public/javascripts"=>#<Rails::Paths::Path:0x00007ffc9bd27ae0 @paths=["public/javascripts"], @current="public/javascripts", @root=#<Rails::Paths::Root:0x00007ffc9bd1ca28 ...>, @glob=nil, @exclude=nil, @autoload_once=false, @eager_load=false, @autoload=false, @load_path=false>, "public/stylesheets"=>#<Rails::Paths::Path:0x00007ffc9bd27a68 @paths=["public/stylesheets"], @current="public/stylesheets", @root=#<Rails::Paths::Root:0x00007ffc9bd1ca28 ...>, @glob=nil, @exclude=nil, @autoload_once=false, @eager_load=false, @autoload=false, @load_path=false>, "tmp"=>#<Rails::Paths::Path:0x00007ffc9bd279f0 @paths=["tmp"], @current="tmp", @root=#<Rails::Paths::Root:0x00007ffc9bd1ca28 ...>, @glob=nil, @exclude=nil, @autoload_once=false, @eager_load=false, @autoload=false, @load_path=false>, "config/cable"=>#<Rails::Paths::Path:0x00007ffc9e5e06a8 @paths=["config/cable.yml"], @current="config/cable", @root=#<Rails::Paths::Root:0x00007ffc9bd1ca28 ...>, @glob=nil, @exclude=nil, @autoload_once=false, @eager_load=false, @autoload=false, @load_path=false>}>, @cache_classes=false, @autoload_paths=[], @eager_load_paths=["/Users/dvalmyr/scheduled_tweets/app/channels", "/Users/dvalmyr/scheduled_tweets/app/controllers", "/Users/dvalmyr/scheduled_tweets/app/controllers/concerns", "/Users/dvalmyr/scheduled_tweets/app/helpers", "/Users/dvalmyr/scheduled_tweets/app/jobs", "/Users/dvalmyr/scheduled_tweets/app/mailers", "/Users/dvalmyr/scheduled_tweets/app/models", "/Users/dvalmyr/scheduled_tweets/app/models/concerns"], @autoload_once_paths=[], @session_options={:key=>"_scheduled_tweets_session"}>, @env_config=nil, @helpers=nil, @routes=#<ActionDispatch::Routing::RouteSet:0x00007ffc9bdec958>, @app_build_lock=#<Thread::Mutex:0x00007ffc9bcd7d10>, @initialized=false, @reloaders=[], @routes_reloader=#<Rails::Application::RoutesReloader:0x00007ffc9e5b1678 @paths=["/Users/dvalmyr/scheduled_tweets/config/routes.rb", "/Users/dvalmyr/.asdf/installs/ruby/3.0.0/lib/ruby/gems/3.0.0/gems/actionmailbox-6.1.3.2/config/routes.rb", "/Users/dvalmyr/.asdf/installs/ruby/3.0.0/lib/ruby/gems/3.0.0/gems/activestorage-6.1.3.2/config/routes.rb"], @route_sets=[#<ActionDispatch::Routing::RouteSet:0x00007ffc9e5b3ce8>, #<ActionDispatch::Routing::RouteSet:0x00007ffc9bb8c2a8>, #<ActionDispatch::Routing::RouteSet:0x00007ffc9e5b02a0>, #<ActionDispatch::Routing::RouteSet:0x00007ffc9bbeec28>, #<ActionDispatch::Routing::RouteSet:0x00007ffc9bc55c20>, #<ActionDispatch::Routing::RouteSet:0x00007ffc9bdee348>, #<ActionDispatch::Routing::RouteSet:0x00007ffc9bded678>, #<ActionDispatch::Routing::RouteSet:0x00007ffc9bdec958>], @external_routes=[#<Pathname:/Users/dvalmyr/scheduled_tweets/config/routes>, #<Pathname:/Users/dvalmyr/.asdf/installs/ruby/3.0.0/lib/ruby/gems/3.0.0/gems/turbolinks-5.2.1/config/routes>, #<Pathname:/Users/dvalmyr/.asdf/installs/ruby/3.0.0/lib/ruby/gems/3.0.0/gems/webpacker-5.4.0/config/routes>, #<Pathname:/Users/dvalmyr/.asdf/installs/ruby/3.0.0/lib/ruby/gems/3.0.0/gems/actiontext-6.1.3.2/config/routes>, #<Pathname:/Users/dvalmyr/.asdf/installs/ruby/3.0.0/lib/ruby/gems/3.0.0/gems/actionmailbox-6.1.3.2/config/routes>, #<Pathname:/Users/dvalmyr/.asdf/installs/ruby/3.0.0/lib/ruby/gems/3.0.0/gems/actioncable-6.1.3.2/config/routes>, #<Pathname:/Users/dvalmyr/.asdf/installs/ruby/3.0.0/lib/ruby/gems/3.0.0/gems/activestorage-6.1.3.2/config/routes>, #<Pathname:/Users/dvalmyr/.asdf/installs/ruby/3.0.0/lib/ruby/gems/3.0.0/gems/actionview-6.1.3.2/config/routes>], @eager_load=false>, @app_env_config=nil, @ordered_railties=[[#<I18n::Railtie:0x00007ffc9e203f30 @config=#<Rails::Railtie::Configuration:0x00007ffca021c218>, @initializers=[]>, #<ActiveSupport::Railtie:0x00007ffc9bb633a8 @config=#<Rails::Railtie::Configuration:0x00007ffc9bb632e0>, @initializers=[#<Rails::Initializable::Initializer:0x00007ffc9fa2d1d8 @name="active_support.set_authenticated_message_encryption", @context=#<ActiveSupport::Railtie:0x00007ffc9bb633a8 ...>, @options={:group=>:default}, @block=#<Proc:0x00007ffc9bb63150 /Users/dvalmyr/.asdf/installs/ruby/3.0.0/lib/ruby/gems/3.0.0/gems/activesupport-6.1.3.2/lib/active_support/railtie.rb:12>>, #<Rails::Initializable::Initializer:0x00007ffc9fa2d188 @name="active_support.reset_all_current_attributes_instances", @context=#<ActiveSupport::Railtie:0x00007ffc9bb633a8 ...>, @options={:after=>"active_support.set_authenticated_message_encryption", :group=>:default}, @block=#<Proc:0x00007ffc9bb62fc0 /Users/dvalmyr/.asdf/installs/ruby/3.0.0/lib/ruby/gems/3.0.0/gems/activesupport-6.1.3.2/lib/active_support/railtie.rb:21>>, #<Rails::Initializable::Initializer:0x00007ffc9fa2d138 @name="active_support.deprecation_behavior", @context=#<ActiveSupport::Railtie:0x00007ffc9bb633a8 ...>, @options={:after=>"active_support.reset_all_current_attributes_instances", :group=>:default}, @block=#<Proc:0x00007ffc9bb62e08 /Users/dvalmyr/.asdf/installs/ruby/3.0.0/lib/ruby/gems/3.0.0/gems/activesupport-6.1.3.2/lib/active_support/railtie.rb:32>>, #<Rails::Initializable::Initializer:0x00007ffc9fa2d0e8 @name="active_support.initialize_time_zone", @context=#<ActiveSupport::Railtie:0x00007ffc9bb633a8 ...>, @options={:after=>"active_support.deprecation_behavior", :group=>:default}, @block=#<Proc:0x00007ffc9bb62d18 /Users/dvalmyr/.asdf/installs/ruby/3.0.0/lib/ruby/gems/3.0.0/gems/activesupport-6.1.3.2/lib/active_support/railtie.rb:48>>, #<Rails::Initializable::Initializer:0x00007ffc9fa2d098 @name="active_support.initialize_beginning_of_week", @context=#<ActiveSupport::Railtie:0x00007ffc9bb633a8 ...>, @options={:after=>"active_support.initialize_time_zone", :group=>:default}, @block=#<Proc:0x00007ffc9bb62c28 /Users/dvalmyr/.asdf/installs/ruby/3.0.0/lib/ruby/gems/3.0.0/gems/activesupport-6.1.3.2/lib/active_support/railtie.rb:60>>, #<Rails::Initializable::Initializer:0x00007ffc9fa2d048 @name="active_support.require_master_key", @context=#<ActiveSupport::Railtie:0x00007ffc9bb633a8 ...>, @options={:after=>"active_support.initialize_beginning_of_week", :group=>:default}, @block=#<Proc:0x00007ffc9bb62b38 /Users/dvalmyr/.asdf/installs/ruby/3.0.0/lib/ruby/gems/3.0.0/gems/activesupport-6.1.3.2/lib/active_support/railtie.rb:67>>, #<Rails::Initializable::Initializer:0x00007ffc9fa2cff8 @name="active_support.set_configs", @context=#<ActiveSupport::Railtie:0x00007ffc9bb633a8 ...>, @options={:after=>"active_support.require_master_key", :group=>:default}, @block=#<Proc:0x00007ffc9bb62a48 /Users/dvalmyr/.asdf/installs/ruby/3.0.0/lib/ruby/gems/3.0.0/gems/activesupport-6.1.3.2/lib/active_support/railtie.rb:78>>, #<Rails::Initializable::Initializer:0x00007ffc9fa2cfa8 @name="active_support.set_hash_digest_class", @context=#<ActiveSupport::Railtie:0x00007ffc9bb633a8 ...>, @options={:after=>"active_support.set_configs", :group=>:default}, @block=#<Proc:0x00007ffc9bb62958 /Users/dvalmyr/.asdf/installs/ruby/3.0.0/lib/ruby/gems/3.0.0/gems/activesupport-6.1.3.2/lib/active_support/railtie.rb:85>>]>, #<ActionDispatch::Railtie:0x00007ffc9bb6bbe8 @config=#<Rails::Railtie::Configuration:0x00007ffc9bb6bb20>, @initializers=[#<Rails::Initializable::Initializer:0x00007ffc9fa2cc10 @name="action_dispatch.configure", @context=#<ActionDispatch::Railtie:0x00007ffc9bb6bbe8 ...>, @options={:group=>:default}, @block=#<Proc:0x00007ffc9bb6a748 /Users/dvalmyr/.asdf/installs/ruby/3.0.0/lib/ruby/gems/3.0.0/gems/actionpack-6.1.3.2/lib/action_dispatch/railtie.rb:41>>]>, #<ActiveModel::Railtie:0x00007ffca01477e8 @config=#<Rails::Railtie::Configuration:0x00007ffca0147720>, @initializers=[#<Rails::Initializable::Initializer:0x00007ffc9fa2c8a0 @name="active_model.secure_password", @context=#<ActiveModel::Railtie:0x00007ffca01477e8 ...>, @options={:group=>:default}, @block=#<Proc:0x00007ffca0147568 /Users/dvalmyr/.asdf/installs/ruby/3.0.0/lib/ruby/gems/3.0.0/gems/activemodel-6.1.3.2/lib/active_model/railtie.rb:12>>, #<Rails::Initializable::Initializer:0x00007ffc9fa2c850 @name="active_model.i18n_customize_full_message", @context=#<ActiveModel::Railtie:0x00007ffca01477e8 ...>, @options={:after=>"active_model.secure_password", :group=>:default}, @block=#<Proc:0x00007ffca0147478 /Users/dvalmyr/.asdf/installs/ruby/3.0.0/lib/ruby/gems/3.0.0/gems/activemodel-6.1.3.2/lib/active_model/railtie.rb:16>>]>, #<ActionController::Railtie:0x00007ffc9e143870 @config=#<Rails::Railtie::Configuration:0x00007ffc9e1435a0>, @initializers=[#<Rails::Initializable::Initializer:0x00007ffc9fa2c490 @name="action_controller.assets_config", @context=#<ActionController::Railtie:0x00007ffc9e143870 ...>, @options={:group=>:all}, @block=#<Proc:0x00007ffc9e142d08 /Users/dvalmyr/.asdf/installs/ruby/3.0.0/lib/ruby/gems/3.0.0/gems/actionpack-6.1.3.2/lib/action_controller/railtie.rb:16>>, #<Rails::Initializable::Initializer:0x00007ffc9fa2c440 @name="action_controller.set_helpers_path", @context=#<ActionController::Railtie:0x00007ffc9e143870 ...>, @options={:after=>"action_controller.assets_config", :group=>:default}, @block=#<Proc:0x00007ffc9e142880 /Users/dvalmyr/.asdf/installs/ruby/3.0.0/lib/ruby/gems/3.0.0/gems/actionpack-6.1.3.2/lib/action_controller/railtie.rb:20>>, #<Rails::Initializable::Initializer:0x00007ffc9fa2c3f0 @name="action_controller.parameters_config", @context=#<ActionController::Railtie:0x00007ffc9e143870 ...>, @options={:after=>"action_controller.set_helpers_path", :group=>:default}, @block=#<Proc:0x00007ffc9e142470 /Users/dvalmyr/.asdf/installs/ruby/3.0.0/lib/ruby/gems/3.0.0/gems/actionpack-6.1.3.2/lib/action_controller/railtie.rb:24>>, #<Rails::Initializable::Initializer:0x00007ffc9fa2c3a0 @name="action_controller.set_configs", @context=#<ActionController::Railtie:0x00007ffc9e143870 ...>, @options={:after=>"action_controller.parameters_config", :group=>:default}, @block=#<Proc:0x00007ffc9e142100 /Users/dvalmyr/.asdf/installs/ruby/3.0.0/lib/ruby/gems/3.0.0/gems/actionpack-6.1.3.2/lib/action_controller/railtie.rb:39>>, #<Rails::Initializable::Initializer:0x00007ffc9fa2c350 @name="action_controller.compile_config_methods", @context=#<ActionController::Railtie:0x00007ffc9e143870 ...>, @options={:after=>"action_controller.set_configs", :group=>:default}, @block=#<Proc:0x00007ffc9e141cc8 /Users/dvalmyr/.asdf/installs/ruby/3.0.0/lib/ruby/gems/3.0.0/gems/actionpack-6.1.3.2/lib/action_controller/railtie.rb:69>>, #<Rails::Initializable::Initializer:0x00007ffc9fa2c300 @name="action_controller.request_forgery_protection", @context=#<ActionController::Railtie:0x00007ffc9e143870 ...>, @options={:after=>"action_controller.compile_config_methods", :group=>:default}, @block=#<Proc:0x00007ffc9e1416d8 /Users/dvalmyr/.asdf/installs/ruby/3.0.0/lib/ruby/gems/3.0.0/gems/actionpack-6.1.3.2/lib/action_controller/railtie.rb:75>>, #<Rails::Initializable::Initializer:0x00007ffc9fa2c2b0 @name="action_controller.eager_load_actions", @context=#<ActionController::Railtie:0x00007ffc9e143870 ...>, @options={:after=>"action_controller.request_forgery_protection", :group=>:default}, @block=#<Proc:0x00007ffc9e141278 /Users/dvalmyr/.asdf/installs/ruby/3.0.0/lib/ruby/gems/3.0.0/gems/actionpack-6.1.3.2/lib/action_controller/railtie.rb:83>>]>, #<ActiveRecord::Railtie:0x00007ffc9e13ba58 @config=#<Rails::Railtie::Configuration:0x00007ffc9e13b7b0>, @initializers=[#<Rails::Initializable::Initializer:0x00007ffca02dbeb0 @name="active_record.initialize_timezone", @context=#<ActiveRecord::Railtie:0x00007ffc9e13ba58 ...>, @options={:group=>:default}, @block=#<Proc:0x00007ffc9e132750 /Users/dvalmyr/.asdf/installs/ruby/3.0.0/lib/ruby/gems/3.0.0/gems/activerecord-6.1.3.2/lib/active_record/railtie.rb:70>>, #<Rails::Initializable::Initializer:0x00007ffca02dbe60 @name="active_record.logger", @context=#<ActiveRecord::Railtie:0x00007ffc9e13ba58 ...>, @options={:after=>"active_record.initialize_timezone", :group=>:default}, @block=#<Proc:0x00007ffc9e132368 /Users/dvalmyr/.asdf/installs/ruby/3.0.0/lib/ruby/gems/3.0.0/gems/activerecord-6.1.3.2/lib/active_record/railtie.rb:77>>, #<Rails::Initializable::Initializer:0x00007ffca02dbe10 @name="active_record.backtrace_cleaner", @context=#<ActiveRecord::Railtie:0x00007ffc9e13ba58 ...>, @options={:after=>"active_record.logger", :group=>:default}, @block=#<Proc:0x00007ffc9e1320c0 /Users/dvalmyr/.asdf/installs/ruby/3.0.0/lib/ruby/gems/3.0.0/gems/activerecord-6.1.3.2/lib/active_record/railtie.rb:81>>, #<Rails::Initializable::Initializer:0x00007ffca02dbdc0 @name="active_record.migration_error", @context=#<ActiveRecord::Railtie:0x00007ffc9e13ba58 ...>, @options={:after=>"active_record.backtrace_cleaner", :group=>:default}, @block=#<Proc:0x00007ffc9e131e18 /Users/dvalmyr/.asdf/installs/ruby/3.0.0/lib/ruby/gems/3.0.0/gems/activerecord-6.1.3.2/lib/active_record/railtie.rb:85>>, #<Rails::Initializable::Initializer:0x00007ffca02dbd70 @name="active_record.database_selector", @context=#<ActiveRecord::Railtie:0x00007ffc9e13ba58 ...>, @options={:after=>"active_record.migration_error", :group=>:default}, @block=#<Proc:0x00007ffc9e131b48 /Users/dvalmyr/.asdf/installs/ruby/3.0.0/lib/ruby/gems/3.0.0/gems/activerecord-6.1.3.2/lib/active_record/railtie.rb:93>>, #<Rails::Initializable::Initializer:0x00007ffca02dbd20 @name="Check for cache versioning support", @context=#<ActiveRecord::Railtie:0x00007ffc9e13ba58 ...>, @options={:after=>"active_record.database_selector", :group=>:default}, @block=#<Proc:0x00007ffc9e1315f8 /Users/dvalmyr/.asdf/installs/ruby/3.0.0/lib/ruby/gems/3.0.0/gems/activerecord-6.1.3.2/lib/active_record/railtie.rb:101>>, #<Rails::Initializable::Initializer:0x00007ffca02dbcd0 @name="active_record.check_schema_cache_dump", @context=#<ActiveRecord::Railtie:0x00007ffc9e13ba58 ...>, @options={:after=>"Check for cache versioning support", :group=>:default}, @block=#<Proc:0x00007ffc9e131418 /Users/dvalmyr/.asdf/installs/ruby/3.0.0/lib/ruby/gems/3.0.0/gems/activerecord-6.1.3.2/lib/active_record/railtie.rb:126>>, #<Rails::Initializable::Initializer:0x00007ffca02dbc80 @name="active_record.define_attribute_methods", @context=#<ActiveRecord::Railtie:0x00007ffc9e13ba58 ...>, @options={:after=>"active_record.check_schema_cache_dump", :group=>:default}, @block=#<Proc:0x00007ffc9e130fb8 /Users/dvalmyr/.asdf/installs/ruby/3.0.0/lib/ruby/gems/3.0.0/gems/activerecord-6.1.3.2/lib/active_record/railtie.rb:163>>, #<Rails::Initializable::Initializer:0x00007ffca02dbc30 @name="active_record.warn_on_records_fetched_greater_than", @context=#<ActiveRecord::Railtie:0x00007ffc9e13ba58 ...>, @options={:after=>"active_record.define_attribute_methods", :group=>:default}, @block=#<Proc:0x00007ffc9e130c98 /Users/dvalmyr/.asdf/installs/ruby/3.0.0/lib/ruby/gems/3.0.0/gems/activerecord-6.1.3.2/lib/active_record/railtie.rb:196>>, #<Rails::Initializable::Initializer:0x00007ffca02dbbe0 @name="active_record.set_configs", @context=#<ActiveRecord::Railtie:0x00007ffc9e13ba58 ...>, @options={:after=>"active_record.warn_on_records_fetched_greater_than", :group=>:default}, @block=#<Proc:0x00007ffc9e1306d0 /Users/dvalmyr/.asdf/installs/ruby/3.0.0/lib/ruby/gems/3.0.0/gems/activerecord-6.1.3.2/lib/active_record/railtie.rb:204>>, #<Rails::Initializable::Initializer:0x00007ffca02dbb90 @name="active_record.initialize_database", @context=#<ActiveRecord::Railtie:0x00007ffc9e13ba58 ...>, @options={:after=>"active_record.set_configs", :group=>:default}, @block=#<Proc:0x00007ffc9e130310 /Users/dvalmyr/.asdf/installs/ruby/3.0.0/lib/ruby/gems/3.0.0/gems/activerecord-6.1.3.2/lib/active_record/railtie.rb:216>>, #<Rails::Initializable::Initializer:0x00007ffca02dbb40 @name="active_record.log_runtime", @context=#<ActiveRecord::Railtie:0x00007ffc9e13ba58 ...>, @options={:after=>"active_record.initialize_database", :group=>:default}, @block=#<Proc:0x00007ffc9e12bba8 /Users/dvalmyr/.asdf/installs/ruby/3.0.0/lib/ruby/gems/3.0.0/gems/activerecord-6.1.3.2/lib/active_record/railtie.rb:227>>, #<Rails::Initializable::Initializer:0x00007ffca02dbaf0 @name="active_record.set_reloader_hooks", @context=#<ActiveRecord::Railtie:0x00007ffc9e13ba58 ...>, @options={:after=>"active_record.log_runtime", :group=>:default}, @block=#<Proc:0x00007ffc9e12b978 /Users/dvalmyr/.asdf/installs/ruby/3.0.0/lib/ruby/gems/3.0.0/gems/activerecord-6.1.3.2/lib/active_record/railtie.rb:234>>, #<Rails::Initializable::Initializer:0x00007ffca02dbaa0 @name="active_record.set_executor_hooks", @context=#<ActiveRecord::Railtie:0x00007ffc9e13ba58 ...>, @options={:after=>"active_record.set_reloader_hooks", :group=>:default}, @block=#<Proc:0x00007ffc9e12b4f0 /Users/dvalmyr/.asdf/installs/ruby/3.0.0/lib/ruby/gems/3.0.0/gems/activerecord-6.1.3.2/lib/active_record/railtie.rb:245>>, #<Rails::Initializable::Initializer:0x00007ffca02dba50 @name="active_record.add_watchable_files", @context=#<ActiveRecord::Railtie:0x00007ffc9e13ba58 ...>, @options={:after=>"active_record.set_executor_hooks", :group=>:default}, @block=#<Proc:0x00007ffc9e12af78 /Users/dvalmyr/.asdf/installs/ruby/3.0.0/lib/ruby/gems/3.0.0/gems/activerecord-6.1.3.2/lib/active_record/railtie.rb:249>>, #<Rails::Initializable::Initializer:0x00007ffca02dba00 @name="active_record.clear_active_connections", @context=#<ActiveRecord::Railtie:0x00007ffc9e13ba58 ...>, @options={:after=>"active_record.add_watchable_files", :group=>:default}, @block=#<Proc:0x00007ffc9e12a1e0 /Users/dvalmyr/.asdf/installs/ruby/3.0.0/lib/ruby/gems/3.0.0/gems/activerecord-6.1.3.2/lib/active_record/railtie.rb:254>>, #<Rails::Initializable::Initializer:0x00007ffca02db9b0 @name="active_record.set_filter_attributes", @context=#<ActiveRecord::Railtie:0x00007ffc9e13ba58 ...>, @options={:after=>"active_record.clear_active_connections", :group=>:default}, @block=#<Proc:0x00007ffc9e129ad8 /Users/dvalmyr/.asdf/installs/ruby/3.0.0/lib/ruby/gems/3.0.0/gems/activerecord-6.1.3.2/lib/active_record/railtie.rb:271>>, #<Rails::Initializable::Initializer:0x00007ffca02db960 @name="active_record.set_signed_id_verifier_secret", @context=#<ActiveRecord::Railtie:0x00007ffc9e13ba58 ...>, @options={:after=>"active_record.set_filter_attributes", :group=>:default}, @block=#<Proc:0x00007ffc9e128930 /Users/dvalmyr/.asdf/installs/ruby/3.0.0/lib/ruby/gems/3.0.0/gems/activerecord-6.1.3.2/lib/active_record/railtie.rb:277>>]>, #<GlobalID::Railtie:0x00007ffc9bb13f60 @config=#<Rails::Railtie::Configuration:0x00007ffc9bb13d80>, @initializers=[#<Rails::Initializable::Initializer:0x00007ffca02db5c8 @name="global_id", @context=#<GlobalID::Railtie:0x00007ffc9bb13f60 ...>, @options={:group=>:default}, @block=#<Proc:0x00007ffc9bb131a0 /Users/dvalmyr/.asdf/installs/ruby/3.0.0/lib/ruby/gems/3.0.0/gems/globalid-0.4.2/lib/global_id/railtie.rb:16>>]>, #<ActiveJob::Railtie:0x00007ffc9bb08b10 @config=#<Rails::Railtie::Configuration:0x00007ffc9bb08890>, @initializers=[#<Rails::Initializable::Initializer:0x00007ffca02db208 @name="active_job.logger", @context=#<ActiveJob::Railtie:0x00007ffc9bb08b10 ...>, @options={:group=>:default}, @block=#<Proc:0x00007ffc9bb080e8 /Users/dvalmyr/.asdf/installs/ruby/3.0.0/lib/ruby/gems/3.0.0/gems/activejob-6.1.3.2/lib/active_job/railtie.rb:12>>, #<Rails::Initializable::Initializer:0x00007ffca02db1b8 @name="active_job.custom_serializers", @context=#<ActiveJob::Railtie:0x00007ffc9bb08b10 ...>, @options={:after=>"active_job.logger", :group=>:default}, @block=#<Proc:0x00007ffc9e193be0 /Users/dvalmyr/.asdf/installs/ruby/3.0.0/lib/ruby/gems/3.0.0/gems/activejob-6.1.3.2/lib/active_job/railtie.rb:16>>, #<Rails::Initializable::Initializer:0x00007ffca02db168 @name="active_job.set_configs", @context=#<ActiveJob::Railtie:0x00007ffc9bb08b10 ...>, @options={:after=>"active_job.custom_serializers", :group=>:default}, @block=#<Proc:0x00007ffc9e191b10 /Users/dvalmyr/.asdf/installs/ruby/3.0.0/lib/ruby/gems/3.0.0/gems/activejob-6.1.3.2/lib/active_job/railtie.rb:23>>, #<Rails::Initializable::Initializer:0x00007ffca02db118 @name="active_job.set_reloader_hook", @context=#<ActiveJob::Railtie:0x00007ffc9bb08b10 ...>, @options={:after=>"active_job.set_configs", :group=>:default}, @block=#<Proc:0x00007ffc9e1916d8 /Users/dvalmyr/.asdf/installs/ruby/3.0.0/lib/ruby/gems/3.0.0/gems/activejob-6.1.3.2/lib/active_job/railtie.rb:43>>]>, #<ActionMailer::Railtie:0x00007ffca024f1b8 @config=#<Rails::Railtie::Configuration:0x00007ffca024f0f0>, @initializers=[#<Rails::Initializable::Initializer:0x00007ffca02dad30 @name="action_mailer.logger", @context=#<ActionMailer::Railtie:0x00007ffca024f1b8 ...>, @options={:group=>:default}, @block=#<Proc:0x00007ffca024ef60 /Users/dvalmyr/.asdf/installs/ruby/3.0.0/lib/ruby/gems/3.0.0/gems/actionmailer-6.1.3.2/lib/action_mailer/railtie.rb:13>>, #<Rails::Initializable::Initializer:0x00007ffca02dace0 @name="action_mailer.set_configs", @context=#<ActionMailer::Railtie:0x00007ffca024f1b8 ...>, @options={:after=>"action_mailer.logger", :group=>:default}, @block=#<Proc:0x00007ffca024ee70 /Users/dvalmyr/.asdf/installs/ruby/3.0.0/lib/ruby/gems/3.0.0/gems/actionmailer-6.1.3.2/lib/action_mailer/railtie.rb:17>>, #<Rails::Initializable::Initializer:0x00007ffca02dac90 @name="action_mailer.set_autoload_paths", @context=#<ActionMailer::Railtie:0x00007ffca024f1b8 ...>, @options={:after=>"action_mailer.set_configs", :group=>:default}, @block=#<Proc:0x00007ffca024ed80 /Users/dvalmyr/.asdf/installs/ruby/3.0.0/lib/ruby/gems/3.0.0/gems/actionmailer-6.1.3.2/lib/action_mailer/railtie.rb:57>>, #<Rails::Initializable::Initializer:0x00007ffca02dac40 @name="action_mailer.compile_config_methods", @context=#<ActionMailer::Railtie:0x00007ffca024f1b8 ...>, @options={:after=>"action_mailer.set_autoload_paths", :group=>:default}, @block=#<Proc:0x00007ffca024ec90 /Users/dvalmyr/.asdf/installs/ruby/3.0.0/lib/ruby/gems/3.0.0/gems/actionmailer-6.1.3.2/lib/action_mailer/railtie.rb:65>>, #<Rails::Initializable::Initializer:0x00007ffca02dabf0 @name="action_mailer.eager_load_actions", @context=#<ActionMailer::Railtie:0x00007ffca024f1b8 ...>, @options={:after=>"action_mailer.compile_config_methods", :group=>:default}, @block=#<Proc:0x00007ffca024eba0 /Users/dvalmyr/.asdf/installs/ruby/3.0.0/lib/ruby/gems/3.0.0/gems/actionmailer-6.1.3.2/lib/action_mailer/railtie.rb:71>>]>, #<Rails::TestUnitRailtie:0x00007ffc9bc94970 @config=#<Rails::Railtie::Configuration:0x00007ffc9bc94880>, @initializers=[#<Rails::Initializable::Initializer:0x00007ffca02da858 @name="test_unit.line_filtering", @context=#<Rails::TestUnitRailtie:0x00007ffc9bc94970 ...>, @options={:group=>:default}, @block=#<Proc:0x00007ffc9bc94588 /Users/dvalmyr/.asdf/installs/ruby/3.0.0/lib/ruby/gems/3.0.0/gems/railties-6.1.3.2/lib/rails/test_unit/railtie.rb:19>>]>, #<Sprockets::Railtie:0x00007ffc9e3a0dc0 @config=#<Rails::Railtie::Configuration:0x00007ffc9e3a0cd0>, @initializers=[#<Rails::Initializable::Initializer:0x00007ffca02da4e8 @name=:set_default_precompile, @context=#<Sprockets::Railtie:0x00007ffc9e3a0dc0 ...>, @options={:group=>:default}, @block=#<Proc:0x00007ffc9e3a0398 /Users/dvalmyr/.asdf/installs/ruby/3.0.0/lib/ruby/gems/3.0.0/gems/sprockets-rails-3.2.2/lib/sprockets/railtie.rb:104>>, #<Rails::Initializable::Initializer:0x00007ffca02da498 @name=:quiet_assets, @context=#<Sprockets::Railtie:0x00007ffc9e3a0dc0 ...>, @options={:after=>:set_default_precompile, :group=>:default}, @block=#<Proc:0x00007ffc9e3a0280 /Users/dvalmyr/.asdf/installs/ruby/3.0.0/lib/ruby/gems/3.0.0/gems/sprockets-rails-3.2.2/lib/sprockets/railtie.rb:113>>]>, #<SassC::Rails::Railtie:0x00007ffc9e1e8b40 @config=#<Rails::Railtie::Configuration:0x00007ffc9e1e86b8>, @initializers=[#<Rails::Initializable::Initializer:0x00007ffca02da128 @name=:setup_sass, @context=#<SassC::Rails::Railtie:0x00007ffc9e1e8b40 ...>, @options={:group=>:all}, @block=#<Proc:0x00007ffc9e1e2088 /Users/dvalmyr/.asdf/installs/ruby/3.0.0/lib/ruby/gems/3.0.0/gems/sassc-rails-2.1.2/lib/sassc/rails/railtie.rb:34>>, #<Rails::Initializable::Initializer:0x00007ffca02da0d8 @name=:setup_compression, @context=#<SassC::Rails::Railtie:0x00007ffc9e1e8b40 ...>, @options={:group=>:all, :after=>:setup_sass}, @block=#<Proc:0x00007ffc9e1e1bb0 /Users/dvalmyr/.asdf/installs/ruby/3.0.0/lib/ruby/gems/3.0.0/gems/sassc-rails-2.1.2/lib/sassc/rails/railtie.rb:72>>]>, #<Jbuilder::Railtie:0x00007ffc9fa2e358 @initializers=[#<Rails::Initializable::Initializer:0x00007ffca02d9d68 @name=:jbuilder, @context=#<Jbuilder::Railtie:0x00007ffc9fa2e358 ...>, @options={:group=>:default}, @block=#<Proc:0x00007ffc9e2d4c48 /Users/dvalmyr/.asdf/installs/ruby/3.0.0/lib/ruby/gems/3.0.0/gems/jbuilder-2.11.2/lib/jbuilder/railtie.rb:6>>]>, #<WebConsole::Railtie:0x00007ffc9bbb7318 @config=#<Rails::Railtie::Configuration:0x00007ffc9bbb7200>, @initializers=[#<Rails::Initializable::Initializer:0x00007ffca02d99a8 @name="web_console.initialize", @context=#<WebConsole::Railtie:0x00007ffc9bbb7318 ...>, @options={:group=>:default}, @block=#<Proc:0x00007ffc9bbb6ff8 /Users/dvalmyr/.asdf/installs/ruby/3.0.0/lib/ruby/gems/3.0.0/gems/web-console-4.1.0/lib/web_console/railtie.rb:9>>, #<Rails::Initializable::Initializer:0x00007ffca02d9958 @name="web_console.development_only", @context=#<WebConsole::Railtie:0x00007ffc9bbb7318 ...>, @options={:after=>"web_console.initialize", :group=>:default}, @block=#<Proc:0x00007ffc9bbb6e68 /Users/dvalmyr/.asdf/installs/ruby/3.0.0/lib/ruby/gems/3.0.0/gems/web-console-4.1.0/lib/web_console/railtie.rb:16>>, #<Rails::Initializable::Initializer:0x00007ffca02d9908 @name="web_console.insert_middleware", @context=#<WebConsole::Railtie:0x00007ffc9bbb7318 ...>, @options={:after=>"web_console.development_only", :group=>:default}, @block=#<Proc:0x00007ffc9bbb6cb0 /Users/dvalmyr/.asdf/installs/ruby/3.0.0/lib/ruby/gems/3.0.0/gems/web-console-4.1.0/lib/web_console/railtie.rb:34>>, #<Rails::Initializable::Initializer:0x00007ffca02d98b8 @name="web_console.mount_point", @context=#<WebConsole::Railtie:0x00007ffc9bbb7318 ...>, @options={:after=>"web_console.insert_middleware", :group=>:default}, @block=#<Proc:0x00007ffc9bbb6af8 /Users/dvalmyr/.asdf/installs/ruby/3.0.0/lib/ruby/gems/3.0.0/gems/web-console-4.1.0/lib/web_console/railtie.rb:38>>, #<Rails::Initializable::Initializer:0x00007ffca02d9868 @name="web_console.template_paths", @context=#<WebConsole::Railtie:0x00007ffc9bbb7318 ...>, @options={:after=>"web_console.mount_point", :group=>:default}, @block=#<Proc:0x00007ffc9bbb6990 /Users/dvalmyr/.asdf/installs/ruby/3.0.0/lib/ruby/gems/3.0.0/gems/web-console-4.1.0/lib/web_console/railtie.rb:48>>, #<Rails::Initializable::Initializer:0x00007ffca02d9818 @name="web_console.permissions", @context=#<WebConsole::Railtie:0x00007ffc9bbb7318 ...>, @options={:after=>"web_console.template_paths", :group=>:default}, @block=#<Proc:0x00007ffc9bbb6788 /Users/dvalmyr/.asdf/installs/ruby/3.0.0/lib/ruby/gems/3.0.0/gems/web-console-4.1.0/lib/web_console/railtie.rb:54>>, #<Rails::Initializable::Initializer:0x00007ffca02d97c8 @name="web_console.whiny_requests", @context=#<WebConsole::Railtie:0x00007ffc9bbb7318 ...>, @options={:after=>"web_console.permissions", :group=>:default}, @block=#<Proc:0x00007ffc9bbb65d0 /Users/dvalmyr/.asdf/installs/ruby/3.0.0/lib/ruby/gems/3.0.0/gems/web-console-4.1.0/lib/web_console/railtie.rb:74>>, #<Rails::Initializable::Initializer:0x00007ffca02d9778 @name="i18n.load_path", @context=#<WebConsole::Railtie:0x00007ffc9bbb7318 ...>, @options={:after=>"web_console.whiny_requests", :group=>:default}, @block=#<Proc:0x00007ffc9bbb6418 /Users/dvalmyr/.asdf/installs/ruby/3.0.0/lib/ruby/gems/3.0.0/gems/web-console-4.1.0/lib/web_console/railtie.rb:80>>]>, #<Rack::MiniProfilerRails::Railtie:0x00007ffc9f9a5850 @config=#<Rails::Railtie::Configuration:0x00007ffc9f9a5710>, @initializers=[#<Rails::Initializable::Initializer:0x00007ffca02d93e0 @name="rack_mini_profiler.configure_rails_initialization", @context=#<Rack::MiniProfilerRails::Railtie:0x00007ffc9f9a5850 ...>, @options={:group=>:default}, @block=#<Proc:0x00007ffc9f9a5a58 /Users/dvalmyr/.asdf/installs/ruby/3.0.0/lib/ruby/gems/3.0.0/gems/rack-mini-profiler-2.3.2/lib/mini_profiler_rails/railtie.rb:168>>]>, #<OmniAuth::RailsCsrfProtection::Railtie:0x00007ffc9fa2e2b8 @initializers=[#<Rails::Initializable::Initializer:0x00007ffca02d9070 @name="omniauth-rails_csrf_protection.initialize", @context=#<OmniAuth::RailsCsrfProtection::Railtie:0x00007ffc9fa2e2b8 ...>, @options={:group=>:default}, @block=#<Proc:0x00007ffc9e86d998 /Users/dvalmyr/.asdf/installs/ruby/3.0.0/lib/ruby/gems/3.0.0/gems/omniauth-rails_csrf_protection-1.0.0/lib/omniauth/rails_csrf_protection/railtie.rb:6>>]>, #<ActionView::Railtie:0x00007ffca0080030 @_all_autoload_paths=[], @_all_load_paths=["/Users/dvalmyr/.asdf/installs/ruby/3.0.0/lib/ruby/gems/3.0.0/gems/actionview-6.1.3.2/lib"], @app=nil, @config=#<Rails::Engine::Configuration:0x00007ffc9e151330 @root=#<Pathname:/Users/dvalmyr/.asdf/installs/ruby/3.0.0/lib/ruby/gems/3.0.0/gems/actionview-6.1.3.2>, @generators=#<Rails::Configuration::Generators:0x00007ffc9e150ca0 @aliases={}, @options={}, @fallbacks={}, @templates=[], @colorize_logging=true, @api_only=false, @hidden_namespaces=["sass"], @after_generate_callbacks=[]>, @middleware=#<Rails::Configuration::MiddlewareStackProxy:0x00007ffc9e1509a8 @operations=[], @delete_operations=[]>, @javascript_path="javascript", @paths=#<Rails::Paths::Root:0x00007ffc9bd17578 @path=#<Pathname:/Users/dvalmyr/.asdf/installs/ruby/3.0.0/lib/ruby/gems/3.0.0/gems/actionview-6.1.3.2>, @root={"app"=>#<Rails::Paths::Path:0x00007ffc9bd173e8 @paths=["app"], @current="app", @root=#<Rails::Paths::Root:0x00007ffc9bd17578 ...>, @glob="{*,*/concerns}", @exclude=["assets", "javascript"], @autoload_once=false, @eager_load=true, @autoload=false, @load_path=false>, "app/assets"=>#<Rails::Paths::Path:0x00007ffc9bd172a8 @paths=["app/assets"], @current="app/assets", @root=#<Rails::Paths::Root:0x00007ffc9bd17578 ...>, @glob="*", @exclude=nil, @autoload_once=false, @eager_load=false, @autoload=false, @load_path=false>, "app/controllers"=>#<Rails::Paths::Path:0x00007ffc9bd171e0 @paths=["app/controllers"], @current="app/controllers", @root=#<Rails::Paths::Root:0x00007ffc9bd17578 ...>, @glob=nil, @exclude=nil, @autoload_once=false, @eager_load=true, @autoload=false, @load_path=false>, "app/channels"=>#<Rails::Paths::Path:0x00007ffc9bd17140 @paths=["app/channels"], @current="app/channels", @root=#<Rails::Paths::Root:0x00007ffc9bd17578 ...>, @glob="**/*_channel.rb", @exclude=nil, @autoload_once=false, @eager_load=true, @autoload=false, @load_path=false>, "app/helpers"=>#<Rails::Paths::Path:0x00007ffc9bd170a0 @paths=["app/helpers"], @current="app/helpers", @root=#<Rails::Paths::Root:0x00007ffc9bd17578 ...>, @glob=nil, @exclude=nil, @autoload_once=false, @eager_load=true, @autoload=false, @load_path=false>, "app/models"=>#<Rails::Paths::Path:0x00007ffc9bd17000 @paths=["app/models"], @current="app/models", @root=#<Rails::Paths::Root:0x00007ffc9bd17578 ...>, @glob=nil, @exclude=nil, @autoload_once=false, @eager_load=true, @autoload=false, @load_path=false>, "app/mailers"=>#<Rails::Paths::Path:0x00007ffc9bd16f60 @paths=["app/mailers"], @current="app/mailers", @root=#<Rails::Paths::Root:0x00007ffc9bd17578 ...>, @glob=nil, @exclude=nil, @autoload_once=false, @eager_load=true, @autoload=false, @load_path=false>, "app/views"=>#<Rails::Paths::Path:0x00007ffc9bd16ec0 @paths=["app/views"], @current="app/views", @root=#<Rails::Paths::Root:0x00007ffc9bd17578 ...>, @glob=nil, @exclude=nil, @autoload_once=false, @eager_load=false, @autoload=false, @load_path=false>, "lib"=>#<Rails::Paths::Path:0x00007ffc9bd16e20 @paths=["lib"], @current="lib", @root=#<Rails::Paths::Root:0x00007ffc9bd17578 ...>, @glob=nil, @exclude=nil, @autoload_once=false, @eager_load=false, @autoload=false, @load_path=true>, "lib/assets"=>#<Rails::Paths::Path:0x00007ffc9bd16d58 @paths=["lib/assets"], @current="lib/assets", @root=#<Rails::Paths::Root:0x00007ffc9bd17578 ...>, @glob="*", @exclude=nil, @autoload_once=false, @eager_load=false, @autoload=false, @load_path=false>, "lib/tasks"=>#<Rails::Paths::Path:0x00007ffc9bd16cb8 @paths=["lib/tasks"], @current="lib/tasks", @root=#<Rails::Paths::Root:0x00007ffc9bd17578 ...>, @glob="**/*.rake", @exclude=nil, @autoload_once=false, @eager_load=false, @autoload=false, @load_path=false>, "config"=>#<Rails::Paths::Path:0x00007ffc9bd16c40 @paths=["config"], @current="config", @root=#<Rails::Paths::Root:0x00007ffc9bd17578 ...>, @glob=nil, @exclude=nil, @autoload_once=false, @eager_load=false, @autoload=false, @load_path=false>, "config/environments"=>#<Rails::Paths::Path:0x00007ffc9bd16b78 @paths=["config/environments"], @current="config/environments", @root=#<Rails::Paths::Root:0x00007ffc9bd17578 ...>, @glob="development.rb", @exclude=nil, @autoload_once=false, @eager_load=false, @autoload=false, @load_path=false>, "config/initializers"=>#<Rails::Paths::Path:0x00007ffc9bd16ad8 @paths=["config/initializers"], @current="config/initializers", @root=#<Rails::Paths::Root:0x00007ffc9bd17578 ...>, @glob="**/*.rb", @exclude=nil, @autoload_once=false, @eager_load=false, @autoload=false, @load_path=false>, "config/locales"=>#<Rails::Paths::Path:0x00007ffc9bd16a38 @paths=["config/locales"], @current="config/locales", @root=#<Rails::Paths::Root:0x00007ffc9bd17578 ...>, @glob="*.{rb,yml}", @exclude=nil, @autoload_once=false, @eager_load=false, @autoload=false, @load_path=false>, "config/routes.rb"=>#<Rails::Paths::Path:0x00007ffc9bd169c0 @paths=["config/routes.rb"], @current="config/routes.rb", @root=#<Rails::Paths::Root:0x00007ffc9bd17578 ...>, @glob=nil, @exclude=nil, @autoload_once=false, @eager_load=false, @autoload=false, @load_path=false>, "config/routes"=>#<Rails::Paths::Path:0x00007ffc9bd16920 @paths=["config/routes"], @current="config/routes", @root=#<Rails::Paths::Root:0x00007ffc9bd17578 ...>, @glob="**/*.rb", @exclude=nil, @autoload_once=false, @eager_load=false, @autoload=false, @load_path=false>, "db"=>#<Rails::Paths::Path:0x00007ffc9bd168a8 @paths=["db"], @current="db", @root=#<Rails::Paths::Root:0x00007ffc9bd17578 ...>, @glob=nil, @exclude=nil, @autoload_once=false, @eager_load=false, @autoload=false, @load_path=false>, "db/migrate"=>#<Rails::Paths::Path:0x00007ffc9bd16830 @paths=["db/migrate"], @current="db/migrate", @root=#<Rails::Paths::Root:0x00007ffc9bd17578 ...>, @glob=nil, @exclude=nil, @autoload_once=false, @eager_load=false, @autoload=false, @load_path=false>, "db/seeds.rb"=>#<Rails::Paths::Path:0x00007ffc9bd167b8 @paths=["db/seeds.rb"], @current="db/seeds.rb", @root=#<Rails::Paths::Root:0x00007ffc9bd17578 ...>, @glob=nil, @exclude=nil, @autoload_once=false, @eager_load=false, @autoload=false, @load_path=false>, "vendor"=>#<Rails::Paths::Path:0x00007ffc9bd16718 @paths=["vendor"], @current="vendor", @root=#<Rails::Paths::Root:0x00007ffc9bd17578 ...>, @glob=nil, @exclude=nil, @autoload_once=false, @eager_load=false, @autoload=false, @load_path=true>, "vendor/assets"=>#<Rails::Paths::Path:0x00007ffc9bd16678 @paths=["vendor/assets"], @current="vendor/assets", @root=#<Rails::Paths::Root:0x00007ffc9bd17578 ...>, @glob="*", @exclude=nil, @autoload_once=false, @eager_load=false, @autoload=false, @load_path=false>}>, @autoload_paths=[], @eager_load_paths=[], @autoload_once_paths=[]>, @env_config=nil, @helpers=nil, @routes=#<ActionDispatch::Routing::RouteSet:0x00007ffc9e5b3ce8>, @app_build_lock=#<Thread::Mutex:0x00007ffc9badfdc8>, @initializers=[#<Rails::Initializable::Initializer:0x00007ffca02d8be8 @name=:load_environment_config, @context=#<ActionView::Railtie:0x00007ffca0080030 ...>, @options={:before=>:load_environment_hook, :group=>:all}, @block=#<Proc:0x00007ffc9e1d0ef0 /Users/dvalmyr/.asdf/installs/ruby/3.0.0/lib/ruby/gems/3.0.0/gems/railties-6.1.3.2/lib/rails/engine.rb:569>>, #<Rails::Initializable::Initializer:0x00007ffca02d8b98 @name=:set_load_path, @context=#<ActionView::Railtie:0x00007ffca0080030 ...>, @options={:before=>:bootstrap_hook, :after=>:load_environment_config, :group=>:default}, @block=#<Proc:0x00007ffc9e1d0d10 /Users/dvalmyr/.asdf/installs/ruby/3.0.0/lib/ruby/gems/3.0.0/gems/railties-6.1.3.2/lib/rails/engine.rb:575>>, #<Rails::Initializable::Initializer:0x00007ffca02d8b48 @name=:set_autoload_paths, @context=#<ActionView::Railtie:0x00007ffca0080030 ...>, @options={:before=>:bootstrap_hook, :after=>:set_load_path, :group=>:default}, @block=#<Proc:0x00007ffc9e1d0b80 /Users/dvalmyr/.asdf/installs/ruby/3.0.0/lib/ruby/gems/3.0.0/gems/railties-6.1.3.2/lib/rails/engine.rb:587>>, #<Rails::Initializable::Initializer:0x00007ffca02d8af8 @name=:set_eager_load_paths, @context=#<ActionView::Railtie:0x00007ffca0080030 ...>, @options={:before=>:bootstrap_hook, :after=>:set_autoload_paths, :group=>:default}, @block=#<Proc:0x00007ffc9e1d0a68 /Users/dvalmyr/.asdf/installs/ruby/3.0.0/lib/ruby/gems/3.0.0/gems/railties-6.1.3.2/lib/rails/engine.rb:595>>, #<Rails::Initializable::Initializer:0x00007ffca02d8aa8 @name=:add_routing_paths, @context=#<ActionView::Railtie:0x00007ffca0080030 ...>, @options={:after=>:set_eager_load_paths, :group=>:default}, @block=#<Proc:0x00007ffc9e1d0950 /Users/dvalmyr/.asdf/installs/ruby/3.0.0/lib/ruby/gems/3.0.0/gems/railties-6.1.3.2/lib/rails/engine.rb:600>>, #<Rails::Initializable::Initializer:0x00007ffca02d8a58 @name=:add_locales, @context=#<ActionView::Railtie:0x00007ffca0080030 ...>, @options={:after=>:add_routing_paths, :group=>:default}, @block=#<Proc:0x00007ffc9e1d0838 /Users/dvalmyr/.asdf/installs/ruby/3.0.0/lib/ruby/gems/3.0.0/gems/railties-6.1.3.2/lib/rails/engine.rb:614>>, #<Rails::Initializable::Initializer:0x00007ffca02d8a08 @name=:add_view_paths, @context=#<ActionView::Railtie:0x00007ffca0080030 ...>, @options={:after=>:add_locales, :group=>:default}, @block=#<Proc:0x00007ffc9e1d0748 /Users/dvalmyr/.asdf/installs/ruby/3.0.0/lib/ruby/gems/3.0.0/gems/railties-6.1.3.2/lib/rails/engine.rb:618>>, #<Rails::Initializable::Initializer:0x00007ffca02d89b8 @name=:prepend_helpers_path, @context=#<ActionView::Railtie:0x00007ffca0080030 ...>, @options={:after=>:add_view_paths, :group=>:default}, @block=#<Proc:0x00007ffc9e1d0658 /Users/dvalmyr/.asdf/installs/ruby/3.0.0/lib/ruby/gems/3.0.0/gems/railties-6.1.3.2/lib/rails/engine.rb:626>>, #<Rails::Initializable::Initializer:0x00007ffca02d8968 @name=:load_config_initializers, @context=#<ActionView::Railtie:0x00007ffca0080030 ...>, @options={:after=>:prepend_helpers_path, :group=>:default}, @block=#<Proc:0x00007ffc9e1d0568 /Users/dvalmyr/.asdf/installs/ruby/3.0.0/lib/ruby/gems/3.0.0/gems/railties-6.1.3.2/lib/rails/engine.rb:632>>, #<Rails::Initializable::Initializer:0x00007ffca02d8918 @name=:wrap_executor_around_load_seed, @context=#<ActionView::Railtie:0x00007ffca0080030 ...>, @options={:after=>:load_config_initializers, :group=>:default}, @block=#<Proc:0x00007ffc9e1d0478 /Users/dvalmyr/.asdf/installs/ruby/3.0.0/lib/ruby/gems/3.0.0/gems/railties-6.1.3.2/lib/rails/engine.rb:638>>, #<Rails::Initializable::Initializer:0x00007ffca02d88c8 @name=:engines_blank_point, @context=#<ActionView::Railtie:0x00007ffca0080030 ...>, @options={:after=>:wrap_executor_around_load_seed, :group=>:default}, @block=#<Proc:0x00007ffc9e1d0388 /Users/dvalmyr/.asdf/installs/ruby/3.0.0/lib/ruby/gems/3.0.0/gems/railties-6.1.3.2/lib/rails/engine.rb:644>>, #<Rails::Initializable::Initializer:0x00007ffca02d8878 @name=:append_assets_path, @context=#<ActionView::Railtie:0x00007ffca0080030 ...>, @options={:group=>:all, :after=>:engines_blank_point}, @block=#<Proc:0x00007ffc9e3a14c8 /Users/dvalmyr/.asdf/installs/ruby/3.0.0/lib/ruby/gems/3.0.0/gems/sprockets-rails-3.2.2/lib/sprockets/railtie.rb:57>>, #<Rails::Initializable::Initializer:0x00007ffca02d8828 @name="action_view.logger", @context=#<ActionView::Railtie:0x00007ffca0080030 ...>, @options={:group=>:default}, @block=#<Proc:0x00007ffc9e14a530 /Users/dvalmyr/.asdf/installs/ruby/3.0.0/lib/ruby/gems/3.0.0/gems/actionview-6.1.3.2/lib/action_view/railtie.rb:58>>, #<Rails::Initializable::Initializer:0x00007ffca02d87d8 @name="action_view.caching", @context=#<ActionView::Railtie:0x00007ffca0080030 ...>, @options={:after=>"action_view.logger", :group=>:default}, @block=#<Proc:0x00007ffc9e14a0f8 /Users/dvalmyr/.asdf/installs/ruby/3.0.0/lib/ruby/gems/3.0.0/gems/actionview-6.1.3.2/lib/action_view/railtie.rb:62>>, #<Rails::Initializable::Initializer:0x00007ffca02d8788 @name="action_view.setup_action_pack", @context=#<ActionView::Railtie:0x00007ffca0080030 ...>, @options={:after=>"action_view.caching", :group=>:default}, @block=#<Proc:0x00007ffc9e149d38 /Users/dvalmyr/.asdf/installs/ruby/3.0.0/lib/ruby/gems/3.0.0/gems/actionview-6.1.3.2/lib/action_view/railtie.rb:70>>, #<Rails::Initializable::Initializer:0x00007ffca02d8738 @name="action_view.collection_caching", @context=#<ActionView::Railtie:0x00007ffca0080030 ...>, @options={:after=>"action_controller.set_configs", :group=>:default}, @block=#<Proc:0x00007ffc9e149518 /Users/dvalmyr/.asdf/installs/ruby/3.0.0/lib/ruby/gems/3.0.0/gems/actionview-6.1.3.2/lib/action_view/railtie.rb:76>>]>, #<ActiveStorage::Engine:0x00007ffc9bb1a4f0 @_all_autoload_paths=["/Users/dvalmyr/.asdf/installs/ruby/3.0.0/lib/ruby/gems/3.0.0/gems/activestorage-6.1.3.2/app/controllers", "/Users/dvalmyr/.asdf/installs/ruby/3.0.0/lib/ruby/gems/3.0.0/gems/activestorage-6.1.3.2/app/controllers/concerns", "/Users/dvalmyr/.asdf/installs/ruby/3.0.0/lib/ruby/gems/3.0.0/gems/activestorage-6.1.3.2/app/jobs", "/Users/dvalmyr/.asdf/installs/ruby/3.0.0/lib/ruby/gems/3.0.0/gems/activestorage-6.1.3.2/app/models"], @_all_load_paths=["/Users/dvalmyr/.asdf/installs/ruby/3.0.0/lib/ruby/gems/3.0.0/gems/activestorage-6.1.3.2/lib", "/Users/dvalmyr/.asdf/installs/ruby/3.0.0/lib/ruby/gems/3.0.0/gems/activestorage-6.1.3.2/app/controllers", "/Users/dvalmyr/.asdf/installs/ruby/3.0.0/lib/ruby/gems/3.0.0/gems/activestorage-6.1.3.2/app/controllers/concerns", "/Users/dvalmyr/.asdf/installs/ruby/3.0.0/lib/ruby/gems/3.0.0/gems/activestorage-6.1.3.2/app/jobs", "/Users/dvalmyr/.asdf/installs/ruby/3.0.0/lib/ruby/gems/3.0.0/gems/activestorage-6.1.3.2/app/models"], @app=nil, @config=#<Rails::Engine::Configuration:0x00007ffc9bb8c708 @root=#<Pathname:/Users/dvalmyr/.asdf/installs/ruby/3.0.0/lib/ruby/gems/3.0.0/gems/activestorage-6.1.3.2>, @generators=#<Rails::Configuration::Generators:0x00007ffc9bb8c690 @aliases={}, @options={:rails=>{:orm=>:active_record}, :active_record=>{:migration=>true, :timestamps=>true}}, @fallbacks={}, @templates=[], @colorize_logging=true, @api_only=false, @hidden_namespaces=["sass"], @after_generate_callbacks=[]>, @middleware=#<Rails::Configuration::MiddlewareStackProxy:0x00007ffc9bb8c410 @operations=[], @delete_operations=[]>, @javascript_path="javascript", @paths=#<Rails::Paths::Root:0x00007ffc9bd161c8 @path=#<Pathname:/Users/dvalmyr/.asdf/installs/ruby/3.0.0/lib/ruby/gems/3.0.0/gems/activestorage-6.1.3.2>, @root={"app"=>#<Rails::Paths::Path:0x00007ffc9bd16100 @paths=["app"], @current="app", @root=#<Rails::Paths::Root:0x00007ffc9bd161c8 ...>, @glob="{*,*/concerns}", @exclude=["assets", "javascript"], @autoload_once=false, @eager_load=true, @autoload=false, @load_path=false>, "app/assets"=>#<Rails::Paths::Path:0x00007ffc9bd16088 @paths=["app/assets"], @current="app/assets", @root=#<Rails::Paths::Root:0x00007ffc9bd161c8 ...>, @glob="*", @exclude=nil, @autoload_once=false, @eager_load=false, @autoload=false, @load_path=false>, "app/controllers"=>#<Rails::Paths::Path:0x00007ffc9bd16010 @paths=["app/controllers"], @current="app/controllers", @root=#<Rails::Paths::Root:0x00007ffc9bd161c8 ...>, @glob=nil, @exclude=nil, @autoload_once=false, @eager_load=true, @autoload=false, @load_path=false>, "app/channels"=>#<Rails::Paths::Path:0x00007ffc9bd15f98 @paths=["app/channels"], @current="app/channels", @root=#<Rails::Paths::Root:0x00007ffc9bd161c8 ...>, @glob="**/*_channel.rb", @exclude=nil, @autoload_once=false, @eager_load=true, @autoload=false, @load_path=false>, "app/helpers"=>#<Rails::Paths::Path:0x00007ffc9bd15f20 @paths=["app/helpers"], @current="app/helpers", @root=#<Rails::Paths::Root:0x00007ffc9bd161c8 ...>, @glob=nil, @exclude=nil, @autoload_once=false, @eager_load=true, @autoload=false, @load_path=false>, "app/models"=>#<Rails::Paths::Path:0x00007ffc9bd15ea8 @paths=["app/models"], @current="app/models", @root=#<Rails::Paths::Root:0x00007ffc9bd161c8 ...>, @glob=nil, @exclude=nil, @autoload_once=false, @eager_load=true, @autoload=false, @load_path=false>, "app/mailers"=>#<Rails::Paths::Path:0x00007ffc9bd15e30 @paths=["app/mailers"], @current="app/mailers", @root=#<Rails::Paths::Root:0x00007ffc9bd161c8 ...>, @glob=nil, @exclude=nil, @autoload_once=false, @eager_load=true, @autoload=false, @load_path=false>, "app/views"=>#<Rails::Paths::Path:0x00007ffc9bd15db8 @paths=["app/views"], @current="app/views", @root=#<Rails::Paths::Root:0x00007ffc9bd161c8 ...>, @glob=nil, @exclude=nil, @autoload_once=false, @eager_load=false, @autoload=false, @load_path=false>, "lib"=>#<Rails::Paths::Path:0x00007ffc9bd15d40 @paths=["lib"], @current="lib", @root=#<Rails::Paths::Root:0x00007ffc9bd161c8 ...>, @glob=nil, @exclude=nil, @autoload_once=false, @eager_load=false, @autoload=false, @load_path=true>, "lib/assets"=>#<Rails::Paths::Path:0x00007ffc9bd15cc8 @paths=["lib/assets"], @current="lib/assets", @root=#<Rails::Paths::Root:0x00007ffc9bd161c8 ...>, @glob="*", @exclude=nil, @autoload_once=false, @eager_load=false, @autoload=false, @load_path=false>, "lib/tasks"=>#<Rails::Paths::Path:0x00007ffc9bd15c50 @paths=["lib/tasks"], @current="lib/tasks", @root=#<Rails::Paths::Root:0x00007ffc9bd161c8 ...>, @glob="**/*.rake", @exclude=nil, @autoload_once=false, @eager_load=false, @autoload=false, @load_path=false>, "config"=>#<Rails::Paths::Path:0x00007ffc9bd15bd8 @paths=["config"], @current="config", @root=#<Rails::Paths::Root:0x00007ffc9bd161c8 ...>, @glob=nil, @exclude=nil, @autoload_once=false, @eager_load=false, @autoload=false, @load_path=false>, "config/environments"=>#<Rails::Paths::Path:0x00007ffc9bd15b38 @paths=["config/environments"], @current="config/environments", @root=#<Rails::Paths::Root:0x00007ffc9bd161c8 ...>, @glob="development.rb", @exclude=nil, @autoload_once=false, @eager_load=false, @autoload=false, @load_path=false>, "config/initializers"=>#<Rails::Paths::Path:0x00007ffc9bd15ac0 @paths=["config/initializers"], @current="config/initializers", @root=#<Rails::Paths::Root:0x00007ffc9bd161c8 ...>, @glob="**/*.rb", @exclude=nil, @autoload_once=false, @eager_load=false, @autoload=false, @load_path=false>, "config/locales"=>#<Rails::Paths::Path:0x00007ffc9bd15a48 @paths=["config/locales"], @current="config/locales", @root=#<Rails::Paths::Root:0x00007ffc9bd161c8 ...>, @glob="*.{rb,yml}", @exclude=nil, @autoload_once=false, @eager_load=false, @autoload=false, @load_path=false>, "config/routes.rb"=>#<Rails::Paths::Path:0x00007ffc9bd159d0 @paths=["config/routes.rb"], @current="config/routes.rb", @root=#<Rails::Paths::Root:0x00007ffc9bd161c8 ...>, @glob=nil, @exclude=nil, @autoload_once=false, @eager_load=false, @autoload=false, @load_path=false>, "config/routes"=>#<Rails::Paths::Path:0x00007ffc9bd15958 @paths=["config/routes"], @current="config/routes", @root=#<Rails::Paths::Root:0x00007ffc9bd161c8 ...>, @glob="**/*.rb", @exclude=nil, @autoload_once=false, @eager_load=false, @autoload=false, @load_path=false>, "db"=>#<Rails::Paths::Path:0x00007ffc9bd158e0 @paths=["db"], @current="db", @root=#<Rails::Paths::Root:0x00007ffc9bd161c8 ...>, @glob=nil, @exclude=nil, @autoload_once=false, @eager_load=false, @autoload=false, @load_path=false>, "db/migrate"=>#<Rails::Paths::Path:0x00007ffc9bd15868 @paths=["db/migrate"], @current="db/migrate", @root=#<Rails::Paths::Root:0x00007ffc9bd161c8 ...>, @glob=nil, @exclude=nil, @autoload_once=false, @eager_load=false, @autoload=false, @load_path=false>, "db/seeds.rb"=>#<Rails::Paths::Path:0x00007ffc9bd157f0 @paths=["db/seeds.rb"], @current="db/seeds.rb", @root=#<Rails::Paths::Root:0x00007ffc9bd161c8 ...>, @glob=nil, @exclude=nil, @autoload_once=false, @eager_load=false, @autoload=false, @load_path=false>, "vendor"=>#<Rails::Paths::Path:0x00007ffc9bd15778 @paths=["vendor"], @current="vendor", @root=#<Rails::Paths::Root:0x00007ffc9bd161c8 ...>, @glob=nil, @exclude=nil, @autoload_once=false, @eager_load=false, @autoload=false, @load_path=true>, "vendor/assets"=>#<Rails::Paths::Path:0x00007ffc9bd15700 @paths=["vendor/assets"], @current="vendor/assets", @root=#<Rails::Paths::Root:0x00007ffc9bd161c8 ...>, @glob="*", @exclude=nil, @autoload_once=false, @eager_load=false, @autoload=false, @load_path=false>}>, @autoload_paths=[], @eager_load_paths=["/Users/dvalmyr/.asdf/installs/ruby/3.0.0/lib/ruby/gems/3.0.0/gems/activestorage-6.1.3.2/app/controllers", "/Users/dvalmyr/.asdf/installs/ruby/3.0.0/lib/ruby/gems/3.0.0/gems/activestorage-6.1.3.2/app/controllers/concerns", "/Users/dvalmyr/.asdf/installs/ruby/3.0.0/lib/ruby/gems/3.0.0/gems/activestorage-6.1.3.2/app/jobs", "/Users/dvalmyr/.asdf/installs/ruby/3.0.0/lib/ruby/gems/3.0.0/gems/activestorage-6.1.3.2/app/models"], @autoload_once_paths=[]>, @env_config=nil, @helpers=nil, @routes=#<ActionDispatch::Routing::RouteSet:0x00007ffc9bb8c2a8>, @app_build_lock=#<Thread::Mutex:0x00007ffc9bb1a4c8>, @initializers=[#<Rails::Initializable::Initializer:0x00007ffca02d8288 @name=:load_environment_config, @context=#<ActiveStorage::Engine:0x00007ffc9bb1a4f0 ...>, @options={:before=>:load_environment_hook, :group=>:all}, @block=#<Proc:0x00007ffc9e1d0ef0 /Users/dvalmyr/.asdf/installs/ruby/3.0.0/lib/ruby/gems/3.0.0/gems/railties-6.1.3.2/lib/rails/engine.rb:569>>, #<Rails::Initializable::Initializer:0x00007ffca02d8238 @name=:set_load_path, @context=#<ActiveStorage::Engine:0x00007ffc9bb1a4f0 ...>, @options={:before=>:bootstrap_hook, :after=>:load_environment_config, :group=>:default}, @block=#<Proc:0x00007ffc9e1d0d10 /Users/dvalmyr/.asdf/installs/ruby/3.0.0/lib/ruby/gems/3.0.0/gems/railties-6.1.3.2/lib/rails/engine.rb:575>>, #<Rails::Initializable::Initializer:0x00007ffca02d81e8 @name=:set_autoload_paths, @context=#<ActiveStorage::Engine:0x00007ffc9bb1a4f0 ...>, @options={:before=>:bootstrap_hook, :after=>:set_load_path, :group=>:default}, @block=#<Proc:0x00007ffc9e1d0b80 /Users/dvalmyr/.asdf/installs/ruby/3.0.0/lib/ruby/gems/3.0.0/gems/railties-6.1.3.2/lib/rails/engine.rb:587>>, #<Rails::Initializable::Initializer:0x00007ffca02d8198 @name=:set_eager_load_paths, @context=#<ActiveStorage::Engine:0x00007ffc9bb1a4f0 ...>, @options={:before=>:bootstrap_hook, :after=>:set_autoload_paths, :group=>:default}, @block=#<Proc:0x00007ffc9e1d0a68 /Users/dvalmyr/.asdf/installs/ruby/3.0.0/lib/ruby/gems/3.0.0/gems/railties-6.1.3.2/lib/rails/engine.rb:595>>, #<Rails::Initializable::Initializer:0x00007ffca02d8148 @name=:add_routing_paths, @context=#<ActiveStorage::Engine:0x00007ffc9bb1a4f0 ...>, @options={:after=>:set_eager_load_paths, :group=>:default}, @block=#<Proc:0x00007ffc9e1d0950 /Users/dvalmyr/.asdf/installs/ruby/3.0.0/lib/ruby/gems/3.0.0/gems/railties-6.1.3.2/lib/rails/engine.rb:600>>, #<Rails::Initializable::Initializer:0x00007ffca02d80f8 @name=:add_locales, @context=#<ActiveStorage::Engine:0x00007ffc9bb1a4f0 ...>, @options={:after=>:add_routing_paths, :group=>:default}, @block=#<Proc:0x00007ffc9e1d0838 /Users/dvalmyr/.asdf/installs/ruby/3.0.0/lib/ruby/gems/3.0.0/gems/railties-6.1.3.2/lib/rails/engine.rb:614>>, #<Rails::Initializable::Initializer:0x00007ffca02d80a8 @name=:add_view_paths, @context=#<ActiveStorage::Engine:0x00007ffc9bb1a4f0 ...>, @options={:after=>:add_locales, :group=>:default}, @block=#<Proc:0x00007ffc9e1d0748 /Users/dvalmyr/.asdf/installs/ruby/3.0.0/lib/ruby/gems/3.0.0/gems/railties-6.1.3.2/lib/rails/engine.rb:618>>, #<Rails::Initializable::Initializer:0x00007ffca02d8058 @name=:prepend_helpers_path, @context=#<ActiveStorage::Engine:0x00007ffc9bb1a4f0 ...>, @options={:after=>:add_view_paths, :group=>:default}, @block=#<Proc:0x00007ffc9e1d0658 /Users/dvalmyr/.asdf/installs/ruby/3.0.0/lib/ruby/gems/3.0.0/gems/railties-6.1.3.2/lib/rails/engine.rb:626>>, #<Rails::Initializable::Initializer:0x00007ffca02d8008 @name=:load_config_initializers, @context=#<ActiveStorage::Engine:0x00007ffc9bb1a4f0 ...>, @options={:after=>:prepend_helpers_path, :group=>:default}, @block=#<Proc:0x00007ffc9e1d0568 /Users/dvalmyr/.asdf/installs/ruby/3.0.0/lib/ruby/gems/3.0.0/gems/railties-6.1.3.2/lib/rails/engine.rb:632>>, #<Rails::Initializable::Initializer:0x00007ffca02fff90 @name=:wrap_executor_around_load_seed, @context=#<ActiveStorage::Engine:0x00007ffc9bb1a4f0 ...>, @options={:after=>:load_config_initializers, :group=>:default}, @block=#<Proc:0x00007ffc9e1d0478 /Users/dvalmyr/.asdf/installs/ruby/3.0.0/lib/ruby/gems/3.0.0/gems/railties-6.1.3.2/lib/rails/engine.rb:638>>, #<Rails::Initializable::Initializer:0x00007ffca02fff40 @name=:engines_blank_point, @context=#<ActiveStorage::Engine:0x00007ffc9bb1a4f0 ...>, @options={:after=>:wrap_executor_around_load_seed, :group=>:default}, @block=#<Proc:0x00007ffc9e1d0388 /Users/dvalmyr/.asdf/installs/ruby/3.0.0/lib/ruby/gems/3.0.0/gems/railties-6.1.3.2/lib/rails/engine.rb:644>>, #<Rails::Initializable::Initializer:0x00007ffca02ffef0 @name=:append_assets_path, @context=#<ActiveStorage::Engine:0x00007ffc9bb1a4f0 ...>, @options={:group=>:all, :after=>:engines_blank_point}, @block=#<Proc:0x00007ffc9e3a14c8 /Users/dvalmyr/.asdf/installs/ruby/3.0.0/lib/ruby/gems/3.0.0/gems/sprockets-rails-3.2.2/lib/sprockets/railtie.rb:57>>, #<Rails::Initializable::Initializer:0x00007ffca02ffea0 @name="active_storage.configs", @context=#<ActiveStorage::Engine:0x00007ffc9bb1a4f0 ...>, @options={:group=>:default}, @block=#<Proc:0x00007ffca0246bd0 /Users/dvalmyr/.asdf/installs/ruby/3.0.0/lib/ruby/gems/3.0.0/gems/activestorage-6.1.3.2/lib/active_storage/engine.rb:78>>, #<Rails::Initializable::Initializer:0x00007ffca02ffe50 @name="active_storage.attached", @context=#<ActiveStorage::Engine:0x00007ffc9bb1a4f0 ...>, @options={:after=>"active_storage.configs", :group=>:default}, @block=#<Proc:0x00007ffca0246ae0 /Users/dvalmyr/.asdf/installs/ruby/3.0.0/lib/ruby/gems/3.0.0/gems/activestorage-6.1.3.2/lib/active_storage/engine.rb:101>>, #<Rails::Initializable::Initializer:0x00007ffca02ffe00 @name="active_storage.verifier", @context=#<ActiveStorage::Engine:0x00007ffc9bb1a4f0 ...>, @options={:after=>"active_storage.attached", :group=>:default}, @block=#<Proc:0x00007ffca02469f0 /Users/dvalmyr/.asdf/installs/ruby/3.0.0/lib/ruby/gems/3.0.0/gems/activestorage-6.1.3.2/lib/active_storage/engine.rb:109>>, #<Rails::Initializable::Initializer:0x00007ffca02ffdb0 @name="active_storage.services", @context=#<ActiveStorage::Engine:0x00007ffc9bb1a4f0 ...>, @options={:after=>"active_storage.verifier", :group=>:default}, @block=#<Proc:0x00007ffca0246900 /Users/dvalmyr/.asdf/installs/ruby/3.0.0/lib/ruby/gems/3.0.0/gems/activestorage-6.1.3.2/lib/active_storage/engine.rb:115>>, #<Rails::Initializable::Initializer:0x00007ffca02ffd60 @name="active_storage.queues", @context=#<ActiveStorage::Engine:0x00007ffc9bb1a4f0 ...>, @options={:after=>"active_storage.services", :group=>:default}, @block=#<Proc:0x00007ffca0246810 /Users/dvalmyr/.asdf/installs/ruby/3.0.0/lib/ruby/gems/3.0.0/gems/activestorage-6.1.3.2/lib/active_storage/engine.rb:134>>, #<Rails::Initializable::Initializer:0x00007ffca02ffd10 @name="active_storage.reflection", @context=#<ActiveStorage::Engine:0x00007ffc9bb1a4f0 ...>, @options={:after=>"active_storage.queues", :group=>:default}, @block=#<Proc:0x00007ffca0246720 /Users/dvalmyr/.asdf/installs/ruby/3.0.0/lib/ruby/gems/3.0.0/gems/activestorage-6.1.3.2/lib/active_storage/engine.rb:140>>]>, #<ActionCable::Engine:0x00007ffc9f94fc98 @_all_autoload_paths=[], @_all_load_paths=["/Users/dvalmyr/.asdf/installs/ruby/3.0.0/lib/ruby/gems/3.0.0/gems/actioncable-6.1.3.2/lib"], @app=nil, @config=#<Rails::Engine::Configuration:0x00007ffc9f94f838 @root=#<Pathname:/Users/dvalmyr/.asdf/installs/ruby/3.0.0/lib/ruby/gems/3.0.0/gems/actioncable-6.1.3.2>, @generators=#<Rails::Configuration::Generators:0x00007ffc9f94f810 @aliases={}, @options={:rails=>{:orm=>:active_record}, :active_record=>{:migration=>true, :timestamps=>true}}, @fallbacks={}, @templates=[], @colorize_logging=true, @api_only=false, @hidden_namespaces=["sass"], @after_generate_callbacks=[]>, @middleware=#<Rails::Configuration::MiddlewareStackProxy:0x00007ffc9f94f6f8 @operations=[], @delete_operations=[]>, @javascript_path="javascript", @paths=#<Rails::Paths::Root:0x00007ffc9bd15340 @path=#<Pathname:/Users/dvalmyr/.asdf/installs/ruby/3.0.0/lib/ruby/gems/3.0.0/gems/actioncable-6.1.3.2>, @root={"app"=>#<Rails::Paths::Path:0x00007ffc9bd15278 @paths=["app"], @current="app", @root=#<Rails::Paths::Root:0x00007ffc9bd15340 ...>, @glob="{*,*/concerns}", @exclude=["assets", "javascript"], @autoload_once=false, @eager_load=true, @autoload=false, @load_path=false>, "app/assets"=>#<Rails::Paths::Path:0x00007ffc9bd15200 @paths=["app/assets"], @current="app/assets", @root=#<Rails::Paths::Root:0x00007ffc9bd15340 ...>, @glob="*", @exclude=nil, @autoload_once=false, @eager_load=false, @autoload=false, @load_path=false>, "app/controllers"=>#<Rails::Paths::Path:0x00007ffc9bd15188 @paths=["app/controllers"], @current="app/controllers", @root=#<Rails::Paths::Root:0x00007ffc9bd15340 ...>, @glob=nil, @exclude=nil, @autoload_once=false, @eager_load=true, @autoload=false, @load_path=false>, "app/channels"=>#<Rails::Paths::Path:0x00007ffc9bd15110 @paths=["app/channels"], @current="app/channels", @root=#<Rails::Paths::Root:0x00007ffc9bd15340 ...>, @glob="**/*_channel.rb", @exclude=nil, @autoload_once=false, @eager_load=true, @autoload=false, @load_path=false>, "app/helpers"=>#<Rails::Paths::Path:0x00007ffc9bd15098 @paths=["app/helpers"], @current="app/helpers", @root=#<Rails::Paths::Root:0x00007ffc9bd15340 ...>, @glob=nil, @exclude=nil, @autoload_once=false, @eager_load=true, @autoload=false, @load_path=false>, "app/models"=>#<Rails::Paths::Path:0x00007ffc9bd15020 @paths=["app/models"], @current="app/models", @root=#<Rails::Paths::Root:0x00007ffc9bd15340 ...>, @glob=nil, @exclude=nil, @autoload_once=false, @eager_load=true, @autoload=false, @load_path=false>, "app/mailers"=>#<Rails::Paths::Path:0x00007ffc9bd14fa8 @paths=["app/mailers"], @current="app/mailers", @root=#<Rails::Paths::Root:0x00007ffc9bd15340 ...>, @glob=nil, @exclude=nil, @autoload_once=false, @eager_load=true, @autoload=false, @load_path=false>, "app/views"=>#<Rails::Paths::Path:0x00007ffc9bd14f30 @paths=["app/views"], @current="app/views", @root=#<Rails::Paths::Root:0x00007ffc9bd15340 ...>, @glob=nil, @exclude=nil, @autoload_once=false, @eager_load=false, @autoload=false, @load_path=false>, "lib"=>#<Rails::Paths::Path:0x00007ffc9bd14eb8 @paths=["lib"], @current="lib", @root=#<Rails::Paths::Root:0x00007ffc9bd15340 ...>, @glob=nil, @exclude=nil, @autoload_once=false, @eager_load=false, @autoload=false, @load_path=true>, "lib/assets"=>#<Rails::Paths::Path:0x00007ffc9bd14e40 @paths=["lib/assets"], @current="lib/assets", @root=#<Rails::Paths::Root:0x00007ffc9bd15340 ...>, @glob="*", @exclude=nil, @autoload_once=false, @eager_load=false, @autoload=false, @load_path=false>, "lib/tasks"=>#<Rails::Paths::Path:0x00007ffc9bd14dc8 @paths=["lib/tasks"], @current="lib/tasks", @root=#<Rails::Paths::Root:0x00007ffc9bd15340 ...>, @glob="**/*.rake", @exclude=nil, @autoload_once=false, @eager_load=false, @autoload=false, @load_path=false>, "config"=>#<Rails::Paths::Path:0x00007ffc9bd14d50 @paths=["config"], @current="config", @root=#<Rails::Paths::Root:0x00007ffc9bd15340 ...>, @glob=nil, @exclude=nil, @autoload_once=false, @eager_load=false, @autoload=false, @load_path=false>, "config/environments"=>#<Rails::Paths::Path:0x00007ffc9bd14cb0 @paths=["config/environments"], @current="config/environments", @root=#<Rails::Paths::Root:0x00007ffc9bd15340 ...>, @glob="development.rb", @exclude=nil, @autoload_once=false, @eager_load=false, @autoload=false, @load_path=false>, "config/initializers"=>#<Rails::Paths::Path:0x00007ffc9bd14c38 @paths=["config/initializers"], @current="config/initializers", @root=#<Rails::Paths::Root:0x00007ffc9bd15340 ...>, @glob="**/*.rb", @exclude=nil, @autoload_once=false, @eager_load=false, @autoload=false, @load_path=false>, "config/locales"=>#<Rails::Paths::Path:0x00007ffc9bd14bc0 @paths=["config/locales"], @current="config/locales", @root=#<Rails::Paths::Root:0x00007ffc9bd15340 ...>, @glob="*.{rb,yml}", @exclude=nil, @autoload_once=false, @eager_load=false, @autoload=false, @load_path=false>, "config/routes.rb"=>#<Rails::Paths::Path:0x00007ffc9bd14b48 @paths=["config/routes.rb"], @current="config/routes.rb", @root=#<Rails::Paths::Root:0x00007ffc9bd15340 ...>, @glob=nil, @exclude=nil, @autoload_once=false, @eager_load=false, @autoload=false, @load_path=false>, "config/routes"=>#<Rails::Paths::Path:0x00007ffc9bd14ad0 @paths=["config/routes"], @current="config/routes", @root=#<Rails::Paths::Root:0x00007ffc9bd15340 ...>, @glob="**/*.rb", @exclude=nil, @autoload_once=false, @eager_load=false, @autoload=false, @load_path=false>, "db"=>#<Rails::Paths::Path:0x00007ffc9bd14a58 @paths=["db"], @current="db", @root=#<Rails::Paths::Root:0x00007ffc9bd15340 ...>, @glob=nil, @exclude=nil, @autoload_once=false, @eager_load=false, @autoload=false, @load_path=false>, "db/migrate"=>#<Rails::Paths::Path:0x00007ffc9bd149e0 @paths=["db/migrate"], @current="db/migrate", @root=#<Rails::Paths::Root:0x00007ffc9bd15340 ...>, @glob=nil, @exclude=nil, @autoload_once=false, @eager_load=false, @autoload=false, @load_path=false>, "db/seeds.rb"=>#<Rails::Paths::Path:0x00007ffc9bd14968 @paths=["db/seeds.rb"], @current="db/seeds.rb", @root=#<Rails::Paths::Root:0x00007ffc9bd15340 ...>, @glob=nil, @exclude=nil, @autoload_once=false, @eager_load=false, @autoload=false, @load_path=false>, "vendor"=>#<Rails::Paths::Path:0x00007ffc9bd148f0 @paths=["vendor"], @current="vendor", @root=#<Rails::Paths::Root:0x00007ffc9bd15340 ...>, @glob=nil, @exclude=nil, @autoload_once=false, @eager_load=false, @autoload=false, @load_path=true>, "vendor/assets"=>#<Rails::Paths::Path:0x00007ffc9bd14878 @paths=["vendor/assets"], @current="vendor/assets", @root=#<Rails::Paths::Root:0x00007ffc9bd15340 ...>, @glob="*", @exclude=nil, @autoload_once=false, @eager_load=false, @autoload=false, @load_path=false>}>, @autoload_paths=[], @eager_load_paths=[], @autoload_once_paths=[]>, @env_config=nil, @helpers=nil, @routes=#<ActionDispatch::Routing::RouteSet:0x00007ffc9e5b02a0>, @app_build_lock=#<Thread::Mutex:0x00007ffc9f94fc70>, @initializers=[#<Rails::Initializable::Initializer:0x00007ffca02ff860 @name=:load_environment_config, @context=#<ActionCable::Engine:0x00007ffc9f94fc98 ...>, @options={:before=>:load_environment_hook, :group=>:all}, @block=#<Proc:0x00007ffc9e1d0ef0 /Users/dvalmyr/.asdf/installs/ruby/3.0.0/lib/ruby/gems/3.0.0/gems/railties-6.1.3.2/lib/rails/engine.rb:569>>, #<Rails::Initializable::Initializer:0x00007ffca02ff810 @name=:set_load_path, @context=#<ActionCable::Engine:0x00007ffc9f94fc98 ...>, @options={:before=>:bootstrap_hook, :after=>:load_environment_config, :group=>:default}, @block=#<Proc:0x00007ffc9e1d0d10 /Users/dvalmyr/.asdf/installs/ruby/3.0.0/lib/ruby/gems/3.0.0/gems/railties-6.1.3.2/lib/rails/engine.rb:575>>, #<Rails::Initializable::Initializer:0x00007ffca02ff7c0 @name=:set_autoload_paths, @context=#<ActionCable::Engine:0x00007ffc9f94fc98 ...>, @options={:before=>:bootstrap_hook, :after=>:set_load_path, :group=>:default}, @block=#<Proc:0x00007ffc9e1d0b80 /Users/dvalmyr/.asdf/installs/ruby/3.0.0/lib/ruby/gems/3.0.0/gems/railties-6.1.3.2/lib/rails/engine.rb:587>>, #<Rails::Initializable::Initializer:0x00007ffca02ff770 @name=:set_eager_load_paths, @context=#<ActionCable::Engine:0x00007ffc9f94fc98 ...>, @options={:before=>:bootstrap_hook, :after=>:set_autoload_paths, :group=>:default}, @block=#<Proc:0x00007ffc9e1d0a68 /Users/dvalmyr/.asdf/installs/ruby/3.0.0/lib/ruby/gems/3.0.0/gems/railties-6.1.3.2/lib/rails/engine.rb:595>>, #<Rails::Initializable::Initializer:0x00007ffca02ff720 @name=:add_routing_paths, @context=#<ActionCable::Engine:0x00007ffc9f94fc98 ...>, @options={:after=>:set_eager_load_paths, :group=>:default}, @block=#<Proc:0x00007ffc9e1d0950 /Users/dvalmyr/.asdf/installs/ruby/3.0.0/lib/ruby/gems/3.0.0/gems/railties-6.1.3.2/lib/rails/engine.rb:600>>, #<Rails::Initializable::Initializer:0x00007ffca02ff6d0 @name=:add_locales, @context=#<ActionCable::Engine:0x00007ffc9f94fc98 ...>, @options={:after=>:add_routing_paths, :group=>:default}, @block=#<Proc:0x00007ffc9e1d0838 /Users/dvalmyr/.asdf/installs/ruby/3.0.0/lib/ruby/gems/3.0.0/gems/railties-6.1.3.2/lib/rails/engine.rb:614>>, #<Rails::Initializable::Initializer:0x00007ffca02ff680 @name=:add_view_paths, @context=#<ActionCable::Engine:0x00007ffc9f94fc98 ...>, @options={:after=>:add_locales, :group=>:default}, @block=#<Proc:0x00007ffc9e1d0748 /Users/dvalmyr/.asdf/installs/ruby/3.0.0/lib/ruby/gems/3.0.0/gems/railties-6.1.3.2/lib/rails/engine.rb:618>>, #<Rails::Initializable::Initializer:0x00007ffca02ff630 @name=:prepend_helpers_path, @context=#<ActionCable::Engine:0x00007ffc9f94fc98 ...>, @options={:after=>:add_view_paths, :group=>:default}, @block=#<Proc:0x00007ffc9e1d0658 /Users/dvalmyr/.asdf/installs/ruby/3.0.0/lib/ruby/gems/3.0.0/gems/railties-6.1.3.2/lib/rails/engine.rb:626>>, #<Rails::Initializable::Initializer:0x00007ffca02ff5e0 @name=:load_config_initializers, @context=#<ActionCable::Engine:0x00007ffc9f94fc98 ...>, @options={:after=>:prepend_helpers_path, :group=>:default}, @block=#<Proc:0x00007ffc9e1d0568 /Users/dvalmyr/.asdf/installs/ruby/3.0.0/lib/ruby/gems/3.0.0/gems/railties-6.1.3.2/lib/rails/engine.rb:632>>, #<Rails::Initializable::Initializer:0x00007ffca02ff590 @name=:wrap_executor_around_load_seed, @context=#<ActionCable::Engine:0x00007ffc9f94fc98 ...>, @options={:after=>:load_config_initializers, :group=>:default}, @block=#<Proc:0x00007ffc9e1d0478 /Users/dvalmyr/.asdf/installs/ruby/3.0.0/lib/ruby/gems/3.0.0/gems/railties-6.1.3.2/lib/rails/engine.rb:638>>, #<Rails::Initializable::Initializer:0x00007ffca02ff540 @name=:engines_blank_point, @context=#<ActionCable::Engine:0x00007ffc9f94fc98 ...>, @options={:after=>:wrap_executor_around_load_seed, :group=>:default}, @block=#<Proc:0x00007ffc9e1d0388 /Users/dvalmyr/.asdf/installs/ruby/3.0.0/lib/ruby/gems/3.0.0/gems/railties-6.1.3.2/lib/rails/engine.rb:644>>, #<Rails::Initializable::Initializer:0x00007ffca02ff4f0 @name=:append_assets_path, @context=#<ActionCable::Engine:0x00007ffc9f94fc98 ...>, @options={:group=>:all, :after=>:engines_blank_point}, @block=#<Proc:0x00007ffc9e3a14c8 /Users/dvalmyr/.asdf/installs/ruby/3.0.0/lib/ruby/gems/3.0.0/gems/sprockets-rails-3.2.2/lib/sprockets/railtie.rb:57>>, #<Rails::Initializable::Initializer:0x00007ffca02ff4a0 @name="action_cable.helpers", @context=#<ActionCable::Engine:0x00007ffc9f94fc98 ...>, @options={:group=>:default}, @block=#<Proc:0x00007ffc9f94f428 /Users/dvalmyr/.asdf/installs/ruby/3.0.0/lib/ruby/gems/3.0.0/gems/actioncable-6.1.3.2/lib/action_cable/engine.rb:15>>, #<Rails::Initializable::Initializer:0x00007ffca02ff450 @name="action_cable.logger", @context=#<ActionCable::Engine:0x00007ffc9f94fc98 ...>, @options={:after=>"action_cable.helpers", :group=>:default}, @block=#<Proc:0x00007ffc9f94f338 /Users/dvalmyr/.asdf/installs/ruby/3.0.0/lib/ruby/gems/3.0.0/gems/actioncable-6.1.3.2/lib/action_cable/engine.rb:21>>, #<Rails::Initializable::Initializer:0x00007ffca02ff400 @name="action_cable.set_configs", @context=#<ActionCable::Engine:0x00007ffc9f94fc98 ...>, @options={:after=>"action_cable.logger", :group=>:default}, @block=#<Proc:0x00007ffc9f94f248 /Users/dvalmyr/.asdf/installs/ruby/3.0.0/lib/ruby/gems/3.0.0/gems/actioncable-6.1.3.2/lib/action_cable/engine.rb:25>>, #<Rails::Initializable::Initializer:0x00007ffca02ff3b0 @name="action_cable.routes", @context=#<ActionCable::Engine:0x00007ffc9f94fc98 ...>, @options={:after=>"action_cable.set_configs", :group=>:default}, @block=#<Proc:0x00007ffc9f94f158 /Users/dvalmyr/.asdf/installs/ruby/3.0.0/lib/ruby/gems/3.0.0/gems/actioncable-6.1.3.2/lib/action_cable/engine.rb:43>>, #<Rails::Initializable::Initializer:0x00007ffca02ff360 @name="action_cable.set_work_hooks", @context=#<ActionCable::Engine:0x00007ffc9f94fc98 ...>, @options={:after=>"action_cable.routes", :group=>:default}, @block=#<Proc:0x00007ffc9f94f068 /Users/dvalmyr/.asdf/installs/ruby/3.0.0/lib/ruby/gems/3.0.0/gems/actioncable-6.1.3.2/lib/action_cable/engine.rb:54>>]>, #<ActionMailbox::Engine:0x00007ffc9bbef3a8 @_all_autoload_paths=["/Users/dvalmyr/.asdf/installs/ruby/3.0.0/lib/ruby/gems/3.0.0/gems/actionmailbox-6.1.3.2/app/controllers", "/Users/dvalmyr/.asdf/installs/ruby/3.0.0/lib/ruby/gems/3.0.0/gems/actionmailbox-6.1.3.2/app/jobs", "/Users/dvalmyr/.asdf/installs/ruby/3.0.0/lib/ruby/gems/3.0.0/gems/actionmailbox-6.1.3.2/app/models"], @_all_load_paths=["/Users/dvalmyr/.asdf/installs/ruby/3.0.0/lib/ruby/gems/3.0.0/gems/actionmailbox-6.1.3.2/lib", "/Users/dvalmyr/.asdf/installs/ruby/3.0.0/lib/ruby/gems/3.0.0/gems/actionmailbox-6.1.3.2/app/controllers", "/Users/dvalmyr/.asdf/installs/ruby/3.0.0/lib/ruby/gems/3.0.0/gems/actionmailbox-6.1.3.2/app/jobs", "/Users/dvalmyr/.asdf/installs/ruby/3.0.0/lib/ruby/gems/3.0.0/gems/actionmailbox-6.1.3.2/app/models"], @app=nil, @config=#<Rails::Engine::Configuration:0x00007ffc9bbeeed0 @root=#<Pathname:/Users/dvalmyr/.asdf/installs/ruby/3.0.0/lib/ruby/gems/3.0.0/gems/actionmailbox-6.1.3.2>, @generators=#<Rails::Configuration::Generators:0x00007ffc9bbeee58 @aliases={}, @options={:rails=>{:orm=>:active_record}, :active_record=>{:migration=>true, :timestamps=>true}}, @fallbacks={}, @templates=[], @colorize_logging=true, @api_only=false, @hidden_namespaces=["sass"], @after_generate_callbacks=[]>, @middleware=#<Rails::Configuration::MiddlewareStackProxy:0x00007ffc9bbeeca0 @operations=[], @delete_operations=[]>, @javascript_path="javascript", @paths=#<Rails::Paths::Root:0x00007ffc9bd144b8 @path=#<Pathname:/Users/dvalmyr/.asdf/installs/ruby/3.0.0/lib/ruby/gems/3.0.0/gems/actionmailbox-6.1.3.2>, @root={"app"=>#<Rails::Paths::Path:0x00007ffc9bd143f0 @paths=["app"], @current="app", @root=#<Rails::Paths::Root:0x00007ffc9bd144b8 ...>, @glob="{*,*/concerns}", @exclude=["assets", "javascript"], @autoload_once=false, @eager_load=true, @autoload=false, @load_path=false>, "app/assets"=>#<Rails::Paths::Path:0x00007ffc9bd14378 @paths=["app/assets"], @current="app/assets", @root=#<Rails::Paths::Root:0x00007ffc9bd144b8 ...>, @glob="*", @exclude=nil, @autoload_once=false, @eager_load=false, @autoload=false, @load_path=false>, "app/controllers"=>#<Rails::Paths::Path:0x00007ffc9bd14300 @paths=["app/controllers"], @current="app/controllers", @root=#<Rails::Paths::Root:0x00007ffc9bd144b8 ...>, @glob=nil, @exclude=nil, @autoload_once=false, @eager_load=true, @autoload=false, @load_path=false>, "app/channels"=>#<Rails::Paths::Path:0x00007ffc9bd14288 @paths=["app/channels"], @current="app/channels", @root=#<Rails::Paths::Root:0x00007ffc9bd144b8 ...>, @glob="**/*_channel.rb", @exclude=nil, @autoload_once=false, @eager_load=true, @autoload=false, @load_path=false>, "app/helpers"=>#<Rails::Paths::Path:0x00007ffc9bd14210 @paths=["app/helpers"], @current="app/helpers", @root=#<Rails::Paths::Root:0x00007ffc9bd144b8 ...>, @glob=nil, @exclude=nil, @autoload_once=false, @eager_load=true, @autoload=false, @load_path=false>, "app/models"=>#<Rails::Paths::Path:0x00007ffc9bd14198 @paths=["app/models"], @current="app/models", @root=#<Rails::Paths::Root:0x00007ffc9bd144b8 ...>, @glob=nil, @exclude=nil, @autoload_once=false, @eager_load=true, @autoload=false, @load_path=false>, "app/mailers"=>#<Rails::Paths::Path:0x00007ffc9bd14120 @paths=["app/mailers"], @current="app/mailers", @root=#<Rails::Paths::Root:0x00007ffc9bd144b8 ...>, @glob=nil, @exclude=nil, @autoload_once=false, @eager_load=true, @autoload=false, @load_path=false>, "app/views"=>#<Rails::Paths::Path:0x00007ffc9bd140a8 @paths=["app/views"], @current="app/views", @root=#<Rails::Paths::Root:0x00007ffc9bd144b8 ...>, @glob=nil, @exclude=nil, @autoload_once=false, @eager_load=false, @autoload=false, @load_path=false>, "lib"=>#<Rails::Paths::Path:0x00007ffc9bd14030 @paths=["lib"], @current="lib", @root=#<Rails::Paths::Root:0x00007ffc9bd144b8 ...>, @glob=nil, @exclude=nil, @autoload_once=false, @eager_load=false, @autoload=false, @load_path=true>, "lib/assets"=>#<Rails::Paths::Path:0x00007ffc9bd1ff98 @paths=["lib/assets"], @current="lib/assets", @root=#<Rails::Paths::Root:0x00007ffc9bd144b8 ...>, @glob="*", @exclude=nil, @autoload_once=false, @eager_load=false, @autoload=false, @load_path=false>, "lib/tasks"=>#<Rails::Paths::Path:0x00007ffc9bd1ff20 @paths=["lib/tasks"], @current="lib/tasks", @root=#<Rails::Paths::Root:0x00007ffc9bd144b8 ...>, @glob="**/*.rake", @exclude=nil, @autoload_once=false, @eager_load=false, @autoload=false, @load_path=false>, "config"=>#<Rails::Paths::Path:0x00007ffc9bd1fea8 @paths=["config"], @current="config", @root=#<Rails::Paths::Root:0x00007ffc9bd144b8 ...>, @glob=nil, @exclude=nil, @autoload_once=false, @eager_load=false, @autoload=false, @load_path=false>, "config/environments"=>#<Rails::Paths::Path:0x00007ffc9bd1fe08 @paths=["config/environments"], @current="config/environments", @root=#<Rails::Paths::Root:0x00007ffc9bd144b8 ...>, @glob="development.rb", @exclude=nil, @autoload_once=false, @eager_load=false, @autoload=false, @load_path=false>, "config/initializers"=>#<Rails::Paths::Path:0x00007ffc9bd1fd90 @paths=["config/initializers"], @current="config/initializers", @root=#<Rails::Paths::Root:0x00007ffc9bd144b8 ...>, @glob="**/*.rb", @exclude=nil, @autoload_once=false, @eager_load=false, @autoload=false, @load_path=false>, "config/locales"=>#<Rails::Paths::Path:0x00007ffc9bd1fd18 @paths=["config/locales"], @current="config/locales", @root=#<Rails::Paths::Root:0x00007ffc9bd144b8 ...>, @glob="*.{rb,yml}", @exclude=nil, @autoload_once=false, @eager_load=false, @autoload=false, @load_path=false>, "config/routes.rb"=>#<Rails::Paths::Path:0x00007ffc9bd1fca0 @paths=["config/routes.rb"], @current="config/routes.rb", @root=#<Rails::Paths::Root:0x00007ffc9bd144b8 ...>, @glob=nil, @exclude=nil, @autoload_once=false, @eager_load=false, @autoload=false, @load_path=false>, "config/routes"=>#<Rails::Paths::Path:0x00007ffc9bd1fc28 @paths=["config/routes"], @current="config/routes", @root=#<Rails::Paths::Root:0x00007ffc9bd144b8 ...>, @glob="**/*.rb", @exclude=nil, @autoload_once=false, @eager_load=false, @autoload=false, @load_path=false>, "db"=>#<Rails::Paths::Path:0x00007ffc9bd1fbb0 @paths=["db"], @current="db", @root=#<Rails::Paths::Root:0x00007ffc9bd144b8 ...>, @glob=nil, @exclude=nil, @autoload_once=false, @eager_load=false, @autoload=false, @load_path=false>, "db/migrate"=>#<Rails::Paths::Path:0x00007ffc9bd1fb38 @paths=["db/migrate"], @current="db/migrate", @root=#<Rails::Paths::Root:0x00007ffc9bd144b8 ...>, @glob=nil, @exclude=nil, @autoload_once=false, @eager_load=false, @autoload=false, @load_path=false>, "db/seeds.rb"=>#<Rails::Paths::Path:0x00007ffc9bd1fac0 @paths=["db/seeds.rb"], @current="db/seeds.rb", @root=#<Rails::Paths::Root:0x00007ffc9bd144b8 ...>, @glob=nil, @exclude=nil, @autoload_once=false, @eager_load=false, @autoload=false, @load_path=false>, "vendor"=>#<Rails::Paths::Path:0x00007ffc9bd1fa48 @paths=["vendor"], @current="vendor", @root=#<Rails::Paths::Root:0x00007ffc9bd144b8 ...>, @glob=nil, @exclude=nil, @autoload_once=false, @eager_load=false, @autoload=false, @load_path=true>, "vendor/assets"=>#<Rails::Paths::Path:0x00007ffc9bd1f9d0 @paths=["vendor/assets"], @current="vendor/assets", @root=#<Rails::Paths::Root:0x00007ffc9bd144b8 ...>, @glob="*", @exclude=nil, @autoload_once=false, @eager_load=false, @autoload=false, @load_path=false>}>, @autoload_paths=[], @eager_load_paths=["/Users/dvalmyr/.asdf/installs/ruby/3.0.0/lib/ruby/gems/3.0.0/gems/actionmailbox-6.1.3.2/app/controllers", "/Users/dvalmyr/.asdf/installs/ruby/3.0.0/lib/ruby/gems/3.0.0/gems/actionmailbox-6.1.3.2/app/jobs", "/Users/dvalmyr/.asdf/installs/ruby/3.0.0/lib/ruby/gems/3.0.0/gems/actionmailbox-6.1.3.2/app/models"], @autoload_once_paths=[]>, @env_config=nil, @helpers=nil, @routes=#<ActionDispatch::Routing::RouteSet:0x00007ffc9bbeec28>, @app_build_lock=#<Thread::Mutex:0x00007ffc9bbef380>, @initializers=[#<Rails::Initializable::Initializer:0x00007ffca02feed8 @name=:load_environment_config, @context=#<ActionMailbox::Engine:0x00007ffc9bbef3a8 ...>, @options={:before=>:load_environment_hook, :group=>:all}, @block=#<Proc:0x00007ffc9e1d0ef0 /Users/dvalmyr/.asdf/installs/ruby/3.0.0/lib/ruby/gems/3.0.0/gems/railties-6.1.3.2/lib/rails/engine.rb:569>>, #<Rails::Initializable::Initializer:0x00007ffca02fee88 @name=:set_load_path, @context=#<ActionMailbox::Engine:0x00007ffc9bbef3a8 ...>, @options={:before=>:bootstrap_hook, :after=>:load_environment_config, :group=>:default}, @block=#<Proc:0x00007ffc9e1d0d10 /Users/dvalmyr/.asdf/installs/ruby/3.0.0/lib/ruby/gems/3.0.0/gems/railties-6.1.3.2/lib/rails/engine.rb:575>>, #<Rails::Initializable::Initializer:0x00007ffca02fee38 @name=:set_autoload_paths, @context=#<ActionMailbox::Engine:0x00007ffc9bbef3a8 ...>, @options={:before=>:bootstrap_hook, :after=>:set_load_path, :group=>:default}, @block=#<Proc:0x00007ffc9e1d0b80 /Users/dvalmyr/.asdf/installs/ruby/3.0.0/lib/ruby/gems/3.0.0/gems/railties-6.1.3.2/lib/rails/engine.rb:587>>, #<Rails::Initializable::Initializer:0x00007ffca02fede8 @name=:set_eager_load_paths, @context=#<ActionMailbox::Engine:0x00007ffc9bbef3a8 ...>, @options={:before=>:bootstrap_hook, :after=>:set_autoload_paths, :group=>:default}, @block=#<Proc:0x00007ffc9e1d0a68 /Users/dvalmyr/.asdf/installs/ruby/3.0.0/lib/ruby/gems/3.0.0/gems/railties-6.1.3.2/lib/rails/engine.rb:595>>, #<Rails::Initializable::Initializer:0x00007ffca02fed98 @name=:add_routing_paths, @context=#<ActionMailbox::Engine:0x00007ffc9bbef3a8 ...>, @options={:after=>:set_eager_load_paths, :group=>:default}, @block=#<Proc:0x00007ffc9e1d0950 /Users/dvalmyr/.asdf/installs/ruby/3.0.0/lib/ruby/gems/3.0.0/gems/railties-6.1.3.2/lib/rails/engine.rb:600>>, #<Rails::Initializable::Initializer:0x00007ffca02fed48 @name=:add_locales, @context=#<ActionMailbox::Engine:0x00007ffc9bbef3a8 ...>, @options={:after=>:add_routing_paths, :group=>:default}, @block=#<Proc:0x00007ffc9e1d0838 /Users/dvalmyr/.asdf/installs/ruby/3.0.0/lib/ruby/gems/3.0.0/gems/railties-6.1.3.2/lib/rails/engine.rb:614>>, #<Rails::Initializable::Initializer:0x00007ffca02fecf8 @name=:add_view_paths, @context=#<ActionMailbox::Engine:0x00007ffc9bbef3a8 ...>, @options={:after=>:add_locales, :group=>:default}, @block=#<Proc:0x00007ffc9e1d0748 /Users/dvalmyr/.asdf/installs/ruby/3.0.0/lib/ruby/gems/3.0.0/gems/railties-6.1.3.2/lib/rails/engine.rb:618>>, #<Rails::Initializable::Initializer:0x00007ffca02feca8 @name=:prepend_helpers_path, @context=#<ActionMailbox::Engine:0x00007ffc9bbef3a8 ...>, @options={:after=>:add_view_paths, :group=>:default}, @block=#<Proc:0x00007ffc9e1d0658 /Users/dvalmyr/.asdf/installs/ruby/3.0.0/lib/ruby/gems/3.0.0/gems/railties-6.1.3.2/lib/rails/engine.rb:626>>, #<Rails::Initializable::Initializer:0x00007ffca02fec58 @name=:load_config_initializers, @context=#<ActionMailbox::Engine:0x00007ffc9bbef3a8 ...>, @options={:after=>:prepend_helpers_path, :group=>:default}, @block=#<Proc:0x00007ffc9e1d0568 /Users/dvalmyr/.asdf/installs/ruby/3.0.0/lib/ruby/gems/3.0.0/gems/railties-6.1.3.2/lib/rails/engine.rb:632>>, #<Rails::Initializable::Initializer:0x00007ffca02fec08 @name=:wrap_executor_around_load_seed, @context=#<ActionMailbox::Engine:0x00007ffc9bbef3a8 ...>, @options={:after=>:load_config_initializers, :group=>:default}, @block=#<Proc:0x00007ffc9e1d0478 /Users/dvalmyr/.asdf/installs/ruby/3.0.0/lib/ruby/gems/3.0.0/gems/railties-6.1.3.2/lib/rails/engine.rb:638>>, #<Rails::Initializable::Initializer:0x00007ffca02febb8 @name=:engines_blank_point, @context=#<ActionMailbox::Engine:0x00007ffc9bbef3a8 ...>, @options={:after=>:wrap_executor_around_load_seed, :group=>:default}, @block=#<Proc:0x00007ffc9e1d0388 /Users/dvalmyr/.asdf/installs/ruby/3.0.0/lib/ruby/gems/3.0.0/gems/railties-6.1.3.2/lib/rails/engine.rb:644>>, #<Rails::Initializable::Initializer:0x00007ffca02feb68 @name=:append_assets_path, @context=#<ActionMailbox::Engine:0x00007ffc9bbef3a8 ...>, @options={:group=>:all, :after=>:engines_blank_point}, @block=#<Proc:0x00007ffc9e3a14c8 /Users/dvalmyr/.asdf/installs/ruby/3.0.0/lib/ruby/gems/3.0.0/gems/sprockets-rails-3.2.2/lib/sprockets/railtie.rb:57>>, #<Rails::Initializable::Initializer:0x00007ffca02feb18 @name="action_mailbox.config", @context=#<ActionMailbox::Engine:0x00007ffc9bbef3a8 ...>, @options={:group=>:default}, @block=#<Proc:0x00007ffc9bbedc60 /Users/dvalmyr/.asdf/installs/ruby/3.0.0/lib/ruby/gems/3.0.0/gems/actionmailbox-6.1.3.2/lib/action_mailbox/engine.rb:23>>]>, #<ActionText::Engine:0x00007ffc9bc563f0 @_all_autoload_paths=["/Users/dvalmyr/.asdf/installs/ruby/3.0.0/lib/ruby/gems/3.0.0/gems/actiontext-6.1.3.2/app/helpers", "/Users/dvalmyr/.asdf/installs/ruby/3.0.0/lib/ruby/gems/3.0.0/gems/actiontext-6.1.3.2/app/models"], @_all_load_paths=["/Users/dvalmyr/.asdf/installs/ruby/3.0.0/lib/ruby/gems/3.0.0/gems/actiontext-6.1.3.2/lib", "/Users/dvalmyr/.asdf/installs/ruby/3.0.0/lib/ruby/gems/3.0.0/gems/actiontext-6.1.3.2/app/helpers", "/Users/dvalmyr/.asdf/installs/ruby/3.0.0/lib/ruby/gems/3.0.0/gems/actiontext-6.1.3.2/app/models"], @app=nil, @config=#<Rails::Engine::Configuration:0x00007ffc9bc55ec8 @root=#<Pathname:/Users/dvalmyr/.asdf/installs/ruby/3.0.0/lib/ruby/gems/3.0.0/gems/actiontext-6.1.3.2>, @generators=#<Rails::Configuration::Generators:0x00007ffc9bc55e78 @aliases={}, @options={:rails=>{:orm=>:active_record}, :active_record=>{:migration=>true, :timestamps=>true}}, @fallbacks={}, @templates=[], @colorize_logging=true, @api_only=false, @hidden_namespaces=["sass"], @after_generate_callbacks=[]>, @middleware=#<Rails::Configuration::MiddlewareStackProxy:0x00007ffc9bc55cc0 @operations=[], @delete_operations=[]>, @javascript_path="javascript", @paths=#<Rails::Paths::Root:0x00007ffc9bd1f610 @path=#<Pathname:/Users/dvalmyr/.asdf/installs/ruby/3.0.0/lib/ruby/gems/3.0.0/gems/actiontext-6.1.3.2>, @root={"app"=>#<Rails::Paths::Path:0x00007ffc9bd1f548 @paths=["app"], @current="app", @root=#<Rails::Paths::Root:0x00007ffc9bd1f610 ...>, @glob="{*,*/concerns}", @exclude=["assets", "javascript"], @autoload_once=false, @eager_load=true, @autoload=false, @load_path=false>, "app/assets"=>#<Rails::Paths::Path:0x00007ffc9bd1f4d0 @paths=["app/assets"], @current="app/assets", @root=#<Rails::Paths::Root:0x00007ffc9bd1f610 ...>, @glob="*", @exclude=nil, @autoload_once=false, @eager_load=false, @autoload=false, @load_path=false>, "app/controllers"=>#<Rails::Paths::Path:0x00007ffc9bd1f458 @paths=["app/controllers"], @current="app/controllers", @root=#<Rails::Paths::Root:0x00007ffc9bd1f610 ...>, @glob=nil, @exclude=nil, @autoload_once=false, @eager_load=true, @autoload=false, @load_path=false>, "app/channels"=>#<Rails::Paths::Path:0x00007ffc9bd1f3e0 @paths=["app/channels"], @current="app/channels", @root=#<Rails::Paths::Root:0x00007ffc9bd1f610 ...>, @glob="**/*_channel.rb", @exclude=nil, @autoload_once=false, @eager_load=true, @autoload=false, @load_path=false>, "app/helpers"=>#<Rails::Paths::Path:0x00007ffc9bd1f368 @paths=["app/helpers"], @current="app/helpers", @root=#<Rails::Paths::Root:0x00007ffc9bd1f610 ...>, @glob=nil, @exclude=nil, @autoload_once=false, @eager_load=true, @autoload=false, @load_path=false>, "app/models"=>#<Rails::Paths::Path:0x00007ffc9bd1f2f0 @paths=["app/models"], @current="app/models", @root=#<Rails::Paths::Root:0x00007ffc9bd1f610 ...>, @glob=nil, @exclude=nil, @autoload_once=false, @eager_load=true, @autoload=false, @load_path=false>, "app/mailers"=>#<Rails::Paths::Path:0x00007ffc9bd1f278 @paths=["app/mailers"], @current="app/mailers", @root=#<Rails::Paths::Root:0x00007ffc9bd1f610 ...>, @glob=nil, @exclude=nil, @autoload_once=false, @eager_load=true, @autoload=false, @load_path=false>, "app/views"=>#<Rails::Paths::Path:0x00007ffc9bd1f200 @paths=["app/views"], @current="app/views", @root=#<Rails::Paths::Root:0x00007ffc9bd1f610 ...>, @glob=nil, @exclude=nil, @autoload_once=false, @eager_load=false, @autoload=false, @load_path=false>, "lib"=>#<Rails::Paths::Path:0x00007ffc9bd1f188 @paths=["lib"], @current="lib", @root=#<Rails::Paths::Root:0x00007ffc9bd1f610 ...>, @glob=nil, @exclude=nil, @autoload_once=false, @eager_load=false, @autoload=false, @load_path=true>, "lib/assets"=>#<Rails::Paths::Path:0x00007ffc9bd1f110 @paths=["lib/assets"], @current="lib/assets", @root=#<Rails::Paths::Root:0x00007ffc9bd1f610 ...>, @glob="*", @exclude=nil, @autoload_once=false, @eager_load=false, @autoload=false, @load_path=false>, "lib/tasks"=>#<Rails::Paths::Path:0x00007ffc9bd1f098 @paths=["lib/tasks"], @current="lib/tasks", @root=#<Rails::Paths::Root:0x00007ffc9bd1f610 ...>, @glob="**/*.rake", @exclude=nil, @autoload_once=false, @eager_load=false, @autoload=false, @load_path=false>, "config"=>#<Rails::Paths::Path:0x00007ffc9bd1f020 @paths=["config"], @current="config", @root=#<Rails::Paths::Root:0x00007ffc9bd1f610 ...>, @glob=nil, @exclude=nil, @autoload_once=false, @eager_load=false, @autoload=false, @load_path=false>, "config/environments"=>#<Rails::Paths::Path:0x00007ffc9bd1ef80 @paths=["config/environments"], @current="config/environments", @root=#<Rails::Paths::Root:0x00007ffc9bd1f610 ...>, @glob="development.rb", @exclude=nil, @autoload_once=false, @eager_load=false, @autoload=false, @load_path=false>, "config/initializers"=>#<Rails::Paths::Path:0x00007ffc9bd1ef08 @paths=["config/initializers"], @current="config/initializers", @root=#<Rails::Paths::Root:0x00007ffc9bd1f610 ...>, @glob="**/*.rb", @exclude=nil, @autoload_once=false, @eager_load=false, @autoload=false, @load_path=false>, "config/locales"=>#<Rails::Paths::Path:0x00007ffc9bd1ee90 @paths=["config/locales"], @current="config/locales", @root=#<Rails::Paths::Root:0x00007ffc9bd1f610 ...>, @glob="*.{rb,yml}", @exclude=nil, @autoload_once=false, @eager_load=false, @autoload=false, @load_path=false>, "config/routes.rb"=>#<Rails::Paths::Path:0x00007ffc9bd1ee18 @paths=["config/routes.rb"], @current="config/routes.rb", @root=#<Rails::Paths::Root:0x00007ffc9bd1f610 ...>, @glob=nil, @exclude=nil, @autoload_once=false, @eager_load=false, @autoload=false, @load_path=false>, "config/routes"=>#<Rails::Paths::Path:0x00007ffc9bd1eda0 @paths=["config/routes"], @current="config/routes", @root=#<Rails::Paths::Root:0x00007ffc9bd1f610 ...>, @glob="**/*.rb", @exclude=nil, @autoload_once=false, @eager_load=false, @autoload=false, @load_path=false>, "db"=>#<Rails::Paths::Path:0x00007ffc9bd1ed28 @paths=["db"], @current="db", @root=#<Rails::Paths::Root:0x00007ffc9bd1f610 ...>, @glob=nil, @exclude=nil, @autoload_once=false, @eager_load=false, @autoload=false, @load_path=false>, "db/migrate"=>#<Rails::Paths::Path:0x00007ffc9bd1ecb0 @paths=["db/migrate"], @current="db/migrate", @root=#<Rails::Paths::Root:0x00007ffc9bd1f610 ...>, @glob=nil, @exclude=nil, @autoload_once=false, @eager_load=false, @autoload=false, @load_path=false>, "db/seeds.rb"=>#<Rails::Paths::Path:0x00007ffc9bd1ec38 @paths=["db/seeds.rb"], @current="db/seeds.rb", @root=#<Rails::Paths::Root:0x00007ffc9bd1f610 ...>, @glob=nil, @exclude=nil, @autoload_once=false, @eager_load=false, @autoload=false, @load_path=false>, "vendor"=>#<Rails::Paths::Path:0x00007ffc9bd1ebc0 @paths=["vendor"], @current="vendor", @root=#<Rails::Paths::Root:0x00007ffc9bd1f610 ...>, @glob=nil, @exclude=nil, @autoload_once=false, @eager_load=false, @autoload=false, @load_path=true>, "vendor/assets"=>#<Rails::Paths::Path:0x00007ffc9bd1eb48 @paths=["vendor/assets"], @current="vendor/assets", @root=#<Rails::Paths::Root:0x00007ffc9bd1f610 ...>, @glob="*", @exclude=nil, @autoload_once=false, @eager_load=false, @autoload=false, @load_path=false>}>, @autoload_paths=[], @eager_load_paths=["/Users/dvalmyr/.asdf/installs/ruby/3.0.0/lib/ruby/gems/3.0.0/gems/actiontext-6.1.3.2/app/helpers", "/Users/dvalmyr/.asdf/installs/ruby/3.0.0/lib/ruby/gems/3.0.0/gems/actiontext-6.1.3.2/app/models"], @autoload_once_paths=[]>, @env_config=nil, @helpers=nil, @routes=#<ActionDispatch::Routing::RouteSet:0x00007ffc9bc55c20>, @app_build_lock=#<Thread::Mutex:0x00007ffc9bc563c8>, @initializers=[#<Rails::Initializable::Initializer:0x00007ffca02fe668 @name=:load_environment_config, @context=#<ActionText::Engine:0x00007ffc9bc563f0 ...>, @options={:before=>:load_environment_hook, :group=>:all}, @block=#<Proc:0x00007ffc9e1d0ef0 /Users/dvalmyr/.asdf/installs/ruby/3.0.0/lib/ruby/gems/3.0.0/gems/railties-6.1.3.2/lib/rails/engine.rb:569>>, #<Rails::Initializable::Initializer:0x00007ffca02fe618 @name=:set_load_path, @context=#<ActionText::Engine:0x00007ffc9bc563f0 ...>, @options={:before=>:bootstrap_hook, :after=>:load_environment_config, :group=>:default}, @block=#<Proc:0x00007ffc9e1d0d10 /Users/dvalmyr/.asdf/installs/ruby/3.0.0/lib/ruby/gems/3.0.0/gems/railties-6.1.3.2/lib/rails/engine.rb:575>>, #<Rails::Initializable::Initializer:0x00007ffca02fe5c8 @name=:set_autoload_paths, @context=#<ActionText::Engine:0x00007ffc9bc563f0 ...>, @options={:before=>:bootstrap_hook, :after=>:set_load_path, :group=>:default}, @block=#<Proc:0x00007ffc9e1d0b80 /Users/dvalmyr/.asdf/installs/ruby/3.0.0/lib/ruby/gems/3.0.0/gems/railties-6.1.3.2/lib/rails/engine.rb:587>>, #<Rails::Initializable::Initializer:0x00007ffca02fe578 @name=:set_eager_load_paths, @context=#<ActionText::Engine:0x00007ffc9bc563f0 ...>, @options={:before=>:bootstrap_hook, :after=>:set_autoload_paths, :group=>:default}, @block=#<Proc:0x00007ffc9e1d0a68 /Users/dvalmyr/.asdf/installs/ruby/3.0.0/lib/ruby/gems/3.0.0/gems/railties-6.1.3.2/lib/rails/engine.rb:595>>, #<Rails::Initializable::Initializer:0x00007ffca02fe528 @name=:add_routing_paths, @context=#<ActionText::Engine:0x00007ffc9bc563f0 ...>, @options={:after=>:set_eager_load_paths, :group=>:default}, @block=#<Proc:0x00007ffc9e1d0950 /Users/dvalmyr/.asdf/installs/ruby/3.0.0/lib/ruby/gems/3.0.0/gems/railties-6.1.3.2/lib/rails/engine.rb:600>>, #<Rails::Initializable::Initializer:0x00007ffca02fe4d8 @name=:add_locales, @context=#<ActionText::Engine:0x00007ffc9bc563f0 ...>, @options={:after=>:add_routing_paths, :group=>:default}, @block=#<Proc:0x00007ffc9e1d0838 /Users/dvalmyr/.asdf/installs/ruby/3.0.0/lib/ruby/gems/3.0.0/gems/railties-6.1.3.2/lib/rails/engine.rb:614>>, #<Rails::Initializable::Initializer:0x00007ffca02fe488 @name=:add_view_paths, @context=#<ActionText::Engine:0x00007ffc9bc563f0 ...>, @options={:after=>:add_locales, :group=>:default}, @block=#<Proc:0x00007ffc9e1d0748 /Users/dvalmyr/.asdf/installs/ruby/3.0.0/lib/ruby/gems/3.0.0/gems/railties-6.1.3.2/lib/rails/engine.rb:618>>, #<Rails::Initializable::Initializer:0x00007ffca02fe438 @name=:prepend_helpers_path, @context=#<ActionText::Engine:0x00007ffc9bc563f0 ...>, @options={:after=>:add_view_paths, :group=>:default}, @block=#<Proc:0x00007ffc9e1d0658 /Users/dvalmyr/.asdf/installs/ruby/3.0.0/lib/ruby/gems/3.0.0/gems/railties-6.1.3.2/lib/rails/engine.rb:626>>, #<Rails::Initializable::Initializer:0x00007ffca02fe3e8 @name=:load_config_initializers, @context=#<ActionText::Engine:0x00007ffc9bc563f0 ...>, @options={:after=>:prepend_helpers_path, :group=>:default}, @block=#<Proc:0x00007ffc9e1d0568 /Users/dvalmyr/.asdf/installs/ruby/3.0.0/lib/ruby/gems/3.0.0/gems/railties-6.1.3.2/lib/rails/engine.rb:632>>, #<Rails::Initializable::Initializer:0x00007ffca02fe398 @name=:wrap_executor_around_load_seed, @context=#<ActionText::Engine:0x00007ffc9bc563f0 ...>, @options={:after=>:load_config_initializers, :group=>:default}, @block=#<Proc:0x00007ffc9e1d0478 /Users/dvalmyr/.asdf/installs/ruby/3.0.0/lib/ruby/gems/3.0.0/gems/railties-6.1.3.2/lib/rails/engine.rb:638>>, #<Rails::Initializable::Initializer:0x00007ffca02fe348 @name=:engines_blank_point, @context=#<ActionText::Engine:0x00007ffc9bc563f0 ...>, @options={:after=>:wrap_executor_around_load_seed, :group=>:default}, @block=#<Proc:0x00007ffc9e1d0388 /Users/dvalmyr/.asdf/installs/ruby/3.0.0/lib/ruby/gems/3.0.0/gems/railties-6.1.3.2/lib/rails/engine.rb:644>>, #<Rails::Initializable::Initializer:0x00007ffca02fe2f8 @name=:append_assets_path, @context=#<ActionText::Engine:0x00007ffc9bc563f0 ...>, @options={:group=>:all, :after=>:engines_blank_point}, @block=#<Proc:0x00007ffc9e3a14c8 /Users/dvalmyr/.asdf/installs/ruby/3.0.0/lib/ruby/gems/3.0.0/gems/sprockets-rails-3.2.2/lib/sprockets/railtie.rb:57>>, #<Rails::Initializable::Initializer:0x00007ffca02fe2a8 @name="action_text.attribute", @context=#<ActionText::Engine:0x00007ffc9bc563f0 ...>, @options={:group=>:default}, @block=#<Proc:0x00007ffc9bc54ff0 /Users/dvalmyr/.asdf/installs/ruby/3.0.0/lib/ruby/gems/3.0.0/gems/actiontext-6.1.3.2/lib/action_text/engine.rb:15>>, #<Rails::Initializable::Initializer:0x00007ffca02fe258 @name="action_text.attachable", @context=#<ActionText::Engine:0x00007ffc9bc563f0 ...>, @options={:after=>"action_text.attribute", :group=>:default}, @block=#<Proc:0x00007ffc9bc54eb0 /Users/dvalmyr/.asdf/installs/ruby/3.0.0/lib/ruby/gems/3.0.0/gems/actiontext-6.1.3.2/lib/action_text/engine.rb:21>>, #<Rails::Initializable::Initializer:0x00007ffca02fe208 @name="action_text.helper", @context=#<ActionText::Engine:0x00007ffc9bc563f0 ...>, @options={:after=>"action_text.attachable", :group=>:default}, @block=#<Proc:0x00007ffc9bc54dc0 /Users/dvalmyr/.asdf/installs/ruby/3.0.0/lib/ruby/gems/3.0.0/gems/actiontext-6.1.3.2/lib/action_text/engine.rb:39>>, #<Rails::Initializable::Initializer:0x00007ffca02fe1b8 @name="action_text.renderer", @context=#<ActionText::Engine:0x00007ffc9bc563f0 ...>, @options={:after=>"action_text.helper", :group=>:default}, @block=#<Proc:0x00007ffc9bc54cd0 /Users/dvalmyr/.asdf/installs/ruby/3.0.0/lib/ruby/gems/3.0.0/gems/actiontext-6.1.3.2/lib/action_text/engine.rb:47>>, #<Rails::Initializable::Initializer:0x00007ffca02fe168 @name="action_text.system_test_helper", @context=#<ActionText::Engine:0x00007ffc9bc563f0 ...>, @options={:after=>"action_text.renderer", :group=>:default}, @block=#<Proc:0x00007ffc9bc54be0 /Users/dvalmyr/.asdf/installs/ruby/3.0.0/lib/ruby/gems/3.0.0/gems/actiontext-6.1.3.2/lib/action_text/engine.rb:61>>]>, #<Webpacker::Engine:0x00007ffca023d120 @_all_autoload_paths=[], @_all_load_paths=["/Users/dvalmyr/.asdf/installs/ruby/3.0.0/lib/ruby/gems/3.0.0/gems/webpacker-5.4.0/lib"], @app=nil, @config=#<Rails::Engine::Configuration:0x00007ffca0237540 @root=#<Pathname:/Users/dvalmyr/.asdf/installs/ruby/3.0.0/lib/ruby/gems/3.0.0/gems/webpacker-5.4.0>, @generators=#<Rails::Configuration::Generators:0x00007ffca02374c8 @aliases={}, @options={:rails=>{:orm=>:active_record, :test_framework=>:test_unit, :integration_tool=>:test_unit, :system_tests=>:test_unit, :stylesheet_engine=>:scss}, :active_record=>{:migration=>true, :timestamps=>true}, :test_unit=>{:fixture=>true, :fixture_replacement=>nil}}, @fallbacks={}, @templates=[], @colorize_logging=true, @api_only=false, @hidden_namespaces=["sass"], @after_generate_callbacks=[]>, @middleware=#<Rails::Configuration::MiddlewareStackProxy:0x00007ffca0236f78 @operations=[], @delete_operations=[]>, @javascript_path="javascript", @paths=#<Rails::Paths::Root:0x00007ffc9bd1e788 @path=#<Pathname:/Users/dvalmyr/.asdf/installs/ruby/3.0.0/lib/ruby/gems/3.0.0/gems/webpacker-5.4.0>, @root={"app"=>#<Rails::Paths::Path:0x00007ffc9bd1e6c0 @paths=["app"], @current="app", @root=#<Rails::Paths::Root:0x00007ffc9bd1e788 ...>, @glob="{*,*/concerns}", @exclude=["assets", "javascript"], @autoload_once=false, @eager_load=true, @autoload=false, @load_path=false>, "app/assets"=>#<Rails::Paths::Path:0x00007ffc9bd1e648 @paths=["app/assets"], @current="app/assets", @root=#<Rails::Paths::Root:0x00007ffc9bd1e788 ...>, @glob="*", @exclude=nil, @autoload_once=false, @eager_load=false, @autoload=false, @load_path=false>, "app/controllers"=>#<Rails::Paths::Path:0x00007ffc9bd1e5d0 @paths=["app/controllers"], @current="app/controllers", @root=#<Rails::Paths::Root:0x00007ffc9bd1e788 ...>, @glob=nil, @exclude=nil, @autoload_once=false, @eager_load=true, @autoload=false, @load_path=false>, "app/channels"=>#<Rails::Paths::Path:0x00007ffc9bd1e558 @paths=["app/channels"], @current="app/channels", @root=#<Rails::Paths::Root:0x00007ffc9bd1e788 ...>, @glob="**/*_channel.rb", @exclude=nil, @autoload_once=false, @eager_load=true, @autoload=false, @load_path=false>, "app/helpers"=>#<Rails::Paths::Path:0x00007ffc9bd1e4e0 @paths=["app/helpers"], @current="app/helpers", @root=#<Rails::Paths::Root:0x00007ffc9bd1e788 ...>, @glob=nil, @exclude=nil, @autoload_once=false, @eager_load=true, @autoload=false, @load_path=false>, "app/models"=>#<Rails::Paths::Path:0x00007ffc9bd1e468 @paths=["app/models"], @current="app/models", @root=#<Rails::Paths::Root:0x00007ffc9bd1e788 ...>, @glob=nil, @exclude=nil, @autoload_once=false, @eager_load=true, @autoload=false, @load_path=false>, "app/mailers"=>#<Rails::Paths::Path:0x00007ffc9bd1e3f0 @paths=["app/mailers"], @current="app/mailers", @root=#<Rails::Paths::Root:0x00007ffc9bd1e788 ...>, @glob=nil, @exclude=nil, @autoload_once=false, @eager_load=true, @autoload=false, @load_path=false>, "app/views"=>#<Rails::Paths::Path:0x00007ffc9bd1e378 @paths=["app/views"], @current="app/views", @root=#<Rails::Paths::Root:0x00007ffc9bd1e788 ...>, @glob=nil, @exclude=nil, @autoload_once=false, @eager_load=false, @autoload=false, @load_path=false>, "lib"=>#<Rails::Paths::Path:0x00007ffc9bd1e300 @paths=["lib"], @current="lib", @root=#<Rails::Paths::Root:0x00007ffc9bd1e788 ...>, @glob=nil, @exclude=nil, @autoload_once=false, @eager_load=false, @autoload=false, @load_path=true>, "lib/assets"=>#<Rails::Paths::Path:0x00007ffc9bd1e288 @paths=["lib/assets"], @current="lib/assets", @root=#<Rails::Paths::Root:0x00007ffc9bd1e788 ...>, @glob="*", @exclude=nil, @autoload_once=false, @eager_load=false, @autoload=false, @load_path=false>, "lib/tasks"=>#<Rails::Paths::Path:0x00007ffc9bd1e210 @paths=["lib/tasks"], @current="lib/tasks", @root=#<Rails::Paths::Root:0x00007ffc9bd1e788 ...>, @glob="**/*.rake", @exclude=nil, @autoload_once=false, @eager_load=false, @autoload=false, @load_path=false>, "config"=>#<Rails::Paths::Path:0x00007ffc9bd1e198 @paths=["config"], @current="config", @root=#<Rails::Paths::Root:0x00007ffc9bd1e788 ...>, @glob=nil, @exclude=nil, @autoload_once=false, @eager_load=false, @autoload=false, @load_path=false>, "config/environments"=>#<Rails::Paths::Path:0x00007ffc9bd1e0f8 @paths=["config/environments"], @current="config/environments", @root=#<Rails::Paths::Root:0x00007ffc9bd1e788 ...>, @glob="development.rb", @exclude=nil, @autoload_once=false, @eager_load=false, @autoload=false, @load_path=false>, "config/initializers"=>#<Rails::Paths::Path:0x00007ffc9bd1e080 @paths=["config/initializers"], @current="config/initializers", @root=#<Rails::Paths::Root:0x00007ffc9bd1e788 ...>, @glob="**/*.rb", @exclude=nil, @autoload_once=false, @eager_load=false, @autoload=false, @load_path=false>, "config/locales"=>#<Rails::Paths::Path:0x00007ffc9bd1e008 @paths=["config/locales"], @current="config/locales", @root=#<Rails::Paths::Root:0x00007ffc9bd1e788 ...>, @glob="*.{rb,yml}", @exclude=nil, @autoload_once=false, @eager_load=false, @autoload=false, @load_path=false>, "config/routes.rb"=>#<Rails::Paths::Path:0x00007ffc9bd1df90 @paths=["config/routes.rb"], @current="config/routes.rb", @root=#<Rails::Paths::Root:0x00007ffc9bd1e788 ...>, @glob=nil, @exclude=nil, @autoload_once=false, @eager_load=false, @autoload=false, @load_path=false>, "config/routes"=>#<Rails::Paths::Path:0x00007ffc9bd1df18 @paths=["config/routes"], @current="config/routes", @root=#<Rails::Paths::Root:0x00007ffc9bd1e788 ...>, @glob="**/*.rb", @exclude=nil, @autoload_once=false, @eager_load=false, @autoload=false, @load_path=false>, "db"=>#<Rails::Paths::Path:0x00007ffc9bd1dea0 @paths=["db"], @current="db", @root=#<Rails::Paths::Root:0x00007ffc9bd1e788 ...>, @glob=nil, @exclude=nil, @autoload_once=false, @eager_load=false, @autoload=false, @load_path=false>, "db/migrate"=>#<Rails::Paths::Path:0x00007ffc9bd1de28 @paths=["db/migrate"], @current="db/migrate", @root=#<Rails::Paths::Root:0x00007ffc9bd1e788 ...>, @glob=nil, @exclude=nil, @autoload_once=false, @eager_load=false, @autoload=false, @load_path=false>, "db/seeds.rb"=>#<Rails::Paths::Path:0x00007ffc9bd1ddb0 @paths=["db/seeds.rb"], @current="db/seeds.rb", @root=#<Rails::Paths::Root:0x00007ffc9bd1e788 ...>, @glob=nil, @exclude=nil, @autoload_once=false, @eager_load=false, @autoload=false, @load_path=false>, "vendor"=>#<Rails::Paths::Path:0x00007ffc9bd1dd38 @paths=["vendor"], @current="vendor", @root=#<Rails::Paths::Root:0x00007ffc9bd1e788 ...>, @glob=nil, @exclude=nil, @autoload_once=false, @eager_load=false, @autoload=false, @load_path=true>, "vendor/assets"=>#<Rails::Paths::Path:0x00007ffc9bd1dcc0 @paths=["vendor/assets"], @current="vendor/assets", @root=#<Rails::Paths::Root:0x00007ffc9bd1e788 ...>, @glob="*", @exclude=nil, @autoload_once=false, @eager_load=false, @autoload=false, @load_path=false>}>, @autoload_paths=[], @eager_load_paths=[], @autoload_once_paths=[]>, @env_config=nil, @helpers=nil, @routes=#<ActionDispatch::Routing::RouteSet:0x00007ffc9bdee348>, @app_build_lock=#<Thread::Mutex:0x00007ffca023e368>, @initializers=[#<Rails::Initializable::Initializer:0x00007ffca02fdcb8 @name=:load_environment_config, @context=#<Webpacker::Engine:0x00007ffca023d120 ...>, @options={:before=>:load_environment_hook, :group=>:all}, @block=#<Proc:0x00007ffc9e1d0ef0 /Users/dvalmyr/.asdf/installs/ruby/3.0.0/lib/ruby/gems/3.0.0/gems/railties-6.1.3.2/lib/rails/engine.rb:569>>, #<Rails::Initializable::Initializer:0x00007ffca02fdc68 @name=:set_load_path, @context=#<Webpacker::Engine:0x00007ffca023d120 ...>, @options={:before=>:bootstrap_hook, :after=>:load_environment_config, :group=>:default}, @block=#<Proc:0x00007ffc9e1d0d10 /Users/dvalmyr/.asdf/installs/ruby/3.0.0/lib/ruby/gems/3.0.0/gems/railties-6.1.3.2/lib/rails/engine.rb:575>>, #<Rails::Initializable::Initializer:0x00007ffca02fdc18 @name=:set_autoload_paths, @context=#<Webpacker::Engine:0x00007ffca023d120 ...>, @options={:before=>:bootstrap_hook, :after=>:set_load_path, :group=>:default}, @block=#<Proc:0x00007ffc9e1d0b80 /Users/dvalmyr/.asdf/installs/ruby/3.0.0/lib/ruby/gems/3.0.0/gems/railties-6.1.3.2/lib/rails/engine.rb:587>>, #<Rails::Initializable::Initializer:0x00007ffca02fdbc8 @name=:set_eager_load_paths, @context=#<Webpacker::Engine:0x00007ffca023d120 ...>, @options={:before=>:bootstrap_hook, :after=>:set_autoload_paths, :group=>:default}, @block=#<Proc:0x00007ffc9e1d0a68 /Users/dvalmyr/.asdf/installs/ruby/3.0.0/lib/ruby/gems/3.0.0/gems/railties-6.1.3.2/lib/rails/engine.rb:595>>, #<Rails::Initializable::Initializer:0x00007ffca02fdb78 @name=:add_routing_paths, @context=#<Webpacker::Engine:0x00007ffca023d120 ...>, @options={:after=>:set_eager_load_paths, :group=>:default}, @block=#<Proc:0x00007ffc9e1d0950 /Users/dvalmyr/.asdf/installs/ruby/3.0.0/lib/ruby/gems/3.0.0/gems/railties-6.1.3.2/lib/rails/engine.rb:600>>, #<Rails::Initializable::Initializer:0x00007ffca02fdb28 @name=:add_locales, @context=#<Webpacker::Engine:0x00007ffca023d120 ...>, @options={:after=>:add_routing_paths, :group=>:default}, @block=#<Proc:0x00007ffc9e1d0838 /Users/dvalmyr/.asdf/installs/ruby/3.0.0/lib/ruby/gems/3.0.0/gems/railties-6.1.3.2/lib/rails/engine.rb:614>>, #<Rails::Initializable::Initializer:0x00007ffca02fdad8 @name=:add_view_paths, @context=#<Webpacker::Engine:0x00007ffca023d120 ...>, @options={:after=>:add_locales, :group=>:default}, @block=#<Proc:0x00007ffc9e1d0748 /Users/dvalmyr/.asdf/installs/ruby/3.0.0/lib/ruby/gems/3.0.0/gems/railties-6.1.3.2/lib/rails/engine.rb:618>>, #<Rails::Initializable::Initializer:0x00007ffca02fda88 @name=:prepend_helpers_path, @context=#<Webpacker::Engine:0x00007ffca023d120 ...>, @options={:after=>:add_view_paths, :group=>:default}, @block=#<Proc:0x00007ffc9e1d0658 /Users/dvalmyr/.asdf/installs/ruby/3.0.0/lib/ruby/gems/3.0.0/gems/railties-6.1.3.2/lib/rails/engine.rb:626>>, #<Rails::Initializable::Initializer:0x00007ffca02fda38 @name=:load_config_initializers, @context=#<Webpacker::Engine:0x00007ffca023d120 ...>, @options={:after=>:prepend_helpers_path, :group=>:default}, @block=#<Proc:0x00007ffc9e1d0568 /Users/dvalmyr/.asdf/installs/ruby/3.0.0/lib/ruby/gems/3.0.0/gems/railties-6.1.3.2/lib/rails/engine.rb:632>>, #<Rails::Initializable::Initializer:0x00007ffca02fd9e8 @name=:wrap_executor_around_load_seed, @context=#<Webpacker::Engine:0x00007ffca023d120 ...>, @options={:after=>:load_config_initializers, :group=>:default}, @block=#<Proc:0x00007ffc9e1d0478 /Users/dvalmyr/.asdf/installs/ruby/3.0.0/lib/ruby/gems/3.0.0/gems/railties-6.1.3.2/lib/rails/engine.rb:638>>, #<Rails::Initializable::Initializer:0x00007ffca02fd998 @name=:engines_blank_point, @context=#<Webpacker::Engine:0x00007ffca023d120 ...>, @options={:after=>:wrap_executor_around_load_seed, :group=>:default}, @block=#<Proc:0x00007ffc9e1d0388 /Users/dvalmyr/.asdf/installs/ruby/3.0.0/lib/ruby/gems/3.0.0/gems/railties-6.1.3.2/lib/rails/engine.rb:644>>, #<Rails::Initializable::Initializer:0x00007ffca02fd948 @name=:append_assets_path, @context=#<Webpacker::Engine:0x00007ffca023d120 ...>, @options={:group=>:all, :after=>:engines_blank_point}, @block=#<Proc:0x00007ffc9e3a14c8 /Users/dvalmyr/.asdf/installs/ruby/3.0.0/lib/ruby/gems/3.0.0/gems/sprockets-rails-3.2.2/lib/sprockets/railtie.rb:57>>, #<Rails::Initializable::Initializer:0x00007ffca02fd8f8 @name="webpacker.proxy", @context=#<Webpacker::Engine:0x00007ffca023d120 ...>, @options={:group=>:default}, @block=#<Proc:0x00007ffca0236c30 /Users/dvalmyr/.asdf/installs/ruby/3.0.0/lib/ruby/gems/3.0.0/gems/webpacker-5.4.0/lib/webpacker/railtie.rb:10>>, #<Rails::Initializable::Initializer:0x00007ffca02fd8a8 @name="webpacker.helper", @context=#<Webpacker::Engine:0x00007ffca023d120 ...>, @options={:after=>"webpacker.proxy", :group=>:default}, @block=#<Proc:0x00007ffca0236988 /Users/dvalmyr/.asdf/installs/ruby/3.0.0/lib/ruby/gems/3.0.0/gems/webpacker-5.4.0/lib/webpacker/railtie.rb:19>>, #<Rails::Initializable::Initializer:0x00007ffca02fd858 @name="webpacker.logger", @context=#<Webpacker::Engine:0x00007ffca023d120 ...>, @options={:after=>"webpacker.helper", :group=>:default}, @block=#<Proc:0x00007ffca02366e0 /Users/dvalmyr/.asdf/installs/ruby/3.0.0/lib/ruby/gems/3.0.0/gems/webpacker-5.4.0/lib/webpacker/railtie.rb:29>>, #<Rails::Initializable::Initializer:0x00007ffca02fd808 @name="webpacker.bootstrap", @context=#<Webpacker::Engine:0x00007ffca023d120 ...>, @options={:after=>"webpacker.logger", :group=>:default}, @block=#<Proc:0x00007ffca02360a0 /Users/dvalmyr/.asdf/installs/ruby/3.0.0/lib/ruby/gems/3.0.0/gems/webpacker-5.4.0/lib/webpacker/railtie.rb:39>>, #<Rails::Initializable::Initializer:0x00007ffca02fd7b8 @name="webpacker.set_source", @context=#<Webpacker::Engine:0x00007ffca023d120 ...>, @options={:after=>"webpacker.bootstrap", :group=>:default}, @block=#<Proc:0x00007ffca0235df8 /Users/dvalmyr/.asdf/installs/ruby/3.0.0/lib/ruby/gems/3.0.0/gems/webpacker-5.4.0/lib/webpacker/railtie.rb:50>>]>, #<Turbolinks::Engine:0x00007ffc9e2a4818 @_all_autoload_paths=[], @_all_load_paths=["/Users/dvalmyr/.asdf/installs/ruby/3.0.0/lib/ruby/gems/3.0.0/gems/turbolinks-5.2.1/lib"], @app=nil, @config=#<Rails::Engine::Configuration:0x00007ffc9e2a4138 @root=#<Pathname:/Users/dvalmyr/.asdf/installs/ruby/3.0.0/lib/ruby/gems/3.0.0/gems/turbolinks-5.2.1>, @generators=#<Rails::Configuration::Generators:0x00007ffc9e2a4110 @aliases={}, @options={:rails=>{:orm=>:active_record, :test_framework=>:test_unit, :integration_tool=>:test_unit, :system_tests=>:test_unit, :stylesheet_engine=>:scss}, :active_record=>{:migration=>true, :timestamps=>true}, :test_unit=>{:fixture=>true, :fixture_replacement=>nil}}, @fallbacks={}, @templates=[], @colorize_logging=true, @api_only=false, @hidden_namespaces=["sass"], @after_generate_callbacks=[]>, @middleware=#<Rails::Configuration::MiddlewareStackProxy:0x00007ffc9e29fed0 @operations=[], @delete_operations=[]>, @javascript_path="javascript", @paths=#<Rails::Paths::Root:0x00007ffc9bd1d900 @path=#<Pathname:/Users/dvalmyr/.asdf/installs/ruby/3.0.0/lib/ruby/gems/3.0.0/gems/turbolinks-5.2.1>, @root={"app"=>#<Rails::Paths::Path:0x00007ffc9bd1d838 @paths=["app"], @current="app", @root=#<Rails::Paths::Root:0x00007ffc9bd1d900 ...>, @glob="{*,*/concerns}", @exclude=["assets", "javascript"], @autoload_once=false, @eager_load=true, @autoload=false, @load_path=false>, "app/assets"=>#<Rails::Paths::Path:0x00007ffc9bd1d7c0 @paths=["app/assets"], @current="app/assets", @root=#<Rails::Paths::Root:0x00007ffc9bd1d900 ...>, @glob="*", @exclude=nil, @autoload_once=false, @eager_load=false, @autoload=false, @load_path=false>, "app/controllers"=>#<Rails::Paths::Path:0x00007ffc9bd1d748 @paths=["app/controllers"], @current="app/controllers", @root=#<Rails::Paths::Root:0x00007ffc9bd1d900 ...>, @glob=nil, @exclude=nil, @autoload_once=false, @eager_load=true, @autoload=false, @load_path=false>, "app/channels"=>#<Rails::Paths::Path:0x00007ffc9bd1d6d0 @paths=["app/channels"], @current="app/channels", @root=#<Rails::Paths::Root:0x00007ffc9bd1d900 ...>, @glob="**/*_channel.rb", @exclude=nil, @autoload_once=false, @eager_load=true, @autoload=false, @load_path=false>, "app/helpers"=>#<Rails::Paths::Path:0x00007ffc9bd1d658 @paths=["app/helpers"], @current="app/helpers", @root=#<Rails::Paths::Root:0x00007ffc9bd1d900 ...>, @glob=nil, @exclude=nil, @autoload_once=false, @eager_load=true, @autoload=false, @load_path=false>, "app/models"=>#<Rails::Paths::Path:0x00007ffc9bd1d5e0 @paths=["app/models"], @current="app/models", @root=#<Rails::Paths::Root:0x00007ffc9bd1d900 ...>, @glob=nil, @exclude=nil, @autoload_once=false, @eager_load=true, @autoload=false, @load_path=false>, "app/mailers"=>#<Rails::Paths::Path:0x00007ffc9bd1d568 @paths=["app/mailers"], @current="app/mailers", @root=#<Rails::Paths::Root:0x00007ffc9bd1d900 ...>, @glob=nil, @exclude=nil, @autoload_once=false, @eager_load=true, @autoload=false, @load_path=false>, "app/views"=>#<Rails::Paths::Path:0x00007ffc9bd1d4f0 @paths=["app/views"], @current="app/views", @root=#<Rails::Paths::Root:0x00007ffc9bd1d900 ...>, @glob=nil, @exclude=nil, @autoload_once=false, @eager_load=false, @autoload=false, @load_path=false>, "lib"=>#<Rails::Paths::Path:0x00007ffc9bd1d478 @paths=["lib"], @current="lib", @root=#<Rails::Paths::Root:0x00007ffc9bd1d900 ...>, @glob=nil, @exclude=nil, @autoload_once=false, @eager_load=false, @autoload=false, @load_path=true>, "lib/assets"=>#<Rails::Paths::Path:0x00007ffc9bd1d400 @paths=["lib/assets"], @current="lib/assets", @root=#<Rails::Paths::Root:0x00007ffc9bd1d900 ...>, @glob="*", @exclude=nil, @autoload_once=false, @eager_load=false, @autoload=false, @load_path=false>, "lib/tasks"=>#<Rails::Paths::Path:0x00007ffc9bd1d388 @paths=["lib/tasks"], @current="lib/tasks", @root=#<Rails::Paths::Root:0x00007ffc9bd1d900 ...>, @glob="**/*.rake", @exclude=nil, @autoload_once=false, @eager_load=false, @autoload=false, @load_path=false>, "config"=>#<Rails::Paths::Path:0x00007ffc9bd1d310 @paths=["config"], @current="config", @root=#<Rails::Paths::Root:0x00007ffc9bd1d900 ...>, @glob=nil, @exclude=nil, @autoload_once=false, @eager_load=false, @autoload=false, @load_path=false>, "config/environments"=>#<Rails::Paths::Path:0x00007ffc9bd1d270 @paths=["config/environments"], @current="config/environments", @root=#<Rails::Paths::Root:0x00007ffc9bd1d900 ...>, @glob="development.rb", @exclude=nil, @autoload_once=false, @eager_load=false, @autoload=false, @load_path=false>, "config/initializers"=>#<Rails::Paths::Path:0x00007ffc9bd1d1f8 @paths=["config/initializers"], @current="config/initializers", @root=#<Rails::Paths::Root:0x00007ffc9bd1d900 ...>, @glob="**/*.rb", @exclude=nil, @autoload_once=false, @eager_load=false, @autoload=false, @load_path=false>, "config/locales"=>#<Rails::Paths::Path:0x00007ffc9bd1d180 @paths=["config/locales"], @current="config/locales", @root=#<Rails::Paths::Root:0x00007ffc9bd1d900 ...>, @glob="*.{rb,yml}", @exclude=nil, @autoload_once=false, @eager_load=false, @autoload=false, @load_path=false>, "config/routes.rb"=>#<Rails::Paths::Path:0x00007ffc9bd1d108 @paths=["config/routes.rb"], @current="config/routes.rb", @root=#<Rails::Paths::Root:0x00007ffc9bd1d900 ...>, @glob=nil, @exclude=nil, @autoload_once=false, @eager_load=false, @autoload=false, @load_path=false>, "config/routes"=>#<Rails::Paths::Path:0x00007ffc9bd1d090 @paths=["config/routes"], @current="config/routes", @root=#<Rails::Paths::Root:0x00007ffc9bd1d900 ...>, @glob="**/*.rb", @exclude=nil, @autoload_once=false, @eager_load=false, @autoload=false, @load_path=false>, "db"=>#<Rails::Paths::Path:0x00007ffc9bd1d018 @paths=["db"], @current="db", @root=#<Rails::Paths::Root:0x00007ffc9bd1d900 ...>, @glob=nil, @exclude=nil, @autoload_once=false, @eager_load=false, @autoload=false, @load_path=false>, "db/migrate"=>#<Rails::Paths::Path:0x00007ffc9bd1cfa0 @paths=["db/migrate"], @current="db/migrate", @root=#<Rails::Paths::Root:0x00007ffc9bd1d900 ...>, @glob=nil, @exclude=nil, @autoload_once=false, @eager_load=false, @autoload=false, @load_path=false>, "db/seeds.rb"=>#<Rails::Paths::Path:0x00007ffc9bd1cf28 @paths=["db/seeds.rb"], @current="db/seeds.rb", @root=#<Rails::Paths::Root:0x00007ffc9bd1d900 ...>, @glob=nil, @exclude=nil, @autoload_once=false, @eager_load=false, @autoload=false, @load_path=false>, "vendor"=>#<Rails::Paths::Path:0x00007ffc9bd1ceb0 @paths=["vendor"], @current="vendor", @root=#<Rails::Paths::Root:0x00007ffc9bd1d900 ...>, @glob=nil, @exclude=nil, @autoload_once=false, @eager_load=false, @autoload=false, @load_path=true>, "vendor/assets"=>#<Rails::Paths::Path:0x00007ffc9bd1ce38 @paths=["vendor/assets"], @current="vendor/assets", @root=#<Rails::Paths::Root:0x00007ffc9bd1d900 ...>, @glob="*", @exclude=nil, @autoload_once=false, @eager_load=false, @autoload=false, @load_path=false>}>, @autoload_paths=[], @eager_load_paths=[], @autoload_once_paths=[]>, @env_config=nil, @helpers=nil, @routes=#<ActionDispatch::Routing::RouteSet:0x00007ffc9bded678>, @app_build_lock=#<Thread::Mutex:0x00007ffc9e2a47a0>, @initializers=[#<Rails::Initializable::Initializer:0x00007ffca02fd330 @name=:load_environment_config, @context=#<Turbolinks::Engine:0x00007ffc9e2a4818 ...>, @options={:before=>:load_environment_hook, :group=>:all}, @block=#<Proc:0x00007ffc9e1d0ef0 /Users/dvalmyr/.asdf/installs/ruby/3.0.0/lib/ruby/gems/3.0.0/gems/railties-6.1.3.2/lib/rails/engine.rb:569>>, #<Rails::Initializable::Initializer:0x00007ffca02fd2e0 @name=:set_load_path, @context=#<Turbolinks::Engine:0x00007ffc9e2a4818 ...>, @options={:before=>:bootstrap_hook, :after=>:load_environment_config, :group=>:default}, @block=#<Proc:0x00007ffc9e1d0d10 /Users/dvalmyr/.asdf/installs/ruby/3.0.0/lib/ruby/gems/3.0.0/gems/railties-6.1.3.2/lib/rails/engine.rb:575>>, #<Rails::Initializable::Initializer:0x00007ffca02fd290 @name=:set_autoload_paths, @context=#<Turbolinks::Engine:0x00007ffc9e2a4818 ...>, @options={:before=>:bootstrap_hook, :after=>:set_load_path, :group=>:default}, @block=#<Proc:0x00007ffc9e1d0b80 /Users/dvalmyr/.asdf/installs/ruby/3.0.0/lib/ruby/gems/3.0.0/gems/railties-6.1.3.2/lib/rails/engine.rb:587>>, #<Rails::Initializable::Initializer:0x00007ffca02fd240 @name=:set_eager_load_paths, @context=#<Turbolinks::Engine:0x00007ffc9e2a4818 ...>, @options={:before=>:bootstrap_hook, :after=>:set_autoload_paths, :group=>:default}, @block=#<Proc:0x00007ffc9e1d0a68 /Users/dvalmyr/.asdf/installs/ruby/3.0.0/lib/ruby/gems/3.0.0/gems/railties-6.1.3.2/lib/rails/engine.rb:595>>, #<Rails::Initializable::Initializer:0x00007ffca02fd1f0 @name=:add_routing_paths, @context=#<Turbolinks::Engine:0x00007ffc9e2a4818 ...>, @options={:after=>:set_eager_load_paths, :group=>:default}, @block=#<Proc:0x00007ffc9e1d0950 /Users/dvalmyr/.asdf/installs/ruby/3.0.0/lib/ruby/gems/3.0.0/gems/railties-6.1.3.2/lib/rails/engine.rb:600>>, #<Rails::Initializable::Initializer:0x00007ffca02fd1a0 @name=:add_locales, @context=#<Turbolinks::Engine:0x00007ffc9e2a4818 ...>, @options={:after=>:add_routing_paths, :group=>:default}, @block=#<Proc:0x00007ffc9e1d0838 /Users/dvalmyr/.asdf/installs/ruby/3.0.0/lib/ruby/gems/3.0.0/gems/railties-6.1.3.2/lib/rails/engine.rb:614>>, #<Rails::Initializable::Initializer:0x00007ffca02fd150 @name=:add_view_paths, @context=#<Turbolinks::Engine:0x00007ffc9e2a4818 ...>, @options={:after=>:add_locales, :group=>:default}, @block=#<Proc:0x00007ffc9e1d0748 /Users/dvalmyr/.asdf/installs/ruby/3.0.0/lib/ruby/gems/3.0.0/gems/railties-6.1.3.2/lib/rails/engine.rb:618>>, #<Rails::Initializable::Initializer:0x00007ffca02fd100 @name=:prepend_helpers_path, @context=#<Turbolinks::Engine:0x00007ffc9e2a4818 ...>, @options={:after=>:add_view_paths, :group=>:default}, @block=#<Proc:0x00007ffc9e1d0658 /Users/dvalmyr/.asdf/installs/ruby/3.0.0/lib/ruby/gems/3.0.0/gems/railties-6.1.3.2/lib/rails/engine.rb:626>>, #<Rails::Initializable::Initializer:0x00007ffca02fd0b0 @name=:load_config_initializers, @context=#<Turbolinks::Engine:0x00007ffc9e2a4818 ...>, @options={:after=>:prepend_helpers_path, :group=>:default}, @block=#<Proc:0x00007ffc9e1d0568 /Users/dvalmyr/.asdf/installs/ruby/3.0.0/lib/ruby/gems/3.0.0/gems/railties-6.1.3.2/lib/rails/engine.rb:632>>, #<Rails::Initializable::Initializer:0x00007ffca02fd060 @name=:wrap_executor_around_load_seed, @context=#<Turbolinks::Engine:0x00007ffc9e2a4818 ...>, @options={:after=>:load_config_initializers, :group=>:default}, @block=#<Proc:0x00007ffc9e1d0478 /Users/dvalmyr/.asdf/installs/ruby/3.0.0/lib/ruby/gems/3.0.0/gems/railties-6.1.3.2/lib/rails/engine.rb:638>>, #<Rails::Initializable::Initializer:0x00007ffca02fd010 @name=:engines_blank_point, @context=#<Turbolinks::Engine:0x00007ffc9e2a4818 ...>, @options={:after=>:wrap_executor_around_load_seed, :group=>:default}, @block=#<Proc:0x00007ffc9e1d0388 /Users/dvalmyr/.asdf/installs/ruby/3.0.0/lib/ruby/gems/3.0.0/gems/railties-6.1.3.2/lib/rails/engine.rb:644>>, #<Rails::Initializable::Initializer:0x00007ffca02fcfc0 @name=:append_assets_path, @context=#<Turbolinks::Engine:0x00007ffc9e2a4818 ...>, @options={:group=>:all, :after=>:engines_blank_point}, @block=#<Proc:0x00007ffc9e3a14c8 /Users/dvalmyr/.asdf/installs/ruby/3.0.0/lib/ruby/gems/3.0.0/gems/sprockets-rails-3.2.2/lib/sprockets/railtie.rb:57>>, #<Rails::Initializable::Initializer:0x00007ffca02fcf70 @name=:turbolinks, @context=#<Turbolinks::Engine:0x00007ffc9e2a4818 ...>, @options={:group=>:default}, @block=#<Proc:0x00007ffc9e29f728 /Users/dvalmyr/.asdf/installs/ruby/3.0.0/lib/ruby/gems/3.0.0/gems/turbolinks-5.2.1/lib/turbolinks.rb:20>>]>, #<ScheduledTweets::Application:0x00007ffc9bcd7d88 ...>]], @railties=#<Rails::Engine::Railties:0x00007ffc9fa2e6a0 @_all=[#<I18n::Railtie:0x00007ffc9e203f30 @config=#<Rails::Railtie::Configuration:0x00007ffca021c218>, @initializers=[]>, #<ActiveSupport::Railtie:0x00007ffc9bb633a8 @config=#<Rails::Railtie::Configuration:0x00007ffc9bb632e0>, @initializers=[#<Rails::Initializable::Initializer:0x00007ffc9fa2d1d8 @name="active_support.set_authenticated_message_encryption", @context=#<ActiveSupport::Railtie:0x00007ffc9bb633a8 ...>, @options={:group=>:default}, @block=#<Proc:0x00007ffc9bb63150 /Users/dvalmyr/.asdf/installs/ruby/3.0.0/lib/ruby/gems/3.0.0/gems/activesupport-6.1.3.2/lib/active_support/railtie.rb:12>>, #<Rails::Initializable::Initializer:0x00007ffc9fa2d188 @name="active_support.reset_all_current_attributes_instances", @context=#<ActiveSupport::Railtie:0x00007ffc9bb633a8 ...>, @options={:after=>"active_support.set_authenticated_message_encryption", :group=>:default}, @block=#<Proc:0x00007ffc9bb62fc0 /Users/dvalmyr/.asdf/installs/ruby/3.0.0/lib/ruby/gems/3.0.0/gems/activesupport-6.1.3.2/lib/active_support/railtie.rb:21>>, #<Rails::Initializable::Initializer:0x00007ffc9fa2d138 @name="active_support.deprecation_behavior", @context=#<ActiveSupport::Railtie:0x00007ffc9bb633a8 ...>, @options={:after=>"active_support.reset_all_current_attributes_instances", :group=>:default}, @block=#<Proc:0x00007ffc9bb62e08 /Users/dvalmyr/.asdf/installs/ruby/3.0.0/lib/ruby/gems/3.0.0/gems/activesupport-6.1.3.2/lib/active_support/railtie.rb:32>>, #<Rails::Initializable::Initializer:0x00007ffc9fa2d0e8 @name="active_support.initialize_time_zone", @context=#<ActiveSupport::Railtie:0x00007ffc9bb633a8 ...>, @options={:after=>"active_support.deprecation_behavior", :group=>:default}, @block=#<Proc:0x00007ffc9bb62d18 /Users/dvalmyr/.asdf/installs/ruby/3.0.0/lib/ruby/gems/3.0.0/gems/activesupport-6.1.3.2/lib/active_support/railtie.rb:48>>, #<Rails::Initializable::Initializer:0x00007ffc9fa2d098 @name="active_support.initialize_beginning_of_week", @context=#<ActiveSupport::Railtie:0x00007ffc9bb633a8 ...>, @options={:after=>"active_support.initialize_time_zone", :group=>:default}, @block=#<Proc:0x00007ffc9bb62c28 /Users/dvalmyr/.asdf/installs/ruby/3.0.0/lib/ruby/gems/3.0.0/gems/activesupport-6.1.3.2/lib/active_support/railtie.rb:60>>, #<Rails::Initializable::Initializer:0x00007ffc9fa2d048 @name="active_support.require_master_key", @context=#<ActiveSupport::Railtie:0x00007ffc9bb633a8 ...>, @options={:after=>"active_support.initialize_beginning_of_week", :group=>:default}, @block=#<Proc:0x00007ffc9bb62b38 /Users/dvalmyr/.asdf/installs/ruby/3.0.0/lib/ruby/gems/3.0.0/gems/activesupport-6.1.3.2/lib/active_support/railtie.rb:67>>, #<Rails::Initializable::Initializer:0x00007ffc9fa2cff8 @name="active_support.set_configs", @context=#<ActiveSupport::Railtie:0x00007ffc9bb633a8 ...>, @options={:after=>"active_support.require_master_key", :group=>:default}, @block=#<Proc:0x00007ffc9bb62a48 /Users/dvalmyr/.asdf/installs/ruby/3.0.0/lib/ruby/gems/3.0.0/gems/activesupport-6.1.3.2/lib/active_support/railtie.rb:78>>, #<Rails::Initializable::Initializer:0x00007ffc9fa2cfa8 @name="active_support.set_hash_digest_class", @context=#<ActiveSupport::Railtie:0x00007ffc9bb633a8 ...>, @options={:after=>"active_support.set_configs", :group=>:default}, @block=#<Proc:0x00007ffc9bb62958 /Users/dvalmyr/.asdf/installs/ruby/3.0.0/lib/ruby/gems/3.0.0/gems/activesupport-6.1.3.2/lib/active_support/railtie.rb:85>>]>, #<ActionDispatch::Railtie:0x00007ffc9bb6bbe8 @config=#<Rails::Railtie::Configuration:0x00007ffc9bb6bb20>, @initializers=[#<Rails::Initializable::Initializer:0x00007ffc9fa2cc10 @name="action_dispatch.configure", @context=#<ActionDispatch::Railtie:0x00007ffc9bb6bbe8 ...>, @options={:group=>:default}, @block=#<Proc:0x00007ffc9bb6a748 /Users/dvalmyr/.asdf/installs/ruby/3.0.0/lib/ruby/gems/3.0.0/gems/actionpack-6.1.3.2/lib/action_dispatch/railtie.rb:41>>]>, #<ActiveModel::Railtie:0x00007ffca01477e8 @config=#<Rails::Railtie::Configuration:0x00007ffca0147720>, @initializers=[#<Rails::Initializable::Initializer:0x00007ffc9fa2c8a0 @name="active_model.secure_password", @context=#<ActiveModel::Railtie:0x00007ffca01477e8 ...>, @options={:group=>:default}, @block=#<Proc:0x00007ffca0147568 /Users/dvalmyr/.asdf/installs/ruby/3.0.0/lib/ruby/gems/3.0.0/gems/activemodel-6.1.3.2/lib/active_model/railtie.rb:12>>, #<Rails::Initializable::Initializer:0x00007ffc9fa2c850 @name="active_model.i18n_customize_full_message", @context=#<ActiveModel::Railtie:0x00007ffca01477e8 ...>, @options={:after=>"active_model.secure_password", :group=>:default}, @block=#<Proc:0x00007ffca0147478 /Users/dvalmyr/.asdf/installs/ruby/3.0.0/lib/ruby/gems/3.0.0/gems/activemodel-6.1.3.2/lib/active_model/railtie.rb:16>>]>, #<ActionController::Railtie:0x00007ffc9e143870 @config=#<Rails::Railtie::Configuration:0x00007ffc9e1435a0>, @initializers=[#<Rails::Initializable::Initializer:0x00007ffc9fa2c490 @name="action_controller.assets_config", @context=#<ActionController::Railtie:0x00007ffc9e143870 ...>, @options={:group=>:all}, @block=#<Proc:0x00007ffc9e142d08 /Users/dvalmyr/.asdf/installs/ruby/3.0.0/lib/ruby/gems/3.0.0/gems/actionpack-6.1.3.2/lib/action_controller/railtie.rb:16>>, #<Rails::Initializable::Initializer:0x00007ffc9fa2c440 @name="action_controller.set_helpers_path", @context=#<ActionController::Railtie:0x00007ffc9e143870 ...>, @options={:after=>"action_controller.assets_config", :group=>:default}, @block=#<Proc:0x00007ffc9e142880 /Users/dvalmyr/.asdf/installs/ruby/3.0.0/lib/ruby/gems/3.0.0/gems/actionpack-6.1.3.2/lib/action_controller/railtie.rb:20>>, #<Rails::Initializable::Initializer:0x00007ffc9fa2c3f0 @name="action_controller.parameters_config", @context=#<ActionController::Railtie:0x00007ffc9e143870 ...>, @options={:after=>"action_controller.set_helpers_path", :group=>:default}, @block=#<Proc:0x00007ffc9e142470 /Users/dvalmyr/.asdf/installs/ruby/3.0.0/lib/ruby/gems/3.0.0/gems/actionpack-6.1.3.2/lib/action_controller/railtie.rb:24>>, #<Rails::Initializable::Initializer:0x00007ffc9fa2c3a0 @name="action_controller.set_configs", @context=#<ActionController::Railtie:0x00007ffc9e143870 ...>, @options={:after=>"action_controller.parameters_config", :group=>:default}, @block=#<Proc:0x00007ffc9e142100 /Users/dvalmyr/.asdf/installs/ruby/3.0.0/lib/ruby/gems/3.0.0/gems/actionpack-6.1.3.2/lib/action_controller/railtie.rb:39>>, #<Rails::Initializable::Initializer:0x00007ffc9fa2c350 @name="action_controller.compile_config_methods", @context=#<ActionController::Railtie:0x00007ffc9e143870 ...>, @options={:after=>"action_controller.set_configs", :group=>:default}, @block=#<Proc:0x00007ffc9e141cc8 /Users/dvalmyr/.asdf/installs/ruby/3.0.0/lib/ruby/gems/3.0.0/gems/actionpack-6.1.3.2/lib/action_controller/railtie.rb:69>>, #<Rails::Initializable::Initializer:0x00007ffc9fa2c300 @name="action_controller.request_forgery_protection", @context=#<ActionController::Railtie:0x00007ffc9e143870 ...>, @options={:after=>"action_controller.compile_config_methods", :group=>:default}, @block=#<Proc:0x00007ffc9e1416d8 /Users/dvalmyr/.asdf/installs/ruby/3.0.0/lib/ruby/gems/3.0.0/gems/actionpack-6.1.3.2/lib/action_controller/railtie.rb:75>>, #<Rails::Initializable::Initializer:0x00007ffc9fa2c2b0 @name="action_controller.eager_load_actions", @context=#<ActionController::Railtie:0x00007ffc9e143870 ...>, @options={:after=>"action_controller.request_forgery_protection", :group=>:default}, @block=#<Proc:0x00007ffc9e141278 /Users/dvalmyr/.asdf/installs/ruby/3.0.0/lib/ruby/gems/3.0.0/gems/actionpack-6.1.3.2/lib/action_controller/railtie.rb:83>>]>, #<ActiveRecord::Railtie:0x00007ffc9e13ba58 @config=#<Rails::Railtie::Configuration:0x00007ffc9e13b7b0>, @initializers=[#<Rails::Initializable::Initializer:0x00007ffca02dbeb0 @name="active_record.initialize_timezone", @context=#<ActiveRecord::Railtie:0x00007ffc9e13ba58 ...>, @options={:group=>:default}, @block=#<Proc:0x00007ffc9e132750 /Users/dvalmyr/.asdf/installs/ruby/3.0.0/lib/ruby/gems/3.0.0/gems/activerecord-6.1.3.2/lib/active_record/railtie.rb:70>>, #<Rails::Initializable::Initializer:0x00007ffca02dbe60 @name="active_record.logger", @context=#<ActiveRecord::Railtie:0x00007ffc9e13ba58 ...>, @options={:after=>"active_record.initialize_timezone", :group=>:default}, @block=#<Proc:0x00007ffc9e132368 /Users/dvalmyr/.asdf/installs/ruby/3.0.0/lib/ruby/gems/3.0.0/gems/activerecord-6.1.3.2/lib/active_record/railtie.rb:77>>, #<Rails::Initializable::Initializer:0x00007ffca02dbe10 @name="active_record.backtrace_cleaner", @context=#<ActiveRecord::Railtie:0x00007ffc9e13ba58 ...>, @options={:after=>"active_record.logger", :group=>:default}, @block=#<Proc:0x00007ffc9e1320c0 /Users/dvalmyr/.asdf/installs/ruby/3.0.0/lib/ruby/gems/3.0.0/gems/activerecord-6.1.3.2/lib/active_record/railtie.rb:81>>, #<Rails::Initializable::Initializer:0x00007ffca02dbdc0 @name="active_record.migration_error", @context=#<ActiveRecord::Railtie:0x00007ffc9e13ba58 ...>, @options={:after=>"active_record.backtrace_cleaner", :group=>:default}, @block=#<Proc:0x00007ffc9e131e18 /Users/dvalmyr/.asdf/installs/ruby/3.0.0/lib/ruby/gems/3.0.0/gems/activerecord-6.1.3.2/lib/active_record/railtie.rb:85>>, #<Rails::Initializable::Initializer:0x00007ffca02dbd70 @name="active_record.database_selector", @context=#<ActiveRecord::Railtie:0x00007ffc9e13ba58 ...>, @options={:after=>"active_record.migration_error", :group=>:default}, @block=#<Proc:0x00007ffc9e131b48 /Users/dvalmyr/.asdf/installs/ruby/3.0.0/lib/ruby/gems/3.0.0/gems/activerecord-6.1.3.2/lib/active_record/railtie.rb:93>>, #<Rails::Initializable::Initializer:0x00007ffca02dbd20 @name="Check for cache versioning support", @context=#<ActiveRecord::Railtie:0x00007ffc9e13ba58 ...>, @options={:after=>"active_record.database_selector", :group=>:default}, @block=#<Proc:0x00007ffc9e1315f8 /Users/dvalmyr/.asdf/installs/ruby/3.0.0/lib/ruby/gems/3.0.0/gems/activerecord-6.1.3.2/lib/active_record/railtie.rb:101>>, #<Rails::Initializable::Initializer:0x00007ffca02dbcd0 @name="active_record.check_schema_cache_dump", @context=#<ActiveRecord::Railtie:0x00007ffc9e13ba58 ...>, @options={:after=>"Check for cache versioning support", :group=>:default}, @block=#<Proc:0x00007ffc9e131418 /Users/dvalmyr/.asdf/installs/ruby/3.0.0/lib/ruby/gems/3.0.0/gems/activerecord-6.1.3.2/lib/active_record/railtie.rb:126>>, #<Rails::Initializable::Initializer:0x00007ffca02dbc80 @name="active_record.define_attribute_methods", @context=#<ActiveRecord::Railtie:0x00007ffc9e13ba58 ...>, @options={:after=>"active_record.check_schema_cache_dump", :group=>:default}, @block=#<Proc:0x00007ffc9e130fb8 /Users/dvalmyr/.asdf/installs/ruby/3.0.0/lib/ruby/gems/3.0.0/gems/activerecord-6.1.3.2/lib/active_record/railtie.rb:163>>, #<Rails::Initializable::Initializer:0x00007ffca02dbc30 @name="active_record.warn_on_records_fetched_greater_than", @context=#<ActiveRecord::Railtie:0x00007ffc9e13ba58 ...>, @options={:after=>"active_record.define_attribute_methods", :group=>:default}, @block=#<Proc:0x00007ffc9e130c98 /Users/dvalmyr/.asdf/installs/ruby/3.0.0/lib/ruby/gems/3.0.0/gems/activerecord-6.1.3.2/lib/active_record/railtie.rb:196>>, #<Rails::Initializable::Initializer:0x00007ffca02dbbe0 @name="active_record.set_configs", @context=#<ActiveRecord::Railtie:0x00007ffc9e13ba58 ...>, @options={:after=>"active_record.warn_on_records_fetched_greater_than", :group=>:default}, @block=#<Proc:0x00007ffc9e1306d0 /Users/dvalmyr/.asdf/installs/ruby/3.0.0/lib/ruby/gems/3.0.0/gems/activerecord-6.1.3.2/lib/active_record/railtie.rb:204>>, #<Rails::Initializable::Initializer:0x00007ffca02dbb90 @name="active_record.initialize_database", @context=#<ActiveRecord::Railtie:0x00007ffc9e13ba58 ...>, @options={:after=>"active_record.set_configs", :group=>:default}, @block=#<Proc:0x00007ffc9e130310 /Users/dvalmyr/.asdf/installs/ruby/3.0.0/lib/ruby/gems/3.0.0/gems/activerecord-6.1.3.2/lib/active_record/railtie.rb:216>>, #<Rails::Initializable::Initializer:0x00007ffca02dbb40 @name="active_record.log_runtime", @context=#<ActiveRecord::Railtie:0x00007ffc9e13ba58 ...>, @options={:after=>"active_record.initialize_database", :group=>:default}, @block=#<Proc:0x00007ffc9e12bba8 /Users/dvalmyr/.asdf/installs/ruby/3.0.0/lib/ruby/gems/3.0.0/gems/activerecord-6.1.3.2/lib/active_record/railtie.rb:227>>, #<Rails::Initializable::Initializer:0x00007ffca02dbaf0 @name="active_record.set_reloader_hooks", @context=#<ActiveRecord::Railtie:0x00007ffc9e13ba58 ...>, @options={:after=>"active_record.log_runtime", :group=>:default}, @block=#<Proc:0x00007ffc9e12b978 /Users/dvalmyr/.asdf/installs/ruby/3.0.0/lib/ruby/gems/3.0.0/gems/activerecord-6.1.3.2/lib/active_record/railtie.rb:234>>, #<Rails::Initializable::Initializer:0x00007ffca02dbaa0 @name="active_record.set_executor_hooks", @context=#<ActiveRecord::Railtie:0x00007ffc9e13ba58 ...>, @options={:after=>"active_record.set_reloader_hooks", :group=>:default}, @block=#<Proc:0x00007ffc9e12b4f0 /Users/dvalmyr/.asdf/installs/ruby/3.0.0/lib/ruby/gems/3.0.0/gems/activerecord-6.1.3.2/lib/active_record/railtie.rb:245>>, #<Rails::Initializable::Initializer:0x00007ffca02dba50 @name="active_record.add_watchable_files", @context=#<ActiveRecord::Railtie:0x00007ffc9e13ba58 ...>, @options={:after=>"active_record.set_executor_hooks", :group=>:default}, @block=#<Proc:0x00007ffc9e12af78 /Users/dvalmyr/.asdf/installs/ruby/3.0.0/lib/ruby/gems/3.0.0/gems/activerecord-6.1.3.2/lib/active_record/railtie.rb:249>>, #<Rails::Initializable::Initializer:0x00007ffca02dba00 @name="active_record.clear_active_connections", @context=#<ActiveRecord::Railtie:0x00007ffc9e13ba58 ...>, @options={:after=>"active_record.add_watchable_files", :group=>:default}, @block=#<Proc:0x00007ffc9e12a1e0 /Users/dvalmyr/.asdf/installs/ruby/3.0.0/lib/ruby/gems/3.0.0/gems/activerecord-6.1.3.2/lib/active_record/railtie.rb:254>>, #<Rails::Initializable::Initializer:0x00007ffca02db9b0 @name="active_record.set_filter_attributes", @context=#<ActiveRecord::Railtie:0x00007ffc9e13ba58 ...>, @options={:after=>"active_record.clear_active_connections", :group=>:default}, @block=#<Proc:0x00007ffc9e129ad8 /Users/dvalmyr/.asdf/installs/ruby/3.0.0/lib/ruby/gems/3.0.0/gems/activerecord-6.1.3.2/lib/active_record/railtie.rb:271>>, #<Rails::Initializable::Initializer:0x00007ffca02db960 @name="active_record.set_signed_id_verifier_secret", @context=#<ActiveRecord::Railtie:0x00007ffc9e13ba58 ...>, @options={:after=>"active_record.set_filter_attributes", :group=>:default}, @block=#<Proc:0x00007ffc9e128930 /Users/dvalmyr/.asdf/installs/ruby/3.0.0/lib/ruby/gems/3.0.0/gems/activerecord-6.1.3.2/lib/active_record/railtie.rb:277>>]>, #<GlobalID::Railtie:0x00007ffc9bb13f60 @config=#<Rails::Railtie::Configuration:0x00007ffc9bb13d80>, @initializers=[#<Rails::Initializable::Initializer:0x00007ffca02db5c8 @name="global_id", @context=#<GlobalID::Railtie:0x00007ffc9bb13f60 ...>, @options={:group=>:default}, @block=#<Proc:0x00007ffc9bb131a0 /Users/dvalmyr/.asdf/installs/ruby/3.0.0/lib/ruby/gems/3.0.0/gems/globalid-0.4.2/lib/global_id/railtie.rb:16>>]>, #<ActiveJob::Railtie:0x00007ffc9bb08b10 @config=#<Rails::Railtie::Configuration:0x00007ffc9bb08890>, @initializers=[#<Rails::Initializable::Initializer:0x00007ffca02db208 @name="active_job.logger", @context=#<ActiveJob::Railtie:0x00007ffc9bb08b10 ...>, @options={:group=>:default}, @block=#<Proc:0x00007ffc9bb080e8 /Users/dvalmyr/.asdf/installs/ruby/3.0.0/lib/ruby/gems/3.0.0/gems/activejob-6.1.3.2/lib/active_job/railtie.rb:12>>, #<Rails::Initializable::Initializer:0x00007ffca02db1b8 @name="active_job.custom_serializers", @context=#<ActiveJob::Railtie:0x00007ffc9bb08b10 ...>, @options={:after=>"active_job.logger", :group=>:default}, @block=#<Proc:0x00007ffc9e193be0 /Users/dvalmyr/.asdf/installs/ruby/3.0.0/lib/ruby/gems/3.0.0/gems/activejob-6.1.3.2/lib/active_job/railtie.rb:16>>, #<Rails::Initializable::Initializer:0x00007ffca02db168 @name="active_job.set_configs", @context=#<ActiveJob::Railtie:0x00007ffc9bb08b10 ...>, @options={:after=>"active_job.custom_serializers", :group=>:default}, @block=#<Proc:0x00007ffc9e191b10 /Users/dvalmyr/.asdf/installs/ruby/3.0.0/lib/ruby/gems/3.0.0/gems/activejob-6.1.3.2/lib/active_job/railtie.rb:23>>, #<Rails::Initializable::Initializer:0x00007ffca02db118 @name="active_job.set_reloader_hook", @context=#<ActiveJob::Railtie:0x00007ffc9bb08b10 ...>, @options={:after=>"active_job.set_configs", :group=>:default}, @block=#<Proc:0x00007ffc9e1916d8 /Users/dvalmyr/.asdf/installs/ruby/3.0.0/lib/ruby/gems/3.0.0/gems/activejob-6.1.3.2/lib/active_job/railtie.rb:43>>]>, #<ActionMailer::Railtie:0x00007ffca024f1b8 @config=#<Rails::Railtie::Configuration:0x00007ffca024f0f0>, @initializers=[#<Rails::Initializable::Initializer:0x00007ffca02dad30 @name="action_mailer.logger", @context=#<ActionMailer::Railtie:0x00007ffca024f1b8 ...>, @options={:group=>:default}, @block=#<Proc:0x00007ffca024ef60 /Users/dvalmyr/.asdf/installs/ruby/3.0.0/lib/ruby/gems/3.0.0/gems/actionmailer-6.1.3.2/lib/action_mailer/railtie.rb:13>>, #<Rails::Initializable::Initializer:0x00007ffca02dace0 @name="action_mailer.set_configs", @context=#<ActionMailer::Railtie:0x00007ffca024f1b8 ...>, @options={:after=>"action_mailer.logger", :group=>:default}, @block=#<Proc:0x00007ffca024ee70 /Users/dvalmyr/.asdf/installs/ruby/3.0.0/lib/ruby/gems/3.0.0/gems/actionmailer-6.1.3.2/lib/action_mailer/railtie.rb:17>>, #<Rails::Initializable::Initializer:0x00007ffca02dac90 @name="action_mailer.set_autoload_paths", @context=#<ActionMailer::Railtie:0x00007ffca024f1b8 ...>, @options={:after=>"action_mailer.set_configs", :group=>:default}, @block=#<Proc:0x00007ffca024ed80 /Users/dvalmyr/.asdf/installs/ruby/3.0.0/lib/ruby/gems/3.0.0/gems/actionmailer-6.1.3.2/lib/action_mailer/railtie.rb:57>>, #<Rails::Initializable::Initializer:0x00007ffca02dac40 @name="action_mailer.compile_config_methods", @context=#<ActionMailer::Railtie:0x00007ffca024f1b8 ...>, @options={:after=>"action_mailer.set_autoload_paths", :group=>:default}, @block=#<Proc:0x00007ffca024ec90 /Users/dvalmyr/.asdf/installs/ruby/3.0.0/lib/ruby/gems/3.0.0/gems/actionmailer-6.1.3.2/lib/action_mailer/railtie.rb:65>>, #<Rails::Initializable::Initializer:0x00007ffca02dabf0 @name="action_mailer.eager_load_actions", @context=#<ActionMailer::Railtie:0x00007ffca024f1b8 ...>, @options={:after=>"action_mailer.compile_config_methods", :group=>:default}, @block=#<Proc:0x00007ffca024eba0 /Users/dvalmyr/.asdf/installs/ruby/3.0.0/lib/ruby/gems/3.0.0/gems/actionmailer-6.1.3.2/lib/action_mailer/railtie.rb:71>>]>, #<Rails::TestUnitRailtie:0x00007ffc9bc94970 @config=#<Rails::Railtie::Configuration:0x00007ffc9bc94880>, @initializers=[#<Rails::Initializable::Initializer:0x00007ffca02da858 @name="test_unit.line_filtering", @context=#<Rails::TestUnitRailtie:0x00007ffc9bc94970 ...>, @options={:group=>:default}, @block=#<Proc:0x00007ffc9bc94588 /Users/dvalmyr/.asdf/installs/ruby/3.0.0/lib/ruby/gems/3.0.0/gems/railties-6.1.3.2/lib/rails/test_unit/railtie.rb:19>>]>, #<Sprockets::Railtie:0x00007ffc9e3a0dc0 @config=#<Rails::Railtie::Configuration:0x00007ffc9e3a0cd0>, @initializers=[#<Rails::Initializable::Initializer:0x00007ffca02da4e8 @name=:set_default_precompile, @context=#<Sprockets::Railtie:0x00007ffc9e3a0dc0 ...>, @options={:group=>:default}, @block=#<Proc:0x00007ffc9e3a0398 /Users/dvalmyr/.asdf/installs/ruby/3.0.0/lib/ruby/gems/3.0.0/gems/sprockets-rails-3.2.2/lib/sprockets/railtie.rb:104>>, #<Rails::Initializable::Initializer:0x00007ffca02da498 @name=:quiet_assets, @context=#<Sprockets::Railtie:0x00007ffc9e3a0dc0 ...>, @options={:after=>:set_default_precompile, :group=>:default}, @block=#<Proc:0x00007ffc9e3a0280 /Users/dvalmyr/.asdf/installs/ruby/3.0.0/lib/ruby/gems/3.0.0/gems/sprockets-rails-3.2.2/lib/sprockets/railtie.rb:113>>]>, #<SassC::Rails::Railtie:0x00007ffc9e1e8b40 @config=#<Rails::Railtie::Configuration:0x00007ffc9e1e86b8>, @initializers=[#<Rails::Initializable::Initializer:0x00007ffca02da128 @name=:setup_sass, @context=#<SassC::Rails::Railtie:0x00007ffc9e1e8b40 ...>, @options={:group=>:all}, @block=#<Proc:0x00007ffc9e1e2088 /Users/dvalmyr/.asdf/installs/ruby/3.0.0/lib/ruby/gems/3.0.0/gems/sassc-rails-2.1.2/lib/sassc/rails/railtie.rb:34>>, #<Rails::Initializable::Initializer:0x00007ffca02da0d8 @name=:setup_compression, @context=#<SassC::Rails::Railtie:0x00007ffc9e1e8b40 ...>, @options={:group=>:all, :after=>:setup_sass}, @block=#<Proc:0x00007ffc9e1e1bb0 /Users/dvalmyr/.asdf/installs/ruby/3.0.0/lib/ruby/gems/3.0.0/gems/sassc-rails-2.1.2/lib/sassc/rails/railtie.rb:72>>]>, #<Jbuilder::Railtie:0x00007ffc9fa2e358 @initializers=[#<Rails::Initializable::Initializer:0x00007ffca02d9d68 @name=:jbuilder, @context=#<Jbuilder::Railtie:0x00007ffc9fa2e358 ...>, @options={:group=>:default}, @block=#<Proc:0x00007ffc9e2d4c48 /Users/dvalmyr/.asdf/installs/ruby/3.0.0/lib/ruby/gems/3.0.0/gems/jbuilder-2.11.2/lib/jbuilder/railtie.rb:6>>]>, #<WebConsole::Railtie:0x00007ffc9bbb7318 @config=#<Rails::Railtie::Configuration:0x00007ffc9bbb7200>, @initializers=[#<Rails::Initializable::Initializer:0x00007ffca02d99a8 @name="web_console.initialize", @context=#<WebConsole::Railtie:0x00007ffc9bbb7318 ...>, @options={:group=>:default}, @block=#<Proc:0x00007ffc9bbb6ff8 /Users/dvalmyr/.asdf/installs/ruby/3.0.0/lib/ruby/gems/3.0.0/gems/web-console-4.1.0/lib/web_console/railtie.rb:9>>, #<Rails::Initializable::Initializer:0x00007ffca02d9958 @name="web_console.development_only", @context=#<WebConsole::Railtie:0x00007ffc9bbb7318 ...>, @options={:after=>"web_console.initialize", :group=>:default}, @block=#<Proc:0x00007ffc9bbb6e68 /Users/dvalmyr/.asdf/installs/ruby/3.0.0/lib/ruby/gems/3.0.0/gems/web-console-4.1.0/lib/web_console/railtie.rb:16>>, #<Rails::Initializable::Initializer:0x00007ffca02d9908 @name="web_console.insert_middleware", @context=#<WebConsole::Railtie:0x00007ffc9bbb7318 ...>, @options={:after=>"web_console.development_only", :group=>:default}, @block=#<Proc:0x00007ffc9bbb6cb0 /Users/dvalmyr/.asdf/installs/ruby/3.0.0/lib/ruby/gems/3.0.0/gems/web-console-4.1.0/lib/web_console/railtie.rb:34>>, #<Rails::Initializable::Initializer:0x00007ffca02d98b8 @name="web_console.mount_point", @context=#<WebConsole::Railtie:0x00007ffc9bbb7318 ...>, @options={:after=>"web_console.insert_middleware", :group=>:default}, @block=#<Proc:0x00007ffc9bbb6af8 /Users/dvalmyr/.asdf/installs/ruby/3.0.0/lib/ruby/gems/3.0.0/gems/web-console-4.1.0/lib/web_console/railtie.rb:38>>, #<Rails::Initializable::Initializer:0x00007ffca02d9868 @name="web_console.template_paths", @context=#<WebConsole::Railtie:0x00007ffc9bbb7318 ...>, @options={:after=>"web_console.mount_point", :group=>:default}, @block=#<Proc:0x00007ffc9bbb6990 /Users/dvalmyr/.asdf/installs/ruby/3.0.0/lib/ruby/gems/3.0.0/gems/web-console-4.1.0/lib/web_console/railtie.rb:48>>, #<Rails::Initializable::Initializer:0x00007ffca02d9818 @name="web_console.permissions", @context=#<WebConsole::Railtie:0x00007ffc9bbb7318 ...>, @options={:after=>"web_console.template_paths", :group=>:default}, @block=#<Proc:0x00007ffc9bbb6788 /Users/dvalmyr/.asdf/installs/ruby/3.0.0/lib/ruby/gems/3.0.0/gems/web-console-4.1.0/lib/web_console/railtie.rb:54>>, #<Rails::Initializable::Initializer:0x00007ffca02d97c8 @name="web_console.whiny_requests", @context=#<WebConsole::Railtie:0x00007ffc9bbb7318 ...>, @options={:after=>"web_console.permissions", :group=>:default}, @block=#<Proc:0x00007ffc9bbb65d0 /Users/dvalmyr/.asdf/installs/ruby/3.0.0/lib/ruby/gems/3.0.0/gems/web-console-4.1.0/lib/web_console/railtie.rb:74>>, #<Rails::Initializable::Initializer:0x00007ffca02d9778 @name="i18n.load_path", @context=#<WebConsole::Railtie:0x00007ffc9bbb7318 ...>, @options={:after=>"web_console.whiny_requests", :group=>:default}, @block=#<Proc:0x00007ffc9bbb6418 /Users/dvalmyr/.asdf/installs/ruby/3.0.0/lib/ruby/gems/3.0.0/gems/web-console-4.1.0/lib/web_console/railtie.rb:80>>]>, #<Rack::MiniProfilerRails::Railtie:0x00007ffc9f9a5850 @config=#<Rails::Railtie::Configuration:0x00007ffc9f9a5710>, @initializers=[#<Rails::Initializable::Initializer:0x00007ffca02d93e0 @name="rack_mini_profiler.configure_rails_initialization", @context=#<Rack::MiniProfilerRails::Railtie:0x00007ffc9f9a5850 ...>, @options={:group=>:default}, @block=#<Proc:0x00007ffc9f9a5a58 /Users/dvalmyr/.asdf/installs/ruby/3.0.0/lib/ruby/gems/3.0.0/gems/rack-mini-profiler-2.3.2/lib/mini_profiler_rails/railtie.rb:168>>]>, #<OmniAuth::RailsCsrfProtection::Railtie:0x00007ffc9fa2e2b8 @initializers=[#<Rails::Initializable::Initializer:0x00007ffca02d9070 @name="omniauth-rails_csrf_protection.initialize", @context=#<OmniAuth::RailsCsrfProtection::Railtie:0x00007ffc9fa2e2b8 ...>, @options={:group=>:default}, @block=#<Proc:0x00007ffc9e86d998 /Users/dvalmyr/.asdf/installs/ruby/3.0.0/lib/ruby/gems/3.0.0/gems/omniauth-rails_csrf_protection-1.0.0/lib/omniauth/rails_csrf_protection/railtie.rb:6>>]>, #<ActionView::Railtie:0x00007ffca0080030 @_all_autoload_paths=[], @_all_load_paths=["/Users/dvalmyr/.asdf/installs/ruby/3.0.0/lib/ruby/gems/3.0.0/gems/actionview-6.1.3.2/lib"], @app=nil, @config=#<Rails::Engine::Configuration:0x00007ffc9e151330 @root=#<Pathname:/Users/dvalmyr/.asdf/installs/ruby/3.0.0/lib/ruby/gems/3.0.0/gems/actionview-6.1.3.2>, @generators=#<Rails::Configuration::Generators:0x00007ffc9e150ca0 @aliases={}, @options={}, @fallbacks={}, @templates=[], @colorize_logging=true, @api_only=false, @hidden_namespaces=["sass"], @after_generate_callbacks=[]>, @middleware=#<Rails::Configuration::MiddlewareStackProxy:0x00007ffc9e1509a8 @operations=[], @delete_operations=[]>, @javascript_path="javascript", @paths=#<Rails::Paths::Root:0x00007ffc9bd17578 @path=#<Pathname:/Users/dvalmyr/.asdf/installs/ruby/3.0.0/lib/ruby/gems/3.0.0/gems/actionview-6.1.3.2>, @root={"app"=>#<Rails::Paths::Path:0x00007ffc9bd173e8 @paths=["app"], @current="app", @root=#<Rails::Paths::Root:0x00007ffc9bd17578 ...>, @glob="{*,*/concerns}", @exclude=["assets", "javascript"], @autoload_once=false, @eager_load=true, @autoload=false, @load_path=false>, "app/assets"=>#<Rails::Paths::Path:0x00007ffc9bd172a8 @paths=["app/assets"], @current="app/assets", @root=#<Rails::Paths::Root:0x00007ffc9bd17578 ...>, @glob="*", @exclude=nil, @autoload_once=false, @eager_load=false, @autoload=false, @load_path=false>, "app/controllers"=>#<Rails::Paths::Path:0x00007ffc9bd171e0 @paths=["app/controllers"], @current="app/controllers", @root=#<Rails::Paths::Root:0x00007ffc9bd17578 ...>, @glob=nil, @exclude=nil, @autoload_once=false, @eager_load=true, @autoload=false, @load_path=false>, "app/channels"=>#<Rails::Paths::Path:0x00007ffc9bd17140 @paths=["app/channels"], @current="app/channels", @root=#<Rails::Paths::Root:0x00007ffc9bd17578 ...>, @glob="**/*_channel.rb", @exclude=nil, @autoload_once=false, @eager_load=true, @autoload=false, @load_path=false>, "app/helpers"=>#<Rails::Paths::Path:0x00007ffc9bd170a0 @paths=["app/helpers"], @current="app/helpers", @root=#<Rails::Paths::Root:0x00007ffc9bd17578 ...>, @glob=nil, @exclude=nil, @autoload_once=false, @eager_load=true, @autoload=false, @load_path=false>, "app/models"=>#<Rails::Paths::Path:0x00007ffc9bd17000 @paths=["app/models"], @current="app/models", @root=#<Rails::Paths::Root:0x00007ffc9bd17578 ...>, @glob=nil, @exclude=nil, @autoload_once=false, @eager_load=true, @autoload=false, @load_path=false>, "app/mailers"=>#<Rails::Paths::Path:0x00007ffc9bd16f60 @paths=["app/mailers"], @current="app/mailers", @root=#<Rails::Paths::Root:0x00007ffc9bd17578 ...>, @glob=nil, @exclude=nil, @autoload_once=false, @eager_load=true, @autoload=false, @load_path=false>, "app/views"=>#<Rails::Paths::Path:0x00007ffc9bd16ec0 @paths=["app/views"], @current="app/views", @root=#<Rails::Paths::Root:0x00007ffc9bd17578 ...>, @glob=nil, @exclude=nil, @autoload_once=false, @eager_load=false, @autoload=false, @load_path=false>, "lib"=>#<Rails::Paths::Path:0x00007ffc9bd16e20 @paths=["lib"], @current="lib", @root=#<Rails::Paths::Root:0x00007ffc9bd17578 ...>, @glob=nil, @exclude=nil, @autoload_once=false, @eager_load=false, @autoload=false, @load_path=true>, "lib/assets"=>#<Rails::Paths::Path:0x00007ffc9bd16d58 @paths=["lib/assets"], @current="lib/assets", @root=#<Rails::Paths::Root:0x00007ffc9bd17578 ...>, @glob="*", @exclude=nil, @autoload_once=false, @eager_load=false, @autoload=false, @load_path=false>, "lib/tasks"=>#<Rails::Paths::Path:0x00007ffc9bd16cb8 @paths=["lib/tasks"], @current="lib/tasks", @root=#<Rails::Paths::Root:0x00007ffc9bd17578 ...>, @glob="**/*.rake", @exclude=nil, @autoload_once=false, @eager_load=false, @autoload=false, @load_path=false>, "config"=>#<Rails::Paths::Path:0x00007ffc9bd16c40 @paths=["config"], @current="config", @root=#<Rails::Paths::Root:0x00007ffc9bd17578 ...>, @glob=nil, @exclude=nil, @autoload_once=false, @eager_load=false, @autoload=false, @load_path=false>, "config/environments"=>#<Rails::Paths::Path:0x00007ffc9bd16b78 @paths=["config/environments"], @current="config/environments", @root=#<Rails::Paths::Root:0x00007ffc9bd17578 ...>, @glob="development.rb", @exclude=nil, @autoload_once=false, @eager_load=false, @autoload=false, @load_path=false>, "config/initializers"=>#<Rails::Paths::Path:0x00007ffc9bd16ad8 @paths=["config/initializers"], @current="config/initializers", @root=#<Rails::Paths::Root:0x00007ffc9bd17578 ...>, @glob="**/*.rb", @exclude=nil, @autoload_once=false, @eager_load=false, @autoload=false, @load_path=false>, "config/locales"=>#<Rails::Paths::Path:0x00007ffc9bd16a38 @paths=["config/locales"], @current="config/locales", @root=#<Rails::Paths::Root:0x00007ffc9bd17578 ...>, @glob="*.{rb,yml}", @exclude=nil, @autoload_once=false, @eager_load=false, @autoload=false, @load_path=false>, "config/routes.rb"=>#<Rails::Paths::Path:0x00007ffc9bd169c0 @paths=["config/routes.rb"], @current="config/routes.rb", @root=#<Rails::Paths::Root:0x00007ffc9bd17578 ...>, @glob=nil, @exclude=nil, @autoload_once=false, @eager_load=false, @autoload=false, @load_path=false>, "config/routes"=>#<Rails::Paths::Path:0x00007ffc9bd16920 @paths=["config/routes"], @current="config/routes", @root=#<Rails::Paths::Root:0x00007ffc9bd17578 ...>, @glob="**/*.rb", @exclude=nil, @autoload_once=false, @eager_load=false, @autoload=false, @load_path=false>, "db"=>#<Rails::Paths::Path:0x00007ffc9bd168a8 @paths=["db"], @current="db", @root=#<Rails::Paths::Root:0x00007ffc9bd17578 ...>, @glob=nil, @exclude=nil, @autoload_once=false, @eager_load=false, @autoload=false, @load_path=false>, "db/migrate"=>#<Rails::Paths::Path:0x00007ffc9bd16830 @paths=["db/migrate"], @current="db/migrate", @root=#<Rails::Paths::Root:0x00007ffc9bd17578 ...>, @glob=nil, @exclude=nil, @autoload_once=false, @eager_load=false, @autoload=false, @load_path=false>, "db/seeds.rb"=>#<Rails::Paths::Path:0x00007ffc9bd167b8 @paths=["db/seeds.rb"], @current="db/seeds.rb", @root=#<Rails::Paths::Root:0x00007ffc9bd17578 ...>, @glob=nil, @exclude=nil, @autoload_once=false, @eager_load=false, @autoload=false, @load_path=false>, "vendor"=>#<Rails::Paths::Path:0x00007ffc9bd16718 @paths=["vendor"], @current="vendor", @root=#<Rails::Paths::Root:0x00007ffc9bd17578 ...>, @glob=nil, @exclude=nil, @autoload_once=false, @eager_load=false, @autoload=false, @load_path=true>, "vendor/assets"=>#<Rails::Paths::Path:0x00007ffc9bd16678 @paths=["vendor/assets"], @current="vendor/assets", @root=#<Rails::Paths::Root:0x00007ffc9bd17578 ...>, @glob="*", @exclude=nil, @autoload_once=false, @eager_load=false, @autoload=false, @load_path=false>}>, @autoload_paths=[], @eager_load_paths=[], @autoload_once_paths=[]>, @env_config=nil, @helpers=nil, @routes=#<ActionDispatch::Routing::RouteSet:0x00007ffc9e5b3ce8>, @app_build_lock=#<Thread::Mutex:0x00007ffc9badfdc8>, @initializers=[#<Rails::Initializable::Initializer:0x00007ffca02d8be8 @name=:load_environment_config, @context=#<ActionView::Railtie:0x00007ffca0080030 ...>, @options={:before=>:load_environment_hook, :group=>:all}, @block=#<Proc:0x00007ffc9e1d0ef0 /Users/dvalmyr/.asdf/installs/ruby/3.0.0/lib/ruby/gems/3.0.0/gems/railties-6.1.3.2/lib/rails/engine.rb:569>>, #<Rails::Initializable::Initializer:0x00007ffca02d8b98 @name=:set_load_path, @context=#<ActionView::Railtie:0x00007ffca0080030 ...>, @options={:before=>:bootstrap_hook, :after=>:load_environment_config, :group=>:default}, @block=#<Proc:0x00007ffc9e1d0d10 /Users/dvalmyr/.asdf/installs/ruby/3.0.0/lib/ruby/gems/3.0.0/gems/railties-6.1.3.2/lib/rails/engine.rb:575>>, #<Rails::Initializable::Initializer:0x00007ffca02d8b48 @name=:set_autoload_paths, @context=#<ActionView::Railtie:0x00007ffca0080030 ...>, @options={:before=>:bootstrap_hook, :after=>:set_load_path, :group=>:default}, @block=#<Proc:0x00007ffc9e1d0b80 /Users/dvalmyr/.asdf/installs/ruby/3.0.0/lib/ruby/gems/3.0.0/gems/railties-6.1.3.2/lib/rails/engine.rb:587>>, #<Rails::Initializable::Initializer:0x00007ffca02d8af8 @name=:set_eager_load_paths, @context=#<ActionView::Railtie:0x00007ffca0080030 ...>, @options={:before=>:bootstrap_hook, :after=>:set_autoload_paths, :group=>:default}, @block=#<Proc:0x00007ffc9e1d0a68 /Users/dvalmyr/.asdf/installs/ruby/3.0.0/lib/ruby/gems/3.0.0/gems/railties-6.1.3.2/lib/rails/engine.rb:595>>, #<Rails::Initializable::Initializer:0x00007ffca02d8aa8 @name=:add_routing_paths, @context=#<ActionView::Railtie:0x00007ffca0080030 ...>, @options={:after=>:set_eager_load_paths, :group=>:default}, @block=#<Proc:0x00007ffc9e1d0950 /Users/dvalmyr/.asdf/installs/ruby/3.0.0/lib/ruby/gems/3.0.0/gems/railties-6.1.3.2/lib/rails/engine.rb:600>>, #<Rails::Initializable::Initializer:0x00007ffca02d8a58 @name=:add_locales, @context=#<ActionView::Railtie:0x00007ffca0080030 ...>, @options={:after=>:add_routing_paths, :group=>:default}, @block=#<Proc:0x00007ffc9e1d0838 /Users/dvalmyr/.asdf/installs/ruby/3.0.0/lib/ruby/gems/3.0.0/gems/railties-6.1.3.2/lib/rails/engine.rb:614>>, #<Rails::Initializable::Initializer:0x00007ffca02d8a08 @name=:add_view_paths, @context=#<ActionView::Railtie:0x00007ffca0080030 ...>, @options={:after=>:add_locales, :group=>:default}, @block=#<Proc:0x00007ffc9e1d0748 /Users/dvalmyr/.asdf/installs/ruby/3.0.0/lib/ruby/gems/3.0.0/gems/railties-6.1.3.2/lib/rails/engine.rb:618>>, #<Rails::Initializable::Initializer:0x00007ffca02d89b8 @name=:prepend_helpers_path, @context=#<ActionView::Railtie:0x00007ffca0080030 ...>, @options={:after=>:add_view_paths, :group=>:default}, @block=#<Proc:0x00007ffc9e1d0658 /Users/dvalmyr/.asdf/installs/ruby/3.0.0/lib/ruby/gems/3.0.0/gems/railties-6.1.3.2/lib/rails/engine.rb:626>>, #<Rails::Initializable::Initializer:0x00007ffca02d8968 @name=:load_config_initializers, @context=#<ActionView::Railtie:0x00007ffca0080030 ...>, @options={:after=>:prepend_helpers_path, :group=>:default}, @block=#<Proc:0x00007ffc9e1d0568 /Users/dvalmyr/.asdf/installs/ruby/3.0.0/lib/ruby/gems/3.0.0/gems/railties-6.1.3.2/lib/rails/engine.rb:632>>, #<Rails::Initializable::Initializer:0x00007ffca02d8918 @name=:wrap_executor_around_load_seed, @context=#<ActionView::Railtie:0x00007ffca0080030 ...>, @options={:after=>:load_config_initializers, :group=>:default}, @block=#<Proc:0x00007ffc9e1d0478 /Users/dvalmyr/.asdf/installs/ruby/3.0.0/lib/ruby/gems/3.0.0/gems/railties-6.1.3.2/lib/rails/engine.rb:638>>, #<Rails::Initializable::Initializer:0x00007ffca02d88c8 @name=:engines_blank_point, @context=#<ActionView::Railtie:0x00007ffca0080030 ...>, @options={:after=>:wrap_executor_around_load_seed, :group=>:default}, @block=#<Proc:0x00007ffc9e1d0388 /Users/dvalmyr/.asdf/installs/ruby/3.0.0/lib/ruby/gems/3.0.0/gems/railties-6.1.3.2/lib/rails/engine.rb:644>>, #<Rails::Initializable::Initializer:0x00007ffca02d8878 @name=:append_assets_path, @context=#<ActionView::Railtie:0x00007ffca0080030 ...>, @options={:group=>:all, :after=>:engines_blank_point}, @block=#<Proc:0x00007ffc9e3a14c8 /Users/dvalmyr/.asdf/installs/ruby/3.0.0/lib/ruby/gems/3.0.0/gems/sprockets-rails-3.2.2/lib/sprockets/railtie.rb:57>>, #<Rails::Initializable::Initializer:0x00007ffca02d8828 @name="action_view.logger", @context=#<ActionView::Railtie:0x00007ffca0080030 ...>, @options={:group=>:default}, @block=#<Proc:0x00007ffc9e14a530 /Users/dvalmyr/.asdf/installs/ruby/3.0.0/lib/ruby/gems/3.0.0/gems/actionview-6.1.3.2/lib/action_view/railtie.rb:58>>, #<Rails::Initializable::Initializer:0x00007ffca02d87d8 @name="action_view.caching", @context=#<ActionView::Railtie:0x00007ffca0080030 ...>, @options={:after=>"action_view.logger", :group=>:default}, @block=#<Proc:0x00007ffc9e14a0f8 /Users/dvalmyr/.asdf/installs/ruby/3.0.0/lib/ruby/gems/3.0.0/gems/actionview-6.1.3.2/lib/action_view/railtie.rb:62>>, #<Rails::Initializable::Initializer:0x00007ffca02d8788 @name="action_view.setup_action_pack", @context=#<ActionView::Railtie:0x00007ffca0080030 ...>, @options={:after=>"action_view.caching", :group=>:default}, @block=#<Proc:0x00007ffc9e149d38 /Users/dvalmyr/.asdf/installs/ruby/3.0.0/lib/ruby/gems/3.0.0/gems/actionview-6.1.3.2/lib/action_view/railtie.rb:70>>, #<Rails::Initializable::Initializer:0x00007ffca02d8738 @name="action_view.collection_caching", @context=#<ActionView::Railtie:0x00007ffca0080030 ...>, @options={:after=>"action_controller.set_configs", :group=>:default}, @block=#<Proc:0x00007ffc9e149518 /Users/dvalmyr/.asdf/installs/ruby/3.0.0/lib/ruby/gems/3.0.0/gems/actionview-6.1.3.2/lib/action_view/railtie.rb:76>>]>, #<ActiveStorage::Engine:0x00007ffc9bb1a4f0 @_all_autoload_paths=["/Users/dvalmyr/.asdf/installs/ruby/3.0.0/lib/ruby/gems/3.0.0/gems/activestorage-6.1.3.2/app/controllers", "/Users/dvalmyr/.asdf/installs/ruby/3.0.0/lib/ruby/gems/3.0.0/gems/activestorage-6.1.3.2/app/controllers/concerns", "/Users/dvalmyr/.asdf/installs/ruby/3.0.0/lib/ruby/gems/3.0.0/gems/activestorage-6.1.3.2/app/jobs", "/Users/dvalmyr/.asdf/installs/ruby/3.0.0/lib/ruby/gems/3.0.0/gems/activestorage-6.1.3.2/app/models"], @_all_load_paths=["/Users/dvalmyr/.asdf/installs/ruby/3.0.0/lib/ruby/gems/3.0.0/gems/activestorage-6.1.3.2/lib", "/Users/dvalmyr/.asdf/installs/ruby/3.0.0/lib/ruby/gems/3.0.0/gems/activestorage-6.1.3.2/app/controllers", "/Users/dvalmyr/.asdf/installs/ruby/3.0.0/lib/ruby/gems/3.0.0/gems/activestorage-6.1.3.2/app/controllers/concerns", "/Users/dvalmyr/.asdf/installs/ruby/3.0.0/lib/ruby/gems/3.0.0/gems/activestorage-6.1.3.2/app/jobs", "/Users/dvalmyr/.asdf/installs/ruby/3.0.0/lib/ruby/gems/3.0.0/gems/activestorage-6.1.3.2/app/models"], @app=nil, @config=#<Rails::Engine::Configuration:0x00007ffc9bb8c708 @root=#<Pathname:/Users/dvalmyr/.asdf/installs/ruby/3.0.0/lib/ruby/gems/3.0.0/gems/activestorage-6.1.3.2>, @generators=#<Rails::Configuration::Generators:0x00007ffc9bb8c690 @aliases={}, @options={:rails=>{:orm=>:active_record}, :active_record=>{:migration=>true, :timestamps=>true}}, @fallbacks={}, @templates=[], @colorize_logging=true, @api_only=false, @hidden_namespaces=["sass"], @after_generate_callbacks=[]>, @middleware=#<Rails::Configuration::MiddlewareStackProxy:0x00007ffc9bb8c410 @operations=[], @delete_operations=[]>, @javascript_path="javascript", @paths=#<Rails::Paths::Root:0x00007ffc9bd161c8 @path=#<Pathname:/Users/dvalmyr/.asdf/installs/ruby/3.0.0/lib/ruby/gems/3.0.0/gems/activestorage-6.1.3.2>, @root={"app"=>#<Rails::Paths::Path:0x00007ffc9bd16100 @paths=["app"], @current="app", @root=#<Rails::Paths::Root:0x00007ffc9bd161c8 ...>, @glob="{*,*/concerns}", @exclude=["assets", "javascript"], @autoload_once=false, @eager_load=true, @autoload=false, @load_path=false>, "app/assets"=>#<Rails::Paths::Path:0x00007ffc9bd16088 @paths=["app/assets"], @current="app/assets", @root=#<Rails::Paths::Root:0x00007ffc9bd161c8 ...>, @glob="*", @exclude=nil, @autoload_once=false, @eager_load=false, @autoload=false, @load_path=false>, "app/controllers"=>#<Rails::Paths::Path:0x00007ffc9bd16010 @paths=["app/controllers"], @current="app/controllers", @root=#<Rails::Paths::Root:0x00007ffc9bd161c8 ...>, @glob=nil, @exclude=nil, @autoload_once=false, @eager_load=true, @autoload=false, @load_path=false>, "app/channels"=>#<Rails::Paths::Path:0x00007ffc9bd15f98 @paths=["app/channels"], @current="app/channels", @root=#<Rails::Paths::Root:0x00007ffc9bd161c8 ...>, @glob="**/*_channel.rb", @exclude=nil, @autoload_once=false, @eager_load=true, @autoload=false, @load_path=false>, "app/helpers"=>#<Rails::Paths::Path:0x00007ffc9bd15f20 @paths=["app/helpers"], @current="app/helpers", @root=#<Rails::Paths::Root:0x00007ffc9bd161c8 ...>, @glob=nil, @exclude=nil, @autoload_once=false, @eager_load=true, @autoload=false, @load_path=false>, "app/models"=>#<Rails::Paths::Path:0x00007ffc9bd15ea8 @paths=["app/models"], @current="app/models", @root=#<Rails::Paths::Root:0x00007ffc9bd161c8 ...>, @glob=nil, @exclude=nil, @autoload_once=false, @eager_load=true, @autoload=false, @load_path=false>, "app/mailers"=>#<Rails::Paths::Path:0x00007ffc9bd15e30 @paths=["app/mailers"], @current="app/mailers", @root=#<Rails::Paths::Root:0x00007ffc9bd161c8 ...>, @glob=nil, @exclude=nil, @autoload_once=false, @eager_load=true, @autoload=false, @load_path=false>, "app/views"=>#<Rails::Paths::Path:0x00007ffc9bd15db8 @paths=["app/views"], @current="app/views", @root=#<Rails::Paths::Root:0x00007ffc9bd161c8 ...>, @glob=nil, @exclude=nil, @autoload_once=false, @eager_load=false, @autoload=false, @load_path=false>, "lib"=>#<Rails::Paths::Path:0x00007ffc9bd15d40 @paths=["lib"], @current="lib", @root=#<Rails::Paths::Root:0x00007ffc9bd161c8 ...>, @glob=nil, @exclude=nil, @autoload_once=false, @eager_load=false, @autoload=false, @load_path=true>, "lib/assets"=>#<Rails::Paths::Path:0x00007ffc9bd15cc8 @paths=["lib/assets"], @current="lib/assets", @root=#<Rails::Paths::Root:0x00007ffc9bd161c8 ...>, @glob="*", @exclude=nil, @autoload_once=false, @eager_load=false, @autoload=false, @load_path=false>, "lib/tasks"=>#<Rails::Paths::Path:0x00007ffc9bd15c50 @paths=["lib/tasks"], @current="lib/tasks", @root=#<Rails::Paths::Root:0x00007ffc9bd161c8 ...>, @glob="**/*.rake", @exclude=nil, @autoload_once=false, @eager_load=false, @autoload=false, @load_path=false>, "config"=>#<Rails::Paths::Path:0x00007ffc9bd15bd8 @paths=["config"], @current="config", @root=#<Rails::Paths::Root:0x00007ffc9bd161c8 ...>, @glob=nil, @exclude=nil, @autoload_once=false, @eager_load=false, @autoload=false, @load_path=false>, "config/environments"=>#<Rails::Paths::Path:0x00007ffc9bd15b38 @paths=["config/environments"], @current="config/environments", @root=#<Rails::Paths::Root:0x00007ffc9bd161c8 ...>, @glob="development.rb", @exclude=nil, @autoload_once=false, @eager_load=false, @autoload=false, @load_path=false>, "config/initializers"=>#<Rails::Paths::Path:0x00007ffc9bd15ac0 @paths=["config/initializers"], @current="config/initializers", @root=#<Rails::Paths::Root:0x00007ffc9bd161c8 ...>, @glob="**/*.rb", @exclude=nil, @autoload_once=false, @eager_load=false, @autoload=false, @load_path=false>, "config/locales"=>#<Rails::Paths::Path:0x00007ffc9bd15a48 @paths=["config/locales"], @current="config/locales", @root=#<Rails::Paths::Root:0x00007ffc9bd161c8 ...>, @glob="*.{rb,yml}", @exclude=nil, @autoload_once=false, @eager_load=false, @autoload=false, @load_path=false>, "config/routes.rb"=>#<Rails::Paths::Path:0x00007ffc9bd159d0 @paths=["config/routes.rb"], @current="config/routes.rb", @root=#<Rails::Paths::Root:0x00007ffc9bd161c8 ...>, @glob=nil, @exclude=nil, @autoload_once=false, @eager_load=false, @autoload=false, @load_path=false>, "config/routes"=>#<Rails::Paths::Path:0x00007ffc9bd15958 @paths=["config/routes"], @current="config/routes", @root=#<Rails::Paths::Root:0x00007ffc9bd161c8 ...>, @glob="**/*.rb", @exclude=nil, @autoload_once=false, @eager_load=false, @autoload=false, @load_path=false>, "db"=>#<Rails::Paths::Path:0x00007ffc9bd158e0 @paths=["db"], @current="db", @root=#<Rails::Paths::Root:0x00007ffc9bd161c8 ...>, @glob=nil, @exclude=nil, @autoload_once=false, @eager_load=false, @autoload=false, @load_path=false>, "db/migrate"=>#<Rails::Paths::Path:0x00007ffc9bd15868 @paths=["db/migrate"], @current="db/migrate", @root=#<Rails::Paths::Root:0x00007ffc9bd161c8 ...>, @glob=nil, @exclude=nil, @autoload_once=false, @eager_load=false, @autoload=false, @load_path=false>, "db/seeds.rb"=>#<Rails::Paths::Path:0x00007ffc9bd157f0 @paths=["db/seeds.rb"], @current="db/seeds.rb", @root=#<Rails::Paths::Root:0x00007ffc9bd161c8 ...>, @glob=nil, @exclude=nil, @autoload_once=false, @eager_load=false, @autoload=false, @load_path=false>, "vendor"=>#<Rails::Paths::Path:0x00007ffc9bd15778 @paths=["vendor"], @current="vendor", @root=#<Rails::Paths::Root:0x00007ffc9bd161c8 ...>, @glob=nil, @exclude=nil, @autoload_once=false, @eager_load=false, @autoload=false, @load_path=true>, "vendor/assets"=>#<Rails::Paths::Path:0x00007ffc9bd15700 @paths=["vendor/assets"], @current="vendor/assets", @root=#<Rails::Paths::Root:0x00007ffc9bd161c8 ...>, @glob="*", @exclude=nil, @autoload_once=false, @eager_load=false, @autoload=false, @load_path=false>}>, @autoload_paths=[], @eager_load_paths=["/Users/dvalmyr/.asdf/installs/ruby/3.0.0/lib/ruby/gems/3.0.0/gems/activestorage-6.1.3.2/app/controllers", "/Users/dvalmyr/.asdf/installs/ruby/3.0.0/lib/ruby/gems/3.0.0/gems/activestorage-6.1.3.2/app/controllers/concerns", "/Users/dvalmyr/.asdf/installs/ruby/3.0.0/lib/ruby/gems/3.0.0/gems/activestorage-6.1.3.2/app/jobs", "/Users/dvalmyr/.asdf/installs/ruby/3.0.0/lib/ruby/gems/3.0.0/gems/activestorage-6.1.3.2/app/models"], @autoload_once_paths=[]>, @env_config=nil, @helpers=nil, @routes=#<ActionDispatch::Routing::RouteSet:0x00007ffc9bb8c2a8>, @app_build_lock=#<Thread::Mutex:0x00007ffc9bb1a4c8>, @initializers=[#<Rails::Initializable::Initializer:0x00007ffca02d8288 @name=:load_environment_config, @context=#<ActiveStorage::Engine:0x00007ffc9bb1a4f0 ...>, @options={:before=>:load_environment_hook, :group=>:all}, @block=#<Proc:0x00007ffc9e1d0ef0 /Users/dvalmyr/.asdf/installs/ruby/3.0.0/lib/ruby/gems/3.0.0/gems/railties-6.1.3.2/lib/rails/engine.rb:569>>, #<Rails::Initializable::Initializer:0x00007ffca02d8238 @name=:set_load_path, @context=#<ActiveStorage::Engine:0x00007ffc9bb1a4f0 ...>, @options={:before=>:bootstrap_hook, :after=>:load_environment_config, :group=>:default}, @block=#<Proc:0x00007ffc9e1d0d10 /Users/dvalmyr/.asdf/installs/ruby/3.0.0/lib/ruby/gems/3.0.0/gems/railties-6.1.3.2/lib/rails/engine.rb:575>>, #<Rails::Initializable::Initializer:0x00007ffca02d81e8 @name=:set_autoload_paths, @context=#<ActiveStorage::Engine:0x00007ffc9bb1a4f0 ...>, @options={:before=>:bootstrap_hook, :after=>:set_load_path, :group=>:default}, @block=#<Proc:0x00007ffc9e1d0b80 /Users/dvalmyr/.asdf/installs/ruby/3.0.0/lib/ruby/gems/3.0.0/gems/railties-6.1.3.2/lib/rails/engine.rb:587>>, #<Rails::Initializable::Initializer:0x00007ffca02d8198 @name=:set_eager_load_paths, @context=#<ActiveStorage::Engine:0x00007ffc9bb1a4f0 ...>, @options={:before=>:bootstrap_hook, :after=>:set_autoload_paths, :group=>:default}, @block=#<Proc:0x00007ffc9e1d0a68 /Users/dvalmyr/.asdf/installs/ruby/3.0.0/lib/ruby/gems/3.0.0/gems/railties-6.1.3.2/lib/rails/engine.rb:595>>, #<Rails::Initializable::Initializer:0x00007ffca02d8148 @name=:add_routing_paths, @context=#<ActiveStorage::Engine:0x00007ffc9bb1a4f0 ...>, @options={:after=>:set_eager_load_paths, :group=>:default}, @block=#<Proc:0x00007ffc9e1d0950 /Users/dvalmyr/.asdf/installs/ruby/3.0.0/lib/ruby/gems/3.0.0/gems/railties-6.1.3.2/lib/rails/engine.rb:600>>, #<Rails::Initializable::Initializer:0x00007ffca02d80f8 @name=:add_locales, @context=#<ActiveStorage::Engine:0x00007ffc9bb1a4f0 ...>, @options={:after=>:add_routing_paths, :group=>:default}, @block=#<Proc:0x00007ffc9e1d0838 /Users/dvalmyr/.asdf/installs/ruby/3.0.0/lib/ruby/gems/3.0.0/gems/railties-6.1.3.2/lib/rails/engine.rb:614>>, #<Rails::Initializable::Initializer:0x00007ffca02d80a8 @name=:add_view_paths, @context=#<ActiveStorage::Engine:0x00007ffc9bb1a4f0 ...>, @options={:after=>:add_locales, :group=>:default}, @block=#<Proc:0x00007ffc9e1d0748 /Users/dvalmyr/.asdf/installs/ruby/3.0.0/lib/ruby/gems/3.0.0/gems/railties-6.1.3.2/lib/rails/engine.rb:618>>, #<Rails::Initializable::Initializer:0x00007ffca02d8058 @name=:prepend_helpers_path, @context=#<ActiveStorage::Engine:0x00007ffc9bb1a4f0 ...>, @options={:after=>:add_view_paths, :group=>:default}, @block=#<Proc:0x00007ffc9e1d0658 /Users/dvalmyr/.asdf/installs/ruby/3.0.0/lib/ruby/gems/3.0.0/gems/railties-6.1.3.2/lib/rails/engine.rb:626>>, #<Rails::Initializable::Initializer:0x00007ffca02d8008 @name=:load_config_initializers, @context=#<ActiveStorage::Engine:0x00007ffc9bb1a4f0 ...>, @options={:after=>:prepend_helpers_path, :group=>:default}, @block=#<Proc:0x00007ffc9e1d0568 /Users/dvalmyr/.asdf/installs/ruby/3.0.0/lib/ruby/gems/3.0.0/gems/railties-6.1.3.2/lib/rails/engine.rb:632>>, #<Rails::Initializable::Initializer:0x00007ffca02fff90 @name=:wrap_executor_around_load_seed, @context=#<ActiveStorage::Engine:0x00007ffc9bb1a4f0 ...>, @options={:after=>:load_config_initializers, :group=>:default}, @block=#<Proc:0x00007ffc9e1d0478 /Users/dvalmyr/.asdf/installs/ruby/3.0.0/lib/ruby/gems/3.0.0/gems/railties-6.1.3.2/lib/rails/engine.rb:638>>, #<Rails::Initializable::Initializer:0x00007ffca02fff40 @name=:engines_blank_point, @context=#<ActiveStorage::Engine:0x00007ffc9bb1a4f0 ...>, @options={:after=>:wrap_executor_around_load_seed, :group=>:default}, @block=#<Proc:0x00007ffc9e1d0388 /Users/dvalmyr/.asdf/installs/ruby/3.0.0/lib/ruby/gems/3.0.0/gems/railties-6.1.3.2/lib/rails/engine.rb:644>>, #<Rails::Initializable::Initializer:0x00007ffca02ffef0 @name=:append_assets_path, @context=#<ActiveStorage::Engine:0x00007ffc9bb1a4f0 ...>, @options={:group=>:all, :after=>:engines_blank_point}, @block=#<Proc:0x00007ffc9e3a14c8 /Users/dvalmyr/.asdf/installs/ruby/3.0.0/lib/ruby/gems/3.0.0/gems/sprockets-rails-3.2.2/lib/sprockets/railtie.rb:57>>, #<Rails::Initializable::Initializer:0x00007ffca02ffea0 @name="active_storage.configs", @context=#<ActiveStorage::Engine:0x00007ffc9bb1a4f0 ...>, @options={:group=>:default}, @block=#<Proc:0x00007ffca0246bd0 /Users/dvalmyr/.asdf/installs/ruby/3.0.0/lib/ruby/gems/3.0.0/gems/activestorage-6.1.3.2/lib/active_storage/engine.rb:78>>, #<Rails::Initializable::Initializer:0x00007ffca02ffe50 @name="active_storage.attached", @context=#<ActiveStorage::Engine:0x00007ffc9bb1a4f0 ...>, @options={:after=>"active_storage.configs", :group=>:default}, @block=#<Proc:0x00007ffca0246ae0 /Users/dvalmyr/.asdf/installs/ruby/3.0.0/lib/ruby/gems/3.0.0/gems/activestorage-6.1.3.2/lib/active_storage/engine.rb:101>>, #<Rails::Initializable::Initializer:0x00007ffca02ffe00 @name="active_storage.verifier", @context=#<ActiveStorage::Engine:0x00007ffc9bb1a4f0 ...>, @options={:after=>"active_storage.attached", :group=>:default}, @block=#<Proc:0x00007ffca02469f0 /Users/dvalmyr/.asdf/installs/ruby/3.0.0/lib/ruby/gems/3.0.0/gems/activestorage-6.1.3.2/lib/active_storage/engine.rb:109>>, #<Rails::Initializable::Initializer:0x00007ffca02ffdb0 @name="active_storage.services", @context=#<ActiveStorage::Engine:0x00007ffc9bb1a4f0 ...>, @options={:after=>"active_storage.verifier", :group=>:default}, @block=#<Proc:0x00007ffca0246900 /Users/dvalmyr/.asdf/installs/ruby/3.0.0/lib/ruby/gems/3.0.0/gems/activestorage-6.1.3.2/lib/active_storage/engine.rb:115>>, #<Rails::Initializable::Initializer:0x00007ffca02ffd60 @name="active_storage.queues", @context=#<ActiveStorage::Engine:0x00007ffc9bb1a4f0 ...>, @options={:after=>"active_storage.services", :group=>:default}, @block=#<Proc:0x00007ffca0246810 /Users/dvalmyr/.asdf/installs/ruby/3.0.0/lib/ruby/gems/3.0.0/gems/activestorage-6.1.3.2/lib/active_storage/engine.rb:134>>, #<Rails::Initializable::Initializer:0x00007ffca02ffd10 @name="active_storage.reflection", @context=#<ActiveStorage::Engine:0x00007ffc9bb1a4f0 ...>, @options={:after=>"active_storage.queues", :group=>:default}, @block=#<Proc:0x00007ffca0246720 /Users/dvalmyr/.asdf/installs/ruby/3.0.0/lib/ruby/gems/3.0.0/gems/activestorage-6.1.3.2/lib/active_storage/engine.rb:140>>]>, #<ActionCable::Engine:0x00007ffc9f94fc98 @_all_autoload_paths=[], @_all_load_paths=["/Users/dvalmyr/.asdf/installs/ruby/3.0.0/lib/ruby/gems/3.0.0/gems/actioncable-6.1.3.2/lib"], @app=nil, @config=#<Rails::Engine::Configuration:0x00007ffc9f94f838 @root=#<Pathname:/Users/dvalmyr/.asdf/installs/ruby/3.0.0/lib/ruby/gems/3.0.0/gems/actioncable-6.1.3.2>, @generators=#<Rails::Configuration::Generators:0x00007ffc9f94f810 @aliases={}, @options={:rails=>{:orm=>:active_record}, :active_record=>{:migration=>true, :timestamps=>true}}, @fallbacks={}, @templates=[], @colorize_logging=true, @api_only=false, @hidden_namespaces=["sass"], @after_generate_callbacks=[]>, @middleware=#<Rails::Configuration::MiddlewareStackProxy:0x00007ffc9f94f6f8 @operations=[], @delete_operations=[]>, @javascript_path="javascript", @paths=#<Rails::Paths::Root:0x00007ffc9bd15340 @path=#<Pathname:/Users/dvalmyr/.asdf/installs/ruby/3.0.0/lib/ruby/gems/3.0.0/gems/actioncable-6.1.3.2>, @root={"app"=>#<Rails::Paths::Path:0x00007ffc9bd15278 @paths=["app"], @current="app", @root=#<Rails::Paths::Root:0x00007ffc9bd15340 ...>, @glob="{*,*/concerns}", @exclude=["assets", "javascript"], @autoload_once=false, @eager_load=true, @autoload=false, @load_path=false>, "app/assets"=>#<Rails::Paths::Path:0x00007ffc9bd15200 @paths=["app/assets"], @current="app/assets", @root=#<Rails::Paths::Root:0x00007ffc9bd15340 ...>, @glob="*", @exclude=nil, @autoload_once=false, @eager_load=false, @autoload=false, @load_path=false>, "app/controllers"=>#<Rails::Paths::Path:0x00007ffc9bd15188 @paths=["app/controllers"], @current="app/controllers", @root=#<Rails::Paths::Root:0x00007ffc9bd15340 ...>, @glob=nil, @exclude=nil, @autoload_once=false, @eager_load=true, @autoload=false, @load_path=false>, "app/channels"=>#<Rails::Paths::Path:0x00007ffc9bd15110 @paths=["app/channels"], @current="app/channels", @root=#<Rails::Paths::Root:0x00007ffc9bd15340 ...>, @glob="**/*_channel.rb", @exclude=nil, @autoload_once=false, @eager_load=true, @autoload=false, @load_path=false>, "app/helpers"=>#<Rails::Paths::Path:0x00007ffc9bd15098 @paths=["app/helpers"], @current="app/helpers", @root=#<Rails::Paths::Root:0x00007ffc9bd15340 ...>, @glob=nil, @exclude=nil, @autoload_once=false, @eager_load=true, @autoload=false, @load_path=false>, "app/models"=>#<Rails::Paths::Path:0x00007ffc9bd15020 @paths=["app/models"], @current="app/models", @root=#<Rails::Paths::Root:0x00007ffc9bd15340 ...>, @glob=nil, @exclude=nil, @autoload_once=false, @eager_load=true, @autoload=false, @load_path=false>, "app/mailers"=>#<Rails::Paths::Path:0x00007ffc9bd14fa8 @paths=["app/mailers"], @current="app/mailers", @root=#<Rails::Paths::Root:0x00007ffc9bd15340 ...>, @glob=nil, @exclude=nil, @autoload_once=false, @eager_load=true, @autoload=false, @load_path=false>, "app/views"=>#<Rails::Paths::Path:0x00007ffc9bd14f30 @paths=["app/views"], @current="app/views", @root=#<Rails::Paths::Root:0x00007ffc9bd15340 ...>, @glob=nil, @exclude=nil, @autoload_once=false, @eager_load=false, @autoload=false, @load_path=false>, "lib"=>#<Rails::Paths::Path:0x00007ffc9bd14eb8 @paths=["lib"], @current="lib", @root=#<Rails::Paths::Root:0x00007ffc9bd15340 ...>, @glob=nil, @exclude=nil, @autoload_once=false, @eager_load=false, @autoload=false, @load_path=true>, "lib/assets"=>#<Rails::Paths::Path:0x00007ffc9bd14e40 @paths=["lib/assets"], @current="lib/assets", @root=#<Rails::Paths::Root:0x00007ffc9bd15340 ...>, @glob="*", @exclude=nil, @autoload_once=false, @eager_load=false, @autoload=false, @load_path=false>, "lib/tasks"=>#<Rails::Paths::Path:0x00007ffc9bd14dc8 @paths=["lib/tasks"], @current="lib/tasks", @root=#<Rails::Paths::Root:0x00007ffc9bd15340 ...>, @glob="**/*.rake", @exclude=nil, @autoload_once=false, @eager_load=false, @autoload=false, @load_path=false>, "config"=>#<Rails::Paths::Path:0x00007ffc9bd14d50 @paths=["config"], @current="config", @root=#<Rails::Paths::Root:0x00007ffc9bd15340 ...>, @glob=nil, @exclude=nil, @autoload_once=false, @eager_load=false, @autoload=false, @load_path=false>, "config/environments"=>#<Rails::Paths::Path:0x00007ffc9bd14cb0 @paths=["config/environments"], @current="config/environments", @root=#<Rails::Paths::Root:0x00007ffc9bd15340 ...>, @glob="development.rb", @exclude=nil, @autoload_once=false, @eager_load=false, @autoload=false, @load_path=false>, "config/initializers"=>#<Rails::Paths::Path:0x00007ffc9bd14c38 @paths=["config/initializers"], @current="config/initializers", @root=#<Rails::Paths::Root:0x00007ffc9bd15340 ...>, @glob="**/*.rb", @exclude=nil, @autoload_once=false, @eager_load=false, @autoload=false, @load_path=false>, "config/locales"=>#<Rails::Paths::Path:0x00007ffc9bd14bc0 @paths=["config/locales"], @current="config/locales", @root=#<Rails::Paths::Root:0x00007ffc9bd15340 ...>, @glob="*.{rb,yml}", @exclude=nil, @autoload_once=false, @eager_load=false, @autoload=false, @load_path=false>, "config/routes.rb"=>#<Rails::Paths::Path:0x00007ffc9bd14b48 @paths=["config/routes.rb"], @current="config/routes.rb", @root=#<Rails::Paths::Root:0x00007ffc9bd15340 ...>, @glob=nil, @exclude=nil, @autoload_once=false, @eager_load=false, @autoload=false, @load_path=false>, "config/routes"=>#<Rails::Paths::Path:0x00007ffc9bd14ad0 @paths=["config/routes"], @current="config/routes", @root=#<Rails::Paths::Root:0x00007ffc9bd15340 ...>, @glob="**/*.rb", @exclude=nil, @autoload_once=false, @eager_load=false, @autoload=false, @load_path=false>, "db"=>#<Rails::Paths::Path:0x00007ffc9bd14a58 @paths=["db"], @current="db", @root=#<Rails::Paths::Root:0x00007ffc9bd15340 ...>, @glob=nil, @exclude=nil, @autoload_once=false, @eager_load=false, @autoload=false, @load_path=false>, "db/migrate"=>#<Rails::Paths::Path:0x00007ffc9bd149e0 @paths=["db/migrate"], @current="db/migrate", @root=#<Rails::Paths::Root:0x00007ffc9bd15340 ...>, @glob=nil, @exclude=nil, @autoload_once=false, @eager_load=false, @autoload=false, @load_path=false>, "db/seeds.rb"=>#<Rails::Paths::Path:0x00007ffc9bd14968 @paths=["db/seeds.rb"], @current="db/seeds.rb", @root=#<Rails::Paths::Root:0x00007ffc9bd15340 ...>, @glob=nil, @exclude=nil, @autoload_once=false, @eager_load=false, @autoload=false, @load_path=false>, "vendor"=>#<Rails::Paths::Path:0x00007ffc9bd148f0 @paths=["vendor"], @current="vendor", @root=#<Rails::Paths::Root:0x00007ffc9bd15340 ...>, @glob=nil, @exclude=nil, @autoload_once=false, @eager_load=false, @autoload=false, @load_path=true>, "vendor/assets"=>#<Rails::Paths::Path:0x00007ffc9bd14878 @paths=["vendor/assets"], @current="vendor/assets", @root=#<Rails::Paths::Root:0x00007ffc9bd15340 ...>, @glob="*", @exclude=nil, @autoload_once=false, @eager_load=false, @autoload=false, @load_path=false>}>, @autoload_paths=[], @eager_load_paths=[], @autoload_once_paths=[]>, @env_config=nil, @helpers=nil, @routes=#<ActionDispatch::Routing::RouteSet:0x00007ffc9e5b02a0>, @app_build_lock=#<Thread::Mutex:0x00007ffc9f94fc70>, @initializers=[#<Rails::Initializable::Initializer:0x00007ffca02ff860 @name=:load_environment_config, @context=#<ActionCable::Engine:0x00007ffc9f94fc98 ...>, @options={:before=>:load_environment_hook, :group=>:all}, @block=#<Proc:0x00007ffc9e1d0ef0 /Users/dvalmyr/.asdf/installs/ruby/3.0.0/lib/ruby/gems/3.0.0/gems/railties-6.1.3.2/lib/rails/engine.rb:569>>, #<Rails::Initializable::Initializer:0x00007ffca02ff810 @name=:set_load_path, @context=#<ActionCable::Engine:0x00007ffc9f94fc98 ...>, @options={:before=>:bootstrap_hook, :after=>:load_environment_config, :group=>:default}, @block=#<Proc:0x00007ffc9e1d0d10 /Users/dvalmyr/.asdf/installs/ruby/3.0.0/lib/ruby/gems/3.0.0/gems/railties-6.1.3.2/lib/rails/engine.rb:575>>, #<Rails::Initializable::Initializer:0x00007ffca02ff7c0 @name=:set_autoload_paths, @context=#<ActionCable::Engine:0x00007ffc9f94fc98 ...>, @options={:before=>:bootstrap_hook, :after=>:set_load_path, :group=>:default}, @block=#<Proc:0x00007ffc9e1d0b80 /Users/dvalmyr/.asdf/installs/ruby/3.0.0/lib/ruby/gems/3.0.0/gems/railties-6.1.3.2/lib/rails/engine.rb:587>>, #<Rails::Initializable::Initializer:0x00007ffca02ff770 @name=:set_eager_load_paths, @context=#<ActionCable::Engine:0x00007ffc9f94fc98 ...>, @options={:before=>:bootstrap_hook, :after=>:set_autoload_paths, :group=>:default}, @block=#<Proc:0x00007ffc9e1d0a68 /Users/dvalmyr/.asdf/installs/ruby/3.0.0/lib/ruby/gems/3.0.0/gems/railties-6.1.3.2/lib/rails/engine.rb:595>>, #<Rails::Initializable::Initializer:0x00007ffca02ff720 @name=:add_routing_paths, @context=#<ActionCable::Engine:0x00007ffc9f94fc98 ...>, @options={:after=>:set_eager_load_paths, :group=>:default}, @block=#<Proc:0x00007ffc9e1d0950 /Users/dvalmyr/.asdf/installs/ruby/3.0.0/lib/ruby/gems/3.0.0/gems/railties-6.1.3.2/lib/rails/engine.rb:600>>, #<Rails::Initializable::Initializer:0x00007ffca02ff6d0 @name=:add_locales, @context=#<ActionCable::Engine:0x00007ffc9f94fc98 ...>, @options={:after=>:add_routing_paths, :group=>:default}, @block=#<Proc:0x00007ffc9e1d0838 /Users/dvalmyr/.asdf/installs/ruby/3.0.0/lib/ruby/gems/3.0.0/gems/railties-6.1.3.2/lib/rails/engine.rb:614>>, #<Rails::Initializable::Initializer:0x00007ffca02ff680 @name=:add_view_paths, @context=#<ActionCable::Engine:0x00007ffc9f94fc98 ...>, @options={:after=>:add_locales, :group=>:default}, @block=#<Proc:0x00007ffc9e1d0748 /Users/dvalmyr/.asdf/installs/ruby/3.0.0/lib/ruby/gems/3.0.0/gems/railties-6.1.3.2/lib/rails/engine.rb:618>>, #<Rails::Initializable::Initializer:0x00007ffca02ff630 @name=:prepend_helpers_path, @context=#<ActionCable::Engine:0x00007ffc9f94fc98 ...>, @options={:after=>:add_view_paths, :group=>:default}, @block=#<Proc:0x00007ffc9e1d0658 /Users/dvalmyr/.asdf/installs/ruby/3.0.0/lib/ruby/gems/3.0.0/gems/railties-6.1.3.2/lib/rails/engine.rb:626>>, #<Rails::Initializable::Initializer:0x00007ffca02ff5e0 @name=:load_config_initializers, @context=#<ActionCable::Engine:0x00007ffc9f94fc98 ...>, @options={:after=>:prepend_helpers_path, :group=>:default}, @block=#<Proc:0x00007ffc9e1d0568 /Users/dvalmyr/.asdf/installs/ruby/3.0.0/lib/ruby/gems/3.0.0/gems/railties-6.1.3.2/lib/rails/engine.rb:632>>, #<Rails::Initializable::Initializer:0x00007ffca02ff590 @name=:wrap_executor_around_load_seed, @context=#<ActionCable::Engine:0x00007ffc9f94fc98 ...>, @options={:after=>:load_config_initializers, :group=>:default}, @block=#<Proc:0x00007ffc9e1d0478 /Users/dvalmyr/.asdf/installs/ruby/3.0.0/lib/ruby/gems/3.0.0/gems/railties-6.1.3.2/lib/rails/engine.rb:638>>, #<Rails::Initializable::Initializer:0x00007ffca02ff540 @name=:engines_blank_point, @context=#<ActionCable::Engine:0x00007ffc9f94fc98 ...>, @options={:after=>:wrap_executor_around_load_seed, :group=>:default}, @block=#<Proc:0x00007ffc9e1d0388 /Users/dvalmyr/.asdf/installs/ruby/3.0.0/lib/ruby/gems/3.0.0/gems/railties-6.1.3.2/lib/rails/engine.rb:644>>, #<Rails::Initializable::Initializer:0x00007ffca02ff4f0 @name=:append_assets_path, @context=#<ActionCable::Engine:0x00007ffc9f94fc98 ...>, @options={:group=>:all, :after=>:engines_blank_point}, @block=#<Proc:0x00007ffc9e3a14c8 /Users/dvalmyr/.asdf/installs/ruby/3.0.0/lib/ruby/gems/3.0.0/gems/sprockets-rails-3.2.2/lib/sprockets/railtie.rb:57>>, #<Rails::Initializable::Initializer:0x00007ffca02ff4a0 @name="action_cable.helpers", @context=#<ActionCable::Engine:0x00007ffc9f94fc98 ...>, @options={:group=>:default}, @block=#<Proc:0x00007ffc9f94f428 /Users/dvalmyr/.asdf/installs/ruby/3.0.0/lib/ruby/gems/3.0.0/gems/actioncable-6.1.3.2/lib/action_cable/engine.rb:15>>, #<Rails::Initializable::Initializer:0x00007ffca02ff450 @name="action_cable.logger", @context=#<ActionCable::Engine:0x00007ffc9f94fc98 ...>, @options={:after=>"action_cable.helpers", :group=>:default}, @block=#<Proc:0x00007ffc9f94f338 /Users/dvalmyr/.asdf/installs/ruby/3.0.0/lib/ruby/gems/3.0.0/gems/actioncable-6.1.3.2/lib/action_cable/engine.rb:21>>, #<Rails::Initializable::Initializer:0x00007ffca02ff400 @name="action_cable.set_configs", @context=#<ActionCable::Engine:0x00007ffc9f94fc98 ...>, @options={:after=>"action_cable.logger", :group=>:default}, @block=#<Proc:0x00007ffc9f94f248 /Users/dvalmyr/.asdf/installs/ruby/3.0.0/lib/ruby/gems/3.0.0/gems/actioncable-6.1.3.2/lib/action_cable/engine.rb:25>>, #<Rails::Initializable::Initializer:0x00007ffca02ff3b0 @name="action_cable.routes", @context=#<ActionCable::Engine:0x00007ffc9f94fc98 ...>, @options={:after=>"action_cable.set_configs", :group=>:default}, @block=#<Proc:0x00007ffc9f94f158 /Users/dvalmyr/.asdf/installs/ruby/3.0.0/lib/ruby/gems/3.0.0/gems/actioncable-6.1.3.2/lib/action_cable/engine.rb:43>>, #<Rails::Initializable::Initializer:0x00007ffca02ff360 @name="action_cable.set_work_hooks", @context=#<ActionCable::Engine:0x00007ffc9f94fc98 ...>, @options={:after=>"action_cable.routes", :group=>:default}, @block=#<Proc:0x00007ffc9f94f068 /Users/dvalmyr/.asdf/installs/ruby/3.0.0/lib/ruby/gems/3.0.0/gems/actioncable-6.1.3.2/lib/action_cable/engine.rb:54>>]>, #<ActionMailbox::Engine:0x00007ffc9bbef3a8 @_all_autoload_paths=["/Users/dvalmyr/.asdf/installs/ruby/3.0.0/lib/ruby/gems/3.0.0/gems/actionmailbox-6.1.3.2/app/controllers", "/Users/dvalmyr/.asdf/installs/ruby/3.0.0/lib/ruby/gems/3.0.0/gems/actionmailbox-6.1.3.2/app/jobs", "/Users/dvalmyr/.asdf/installs/ruby/3.0.0/lib/ruby/gems/3.0.0/gems/actionmailbox-6.1.3.2/app/models"], @_all_load_paths=["/Users/dvalmyr/.asdf/installs/ruby/3.0.0/lib/ruby/gems/3.0.0/gems/actionmailbox-6.1.3.2/lib", "/Users/dvalmyr/.asdf/installs/ruby/3.0.0/lib/ruby/gems/3.0.0/gems/actionmailbox-6.1.3.2/app/controllers", "/Users/dvalmyr/.asdf/installs/ruby/3.0.0/lib/ruby/gems/3.0.0/gems/actionmailbox-6.1.3.2/app/jobs", "/Users/dvalmyr/.asdf/installs/ruby/3.0.0/lib/ruby/gems/3.0.0/gems/actionmailbox-6.1.3.2/app/models"], @app=nil, @config=#<Rails::Engine::Configuration:0x00007ffc9bbeeed0 @root=#<Pathname:/Users/dvalmyr/.asdf/installs/ruby/3.0.0/lib/ruby/gems/3.0.0/gems/actionmailbox-6.1.3.2>, @generators=#<Rails::Configuration::Generators:0x00007ffc9bbeee58 @aliases={}, @options={:rails=>{:orm=>:active_record}, :active_record=>{:migration=>true, :timestamps=>true}}, @fallbacks={}, @templates=[], @colorize_logging=true, @api_only=false, @hidden_namespaces=["sass"], @after_generate_callbacks=[]>, @middleware=#<Rails::Configuration::MiddlewareStackProxy:0x00007ffc9bbeeca0 @operations=[], @delete_operations=[]>, @javascript_path="javascript", @paths=#<Rails::Paths::Root:0x00007ffc9bd144b8 @path=#<Pathname:/Users/dvalmyr/.asdf/installs/ruby/3.0.0/lib/ruby/gems/3.0.0/gems/actionmailbox-6.1.3.2>, @root={"app"=>#<Rails::Paths::Path:0x00007ffc9bd143f0 @paths=["app"], @current="app", @root=#<Rails::Paths::Root:0x00007ffc9bd144b8 ...>, @glob="{*,*/concerns}", @exclude=["assets", "javascript"], @autoload_once=false, @eager_load=true, @autoload=false, @load_path=false>, "app/assets"=>#<Rails::Paths::Path:0x00007ffc9bd14378 @paths=["app/assets"], @current="app/assets", @root=#<Rails::Paths::Root:0x00007ffc9bd144b8 ...>, @glob="*", @exclude=nil, @autoload_once=false, @eager_load=false, @autoload=false, @load_path=false>, "app/controllers"=>#<Rails::Paths::Path:0x00007ffc9bd14300 @paths=["app/controllers"], @current="app/controllers", @root=#<Rails::Paths::Root:0x00007ffc9bd144b8 ...>, @glob=nil, @exclude=nil, @autoload_once=false, @eager_load=true, @autoload=false, @load_path=false>, "app/channels"=>#<Rails::Paths::Path:0x00007ffc9bd14288 @paths=["app/channels"], @current="app/channels", @root=#<Rails::Paths::Root:0x00007ffc9bd144b8 ...>, @glob="**/*_channel.rb", @exclude=nil, @autoload_once=false, @eager_load=true, @autoload=false, @load_path=false>, "app/helpers"=>#<Rails::Paths::Path:0x00007ffc9bd14210 @paths=["app/helpers"], @current="app/helpers", @root=#<Rails::Paths::Root:0x00007ffc9bd144b8 ...>, @glob=nil, @exclude=nil, @autoload_once=false, @eager_load=true, @autoload=false, @load_path=false>, "app/models"=>#<Rails::Paths::Path:0x00007ffc9bd14198 @paths=["app/models"], @current="app/models", @root=#<Rails::Paths::Root:0x00007ffc9bd144b8 ...>, @glob=nil, @exclude=nil, @autoload_once=false, @eager_load=true, @autoload=false, @load_path=false>, "app/mailers"=>#<Rails::Paths::Path:0x00007ffc9bd14120 @paths=["app/mailers"], @current="app/mailers", @root=#<Rails::Paths::Root:0x00007ffc9bd144b8 ...>, @glob=nil, @exclude=nil, @autoload_once=false, @eager_load=true, @autoload=false, @load_path=false>, "app/views"=>#<Rails::Paths::Path:0x00007ffc9bd140a8 @paths=["app/views"], @current="app/views", @root=#<Rails::Paths::Root:0x00007ffc9bd144b8 ...>, @glob=nil, @exclude=nil, @autoload_once=false, @eager_load=false, @autoload=false, @load_path=false>, "lib"=>#<Rails::Paths::Path:0x00007ffc9bd14030 @paths=["lib"], @current="lib", @root=#<Rails::Paths::Root:0x00007ffc9bd144b8 ...>, @glob=nil, @exclude=nil, @autoload_once=false, @eager_load=false, @autoload=false, @load_path=true>, "lib/assets"=>#<Rails::Paths::Path:0x00007ffc9bd1ff98 @paths=["lib/assets"], @current="lib/assets", @root=#<Rails::Paths::Root:0x00007ffc9bd144b8 ...>, @glob="*", @exclude=nil, @autoload_once=false, @eager_load=false, @autoload=false, @load_path=false>, "lib/tasks"=>#<Rails::Paths::Path:0x00007ffc9bd1ff20 @paths=["lib/tasks"], @current="lib/tasks", @root=#<Rails::Paths::Root:0x00007ffc9bd144b8 ...>, @glob="**/*.rake", @exclude=nil, @autoload_once=false, @eager_load=false, @autoload=false, @load_path=false>, "config"=>#<Rails::Paths::Path:0x00007ffc9bd1fea8 @paths=["config"], @current="config", @root=#<Rails::Paths::Root:0x00007ffc9bd144b8 ...>, @glob=nil, @exclude=nil, @autoload_once=false, @eager_load=false, @autoload=false, @load_path=false>, "config/environments"=>#<Rails::Paths::Path:0x00007ffc9bd1fe08 @paths=["config/environments"], @current="config/environments", @root=#<Rails::Paths::Root:0x00007ffc9bd144b8 ...>, @glob="development.rb", @exclude=nil, @autoload_once=false, @eager_load=false, @autoload=false, @load_path=false>, "config/initializers"=>#<Rails::Paths::Path:0x00007ffc9bd1fd90 @paths=["config/initializers"], @current="config/initializers", @root=#<Rails::Paths::Root:0x00007ffc9bd144b8 ...>, @glob="**/*.rb", @exclude=nil, @autoload_once=false, @eager_load=false, @autoload=false, @load_path=false>, "config/locales"=>#<Rails::Paths::Path:0x00007ffc9bd1fd18 @paths=["config/locales"], @current="config/locales", @root=#<Rails::Paths::Root:0x00007ffc9bd144b8 ...>, @glob="*.{rb,yml}", @exclude=nil, @autoload_once=false, @eager_load=false, @autoload=false, @load_path=false>, "config/routes.rb"=>#<Rails::Paths::Path:0x00007ffc9bd1fca0 @paths=["config/routes.rb"], @current="config/routes.rb", @root=#<Rails::Paths::Root:0x00007ffc9bd144b8 ...>, @glob=nil, @exclude=nil, @autoload_once=false, @eager_load=false, @autoload=false, @load_path=false>, "config/routes"=>#<Rails::Paths::Path:0x00007ffc9bd1fc28 @paths=["config/routes"], @current="config/routes", @root=#<Rails::Paths::Root:0x00007ffc9bd144b8 ...>, @glob="**/*.rb", @exclude=nil, @autoload_once=false, @eager_load=false, @autoload=false, @load_path=false>, "db"=>#<Rails::Paths::Path:0x00007ffc9bd1fbb0 @paths=["db"], @current="db", @root=#<Rails::Paths::Root:0x00007ffc9bd144b8 ...>, @glob=nil, @exclude=nil, @autoload_once=false, @eager_load=false, @autoload=false, @load_path=false>, "db/migrate"=>#<Rails::Paths::Path:0x00007ffc9bd1fb38 @paths=["db/migrate"], @current="db/migrate", @root=#<Rails::Paths::Root:0x00007ffc9bd144b8 ...>, @glob=nil, @exclude=nil, @autoload_once=false, @eager_load=false, @autoload=false, @load_path=false>, "db/seeds.rb"=>#<Rails::Paths::Path:0x00007ffc9bd1fac0 @paths=["db/seeds.rb"], @current="db/seeds.rb", @root=#<Rails::Paths::Root:0x00007ffc9bd144b8 ...>, @glob=nil, @exclude=nil, @autoload_once=false, @eager_load=false, @autoload=false, @load_path=false>, "vendor"=>#<Rails::Paths::Path:0x00007ffc9bd1fa48 @paths=["vendor"], @current="vendor", @root=#<Rails::Paths::Root:0x00007ffc9bd144b8 ...>, @glob=nil, @exclude=nil, @autoload_once=false, @eager_load=false, @autoload=false, @load_path=true>, "vendor/assets"=>#<Rails::Paths::Path:0x00007ffc9bd1f9d0 @paths=["vendor/assets"], @current="vendor/assets", @root=#<Rails::Paths::Root:0x00007ffc9bd144b8 ...>, @glob="*", @exclude=nil, @autoload_once=false, @eager_load=false, @autoload=false, @load_path=false>}>, @autoload_paths=[], @eager_load_paths=["/Users/dvalmyr/.asdf/installs/ruby/3.0.0/lib/ruby/gems/3.0.0/gems/actionmailbox-6.1.3.2/app/controllers", "/Users/dvalmyr/.asdf/installs/ruby/3.0.0/lib/ruby/gems/3.0.0/gems/actionmailbox-6.1.3.2/app/jobs", "/Users/dvalmyr/.asdf/installs/ruby/3.0.0/lib/ruby/gems/3.0.0/gems/actionmailbox-6.1.3.2/app/models"], @autoload_once_paths=[]>, @env_config=nil, @helpers=nil, @routes=#<ActionDispatch::Routing::RouteSet:0x00007ffc9bbeec28>, @app_build_lock=#<Thread::Mutex:0x00007ffc9bbef380>, @initializers=[#<Rails::Initializable::Initializer:0x00007ffca02feed8 @name=:load_environment_config, @context=#<ActionMailbox::Engine:0x00007ffc9bbef3a8 ...>, @options={:before=>:load_environment_hook, :group=>:all}, @block=#<Proc:0x00007ffc9e1d0ef0 /Users/dvalmyr/.asdf/installs/ruby/3.0.0/lib/ruby/gems/3.0.0/gems/railties-6.1.3.2/lib/rails/engine.rb:569>>, #<Rails::Initializable::Initializer:0x00007ffca02fee88 @name=:set_load_path, @context=#<ActionMailbox::Engine:0x00007ffc9bbef3a8 ...>, @options={:before=>:bootstrap_hook, :after=>:load_environment_config, :group=>:default}, @block=#<Proc:0x00007ffc9e1d0d10 /Users/dvalmyr/.asdf/installs/ruby/3.0.0/lib/ruby/gems/3.0.0/gems/railties-6.1.3.2/lib/rails/engine.rb:575>>, #<Rails::Initializable::Initializer:0x00007ffca02fee38 @name=:set_autoload_paths, @context=#<ActionMailbox::Engine:0x00007ffc9bbef3a8 ...>, @options={:before=>:bootstrap_hook, :after=>:set_load_path, :group=>:default}, @block=#<Proc:0x00007ffc9e1d0b80 /Users/dvalmyr/.asdf/installs/ruby/3.0.0/lib/ruby/gems/3.0.0/gems/railties-6.1.3.2/lib/rails/engine.rb:587>>, #<Rails::Initializable::Initializer:0x00007ffca02fede8 @name=:set_eager_load_paths, @context=#<ActionMailbox::Engine:0x00007ffc9bbef3a8 ...>, @options={:before=>:bootstrap_hook, :after=>:set_autoload_paths, :group=>:default}, @block=#<Proc:0x00007ffc9e1d0a68 /Users/dvalmyr/.asdf/installs/ruby/3.0.0/lib/ruby/gems/3.0.0/gems/railties-6.1.3.2/lib/rails/engine.rb:595>>, #<Rails::Initializable::Initializer:0x00007ffca02fed98 @name=:add_routing_paths, @context=#<ActionMailbox::Engine:0x00007ffc9bbef3a8 ...>, @options={:after=>:set_eager_load_paths, :group=>:default}, @block=#<Proc:0x00007ffc9e1d0950 /Users/dvalmyr/.asdf/installs/ruby/3.0.0/lib/ruby/gems/3.0.0/gems/railties-6.1.3.2/lib/rails/engine.rb:600>>, #<Rails::Initializable::Initializer:0x00007ffca02fed48 @name=:add_locales, @context=#<ActionMailbox::Engine:0x00007ffc9bbef3a8 ...>, @options={:after=>:add_routing_paths, :group=>:default}, @block=#<Proc:0x00007ffc9e1d0838 /Users/dvalmyr/.asdf/installs/ruby/3.0.0/lib/ruby/gems/3.0.0/gems/railties-6.1.3.2/lib/rails/engine.rb:614>>, #<Rails::Initializable::Initializer:0x00007ffca02fecf8 @name=:add_view_paths, @context=#<ActionMailbox::Engine:0x00007ffc9bbef3a8 ...>, @options={:after=>:add_locales, :group=>:default}, @block=#<Proc:0x00007ffc9e1d0748 /Users/dvalmyr/.asdf/installs/ruby/3.0.0/lib/ruby/gems/3.0.0/gems/railties-6.1.3.2/lib/rails/engine.rb:618>>, #<Rails::Initializable::Initializer:0x00007ffca02feca8 @name=:prepend_helpers_path, @context=#<ActionMailbox::Engine:0x00007ffc9bbef3a8 ...>, @options={:after=>:add_view_paths, :group=>:default}, @block=#<Proc:0x00007ffc9e1d0658 /Users/dvalmyr/.asdf/installs/ruby/3.0.0/lib/ruby/gems/3.0.0/gems/railties-6.1.3.2/lib/rails/engine.rb:626>>, #<Rails::Initializable::Initializer:0x00007ffca02fec58 @name=:load_config_initializers, @context=#<ActionMailbox::Engine:0x00007ffc9bbef3a8 ...>, @options={:after=>:prepend_helpers_path, :group=>:default}, @block=#<Proc:0x00007ffc9e1d0568 /Users/dvalmyr/.asdf/installs/ruby/3.0.0/lib/ruby/gems/3.0.0/gems/railties-6.1.3.2/lib/rails/engine.rb:632>>, #<Rails::Initializable::Initializer:0x00007ffca02fec08 @name=:wrap_executor_around_load_seed, @context=#<ActionMailbox::Engine:0x00007ffc9bbef3a8 ...>, @options={:after=>:load_config_initializers, :group=>:default}, @block=#<Proc:0x00007ffc9e1d0478 /Users/dvalmyr/.asdf/installs/ruby/3.0.0/lib/ruby/gems/3.0.0/gems/railties-6.1.3.2/lib/rails/engine.rb:638>>, #<Rails::Initializable::Initializer:0x00007ffca02febb8 @name=:engines_blank_point, @context=#<ActionMailbox::Engine:0x00007ffc9bbef3a8 ...>, @options={:after=>:wrap_executor_around_load_seed, :group=>:default}, @block=#<Proc:0x00007ffc9e1d0388 /Users/dvalmyr/.asdf/installs/ruby/3.0.0/lib/ruby/gems/3.0.0/gems/railties-6.1.3.2/lib/rails/engine.rb:644>>, #<Rails::Initializable::Initializer:0x00007ffca02feb68 @name=:append_assets_path, @context=#<ActionMailbox::Engine:0x00007ffc9bbef3a8 ...>, @options={:group=>:all, :after=>:engines_blank_point}, @block=#<Proc:0x00007ffc9e3a14c8 /Users/dvalmyr/.asdf/installs/ruby/3.0.0/lib/ruby/gems/3.0.0/gems/sprockets-rails-3.2.2/lib/sprockets/railtie.rb:57>>, #<Rails::Initializable::Initializer:0x00007ffca02feb18 @name="action_mailbox.config", @context=#<ActionMailbox::Engine:0x00007ffc9bbef3a8 ...>, @options={:group=>:default}, @block=#<Proc:0x00007ffc9bbedc60 /Users/dvalmyr/.asdf/installs/ruby/3.0.0/lib/ruby/gems/3.0.0/gems/actionmailbox-6.1.3.2/lib/action_mailbox/engine.rb:23>>]>, #<ActionText::Engine:0x00007ffc9bc563f0 @_all_autoload_paths=["/Users/dvalmyr/.asdf/installs/ruby/3.0.0/lib/ruby/gems/3.0.0/gems/actiontext-6.1.3.2/app/helpers", "/Users/dvalmyr/.asdf/installs/ruby/3.0.0/lib/ruby/gems/3.0.0/gems/actiontext-6.1.3.2/app/models"], @_all_load_paths=["/Users/dvalmyr/.asdf/installs/ruby/3.0.0/lib/ruby/gems/3.0.0/gems/actiontext-6.1.3.2/lib", "/Users/dvalmyr/.asdf/installs/ruby/3.0.0/lib/ruby/gems/3.0.0/gems/actiontext-6.1.3.2/app/helpers", "/Users/dvalmyr/.asdf/installs/ruby/3.0.0/lib/ruby/gems/3.0.0/gems/actiontext-6.1.3.2/app/models"], @app=nil, @config=#<Rails::Engine::Configuration:0x00007ffc9bc55ec8 @root=#<Pathname:/Users/dvalmyr/.asdf/installs/ruby/3.0.0/lib/ruby/gems/3.0.0/gems/actiontext-6.1.3.2>, @generators=#<Rails::Configuration::Generators:0x00007ffc9bc55e78 @aliases={}, @options={:rails=>{:orm=>:active_record}, :active_record=>{:migration=>true, :timestamps=>true}}, @fallbacks={}, @templates=[], @colorize_logging=true, @api_only=false, @hidden_namespaces=["sass"], @after_generate_callbacks=[]>, @middleware=#<Rails::Configuration::MiddlewareStackProxy:0x00007ffc9bc55cc0 @operations=[], @delete_operations=[]>, @javascript_path="javascript", @paths=#<Rails::Paths::Root:0x00007ffc9bd1f610 @path=#<Pathname:/Users/dvalmyr/.asdf/installs/ruby/3.0.0/lib/ruby/gems/3.0.0/gems/actiontext-6.1.3.2>, @root={"app"=>#<Rails::Paths::Path:0x00007ffc9bd1f548 @paths=["app"], @current="app", @root=#<Rails::Paths::Root:0x00007ffc9bd1f610 ...>, @glob="{*,*/concerns}", @exclude=["assets", "javascript"], @autoload_once=false, @eager_load=true, @autoload=false, @load_path=false>, "app/assets"=>#<Rails::Paths::Path:0x00007ffc9bd1f4d0 @paths=["app/assets"], @current="app/assets", @root=#<Rails::Paths::Root:0x00007ffc9bd1f610 ...>, @glob="*", @exclude=nil, @autoload_once=false, @eager_load=false, @autoload=false, @load_path=false>, "app/controllers"=>#<Rails::Paths::Path:0x00007ffc9bd1f458 @paths=["app/controllers"], @current="app/controllers", @root=#<Rails::Paths::Root:0x00007ffc9bd1f610 ...>, @glob=nil, @exclude=nil, @autoload_once=false, @eager_load=true, @autoload=false, @load_path=false>, "app/channels"=>#<Rails::Paths::Path:0x00007ffc9bd1f3e0 @paths=["app/channels"], @current="app/channels", @root=#<Rails::Paths::Root:0x00007ffc9bd1f610 ...>, @glob="**/*_channel.rb", @exclude=nil, @autoload_once=false, @eager_load=true, @autoload=false, @load_path=false>, "app/helpers"=>#<Rails::Paths::Path:0x00007ffc9bd1f368 @paths=["app/helpers"], @current="app/helpers", @root=#<Rails::Paths::Root:0x00007ffc9bd1f610 ...>, @glob=nil, @exclude=nil, @autoload_once=false, @eager_load=true, @autoload=false, @load_path=false>, "app/models"=>#<Rails::Paths::Path:0x00007ffc9bd1f2f0 @paths=["app/models"], @current="app/models", @root=#<Rails::Paths::Root:0x00007ffc9bd1f610 ...>, @glob=nil, @exclude=nil, @autoload_once=false, @eager_load=true, @autoload=false, @load_path=false>, "app/mailers"=>#<Rails::Paths::Path:0x00007ffc9bd1f278 @paths=["app/mailers"], @current="app/mailers", @root=#<Rails::Paths::Root:0x00007ffc9bd1f610 ...>, @glob=nil, @exclude=nil, @autoload_once=false, @eager_load=true, @autoload=false, @load_path=false>, "app/views"=>#<Rails::Paths::Path:0x00007ffc9bd1f200 @paths=["app/views"], @current="app/views", @root=#<Rails::Paths::Root:0x00007ffc9bd1f610 ...>, @glob=nil, @exclude=nil, @autoload_once=false, @eager_load=false, @autoload=false, @load_path=false>, "lib"=>#<Rails::Paths::Path:0x00007ffc9bd1f188 @paths=["lib"], @current="lib", @root=#<Rails::Paths::Root:0x00007ffc9bd1f610 ...>, @glob=nil, @exclude=nil, @autoload_once=false, @eager_load=false, @autoload=false, @load_path=true>, "lib/assets"=>#<Rails::Paths::Path:0x00007ffc9bd1f110 @paths=["lib/assets"], @current="lib/assets", @root=#<Rails::Paths::Root:0x00007ffc9bd1f610 ...>, @glob="*", @exclude=nil, @autoload_once=false, @eager_load=false, @autoload=false, @load_path=false>, "lib/tasks"=>#<Rails::Paths::Path:0x00007ffc9bd1f098 @paths=["lib/tasks"], @current="lib/tasks", @root=#<Rails::Paths::Root:0x00007ffc9bd1f610 ...>, @glob="**/*.rake", @exclude=nil, @autoload_once=false, @eager_load=false, @autoload=false, @load_path=false>, "config"=>#<Rails::Paths::Path:0x00007ffc9bd1f020 @paths=["config"], @current="config", @root=#<Rails::Paths::Root:0x00007ffc9bd1f610 ...>, @glob=nil, @exclude=nil, @autoload_once=false, @eager_load=false, @autoload=false, @load_path=false>, "config/environments"=>#<Rails::Paths::Path:0x00007ffc9bd1ef80 @paths=["config/environments"], @current="config/environments", @root=#<Rails::Paths::Root:0x00007ffc9bd1f610 ...>, @glob="development.rb", @exclude=nil, @autoload_once=false, @eager_load=false, @autoload=false, @load_path=false>, "config/initializers"=>#<Rails::Paths::Path:0x00007ffc9bd1ef08 @paths=["config/initializers"], @current="config/initializers", @root=#<Rails::Paths::Root:0x00007ffc9bd1f610 ...>, @glob="**/*.rb", @exclude=nil, @autoload_once=false, @eager_load=false, @autoload=false, @load_path=false>, "config/locales"=>#<Rails::Paths::Path:0x00007ffc9bd1ee90 @paths=["config/locales"], @current="config/locales", @root=#<Rails::Paths::Root:0x00007ffc9bd1f610 ...>, @glob="*.{rb,yml}", @exclude=nil, @autoload_once=false, @eager_load=false, @autoload=false, @load_path=false>, "config/routes.rb"=>#<Rails::Paths::Path:0x00007ffc9bd1ee18 @paths=["config/routes.rb"], @current="config/routes.rb", @root=#<Rails::Paths::Root:0x00007ffc9bd1f610 ...>, @glob=nil, @exclude=nil, @autoload_once=false, @eager_load=false, @autoload=false, @load_path=false>, "config/routes"=>#<Rails::Paths::Path:0x00007ffc9bd1eda0 @paths=["config/routes"], @current="config/routes", @root=#<Rails::Paths::Root:0x00007ffc9bd1f610 ...>, @glob="**/*.rb", @exclude=nil, @autoload_once=false, @eager_load=false, @autoload=false, @load_path=false>, "db"=>#<Rails::Paths::Path:0x00007ffc9bd1ed28 @paths=["db"], @current="db", @root=#<Rails::Paths::Root:0x00007ffc9bd1f610 ...>, @glob=nil, @exclude=nil, @autoload_once=false, @eager_load=false, @autoload=false, @load_path=false>, "db/migrate"=>#<Rails::Paths::Path:0x00007ffc9bd1ecb0 @paths=["db/migrate"], @current="db/migrate", @root=#<Rails::Paths::Root:0x00007ffc9bd1f610 ...>, @glob=nil, @exclude=nil, @autoload_once=false, @eager_load=false, @autoload=false, @load_path=false>, "db/seeds.rb"=>#<Rails::Paths::Path:0x00007ffc9bd1ec38 @paths=["db/seeds.rb"], @current="db/seeds.rb", @root=#<Rails::Paths::Root:0x00007ffc9bd1f610 ...>, @glob=nil, @exclude=nil, @autoload_once=false, @eager_load=false, @autoload=false, @load_path=false>, "vendor"=>#<Rails::Paths::Path:0x00007ffc9bd1ebc0 @paths=["vendor"], @current="vendor", @root=#<Rails::Paths::Root:0x00007ffc9bd1f610 ...>, @glob=nil, @exclude=nil, @autoload_once=false, @eager_load=false, @autoload=false, @load_path=true>, "vendor/assets"=>#<Rails::Paths::Path:0x00007ffc9bd1eb48 @paths=["vendor/assets"], @current="vendor/assets", @root=#<Rails::Paths::Root:0x00007ffc9bd1f610 ...>, @glob="*", @exclude=nil, @autoload_once=false, @eager_load=false, @autoload=false, @load_path=false>}>, @autoload_paths=[], @eager_load_paths=["/Users/dvalmyr/.asdf/installs/ruby/3.0.0/lib/ruby/gems/3.0.0/gems/actiontext-6.1.3.2/app/helpers", "/Users/dvalmyr/.asdf/installs/ruby/3.0.0/lib/ruby/gems/3.0.0/gems/actiontext-6.1.3.2/app/models"], @autoload_once_paths=[]>, @env_config=nil, @helpers=nil, @routes=#<ActionDispatch::Routing::RouteSet:0x00007ffc9bc55c20>, @app_build_lock=#<Thread::Mutex:0x00007ffc9bc563c8>, @initializers=[#<Rails::Initializable::Initializer:0x00007ffca02fe668 @name=:load_environment_config, @context=#<ActionText::Engine:0x00007ffc9bc563f0 ...>, @options={:before=>:load_environment_hook, :group=>:all}, @block=#<Proc:0x00007ffc9e1d0ef0 /Users/dvalmyr/.asdf/installs/ruby/3.0.0/lib/ruby/gems/3.0.0/gems/railties-6.1.3.2/lib/rails/engine.rb:569>>, #<Rails::Initializable::Initializer:0x00007ffca02fe618 @name=:set_load_path, @context=#<ActionText::Engine:0x00007ffc9bc563f0 ...>, @options={:before=>:bootstrap_hook, :after=>:load_environment_config, :group=>:default}, @block=#<Proc:0x00007ffc9e1d0d10 /Users/dvalmyr/.asdf/installs/ruby/3.0.0/lib/ruby/gems/3.0.0/gems/railties-6.1.3.2/lib/rails/engine.rb:575>>, #<Rails::Initializable::Initializer:0x00007ffca02fe5c8 @name=:set_autoload_paths, @context=#<ActionText::Engine:0x00007ffc9bc563f0 ...>, @options={:before=>:bootstrap_hook, :after=>:set_load_path, :group=>:default}, @block=#<Proc:0x00007ffc9e1d0b80 /Users/dvalmyr/.asdf/installs/ruby/3.0.0/lib/ruby/gems/3.0.0/gems/railties-6.1.3.2/lib/rails/engine.rb:587>>, #<Rails::Initializable::Initializer:0x00007ffca02fe578 @name=:set_eager_load_paths, @context=#<ActionText::Engine:0x00007ffc9bc563f0 ...>, @options={:before=>:bootstrap_hook, :after=>:set_autoload_paths, :group=>:default}, @block=#<Proc:0x00007ffc9e1d0a68 /Users/dvalmyr/.asdf/installs/ruby/3.0.0/lib/ruby/gems/3.0.0/gems/railties-6.1.3.2/lib/rails/engine.rb:595>>, #<Rails::Initializable::Initializer:0x00007ffca02fe528 @name=:add_routing_paths, @context=#<ActionText::Engine:0x00007ffc9bc563f0 ...>, @options={:after=>:set_eager_load_paths, :group=>:default}, @block=#<Proc:0x00007ffc9e1d0950 /Users/dvalmyr/.asdf/installs/ruby/3.0.0/lib/ruby/gems/3.0.0/gems/railties-6.1.3.2/lib/rails/engine.rb:600>>, #<Rails::Initializable::Initializer:0x00007ffca02fe4d8 @name=:add_locales, @context=#<ActionText::Engine:0x00007ffc9bc563f0 ...>, @options={:after=>:add_routing_paths, :group=>:default}, @block=#<Proc:0x00007ffc9e1d0838 /Users/dvalmyr/.asdf/installs/ruby/3.0.0/lib/ruby/gems/3.0.0/gems/railties-6.1.3.2/lib/rails/engine.rb:614>>, #<Rails::Initializable::Initializer:0x00007ffca02fe488 @name=:add_view_paths, @context=#<ActionText::Engine:0x00007ffc9bc563f0 ...>, @options={:after=>:add_locales, :group=>:default}, @block=#<Proc:0x00007ffc9e1d0748 /Users/dvalmyr/.asdf/installs/ruby/3.0.0/lib/ruby/gems/3.0.0/gems/railties-6.1.3.2/lib/rails/engine.rb:618>>, #<Rails::Initializable::Initializer:0x00007ffca02fe438 @name=:prepend_helpers_path, @context=#<ActionText::Engine:0x00007ffc9bc563f0 ...>, @options={:after=>:add_view_paths, :group=>:default}, @block=#<Proc:0x00007ffc9e1d0658 /Users/dvalmyr/.asdf/installs/ruby/3.0.0/lib/ruby/gems/3.0.0/gems/railties-6.1.3.2/lib/rails/engine.rb:626>>, #<Rails::Initializable::Initializer:0x00007ffca02fe3e8 @name=:load_config_initializers, @context=#<ActionText::Engine:0x00007ffc9bc563f0 ...>, @options={:after=>:prepend_helpers_path, :group=>:default}, @block=#<Proc:0x00007ffc9e1d0568 /Users/dvalmyr/.asdf/installs/ruby/3.0.0/lib/ruby/gems/3.0.0/gems/railties-6.1.3.2/lib/rails/engine.rb:632>>, #<Rails::Initializable::Initializer:0x00007ffca02fe398 @name=:wrap_executor_around_load_seed, @context=#<ActionText::Engine:0x00007ffc9bc563f0 ...>, @options={:after=>:load_config_initializers, :group=>:default}, @block=#<Proc:0x00007ffc9e1d0478 /Users/dvalmyr/.asdf/installs/ruby/3.0.0/lib/ruby/gems/3.0.0/gems/railties-6.1.3.2/lib/rails/engine.rb:638>>, #<Rails::Initializable::Initializer:0x00007ffca02fe348 @name=:engines_blank_point, @context=#<ActionText::Engine:0x00007ffc9bc563f0 ...>, @options={:after=>:wrap_executor_around_load_seed, :group=>:default}, @block=#<Proc:0x00007ffc9e1d0388 /Users/dvalmyr/.asdf/installs/ruby/3.0.0/lib/ruby/gems/3.0.0/gems/railties-6.1.3.2/lib/rails/engine.rb:644>>, #<Rails::Initializable::Initializer:0x00007ffca02fe2f8 @name=:append_assets_path, @context=#<ActionText::Engine:0x00007ffc9bc563f0 ...>, @options={:group=>:all, :after=>:engines_blank_point}, @block=#<Proc:0x00007ffc9e3a14c8 /Users/dvalmyr/.asdf/installs/ruby/3.0.0/lib/ruby/gems/3.0.0/gems/sprockets-rails-3.2.2/lib/sprockets/railtie.rb:57>>, #<Rails::Initializable::Initializer:0x00007ffca02fe2a8 @name="action_text.attribute", @context=#<ActionText::Engine:0x00007ffc9bc563f0 ...>, @options={:group=>:default}, @block=#<Proc:0x00007ffc9bc54ff0 /Users/dvalmyr/.asdf/installs/ruby/3.0.0/lib/ruby/gems/3.0.0/gems/actiontext-6.1.3.2/lib/action_text/engine.rb:15>>, #<Rails::Initializable::Initializer:0x00007ffca02fe258 @name="action_text.attachable", @context=#<ActionText::Engine:0x00007ffc9bc563f0 ...>, @options={:after=>"action_text.attribute", :group=>:default}, @block=#<Proc:0x00007ffc9bc54eb0 /Users/dvalmyr/.asdf/installs/ruby/3.0.0/lib/ruby/gems/3.0.0/gems/actiontext-6.1.3.2/lib/action_text/engine.rb:21>>, #<Rails::Initializable::Initializer:0x00007ffca02fe208 @name="action_text.helper", @context=#<ActionText::Engine:0x00007ffc9bc563f0 ...>, @options={:after=>"action_text.attachable", :group=>:default}, @block=#<Proc:0x00007ffc9bc54dc0 /Users/dvalmyr/.asdf/installs/ruby/3.0.0/lib/ruby/gems/3.0.0/gems/actiontext-6.1.3.2/lib/action_text/engine.rb:39>>, #<Rails::Initializable::Initializer:0x00007ffca02fe1b8 @name="action_text.renderer", @context=#<ActionText::Engine:0x00007ffc9bc563f0 ...>, @options={:after=>"action_text.helper", :group=>:default}, @block=#<Proc:0x00007ffc9bc54cd0 /Users/dvalmyr/.asdf/installs/ruby/3.0.0/lib/ruby/gems/3.0.0/gems/actiontext-6.1.3.2/lib/action_text/engine.rb:47>>, #<Rails::Initializable::Initializer:0x00007ffca02fe168 @name="action_text.system_test_helper", @context=#<ActionText::Engine:0x00007ffc9bc563f0 ...>, @options={:after=>"action_text.renderer", :group=>:default}, @block=#<Proc:0x00007ffc9bc54be0 /Users/dvalmyr/.asdf/installs/ruby/3.0.0/lib/ruby/gems/3.0.0/gems/actiontext-6.1.3.2/lib/action_text/engine.rb:61>>]>, #<Webpacker::Engine:0x00007ffca023d120 @_all_autoload_paths=[], @_all_load_paths=["/Users/dvalmyr/.asdf/installs/ruby/3.0.0/lib/ruby/gems/3.0.0/gems/webpacker-5.4.0/lib"], @app=nil, @config=#<Rails::Engine::Configuration:0x00007ffca0237540 @root=#<Pathname:/Users/dvalmyr/.asdf/installs/ruby/3.0.0/lib/ruby/gems/3.0.0/gems/webpacker-5.4.0>, @generators=#<Rails::Configuration::Generators:0x00007ffca02374c8 @aliases={}, @options={:rails=>{:orm=>:active_record, :test_framework=>:test_unit, :integration_tool=>:test_unit, :system_tests=>:test_unit, :stylesheet_engine=>:scss}, :active_record=>{:migration=>true, :timestamps=>true}, :test_unit=>{:fixture=>true, :fixture_replacement=>nil}}, @fallbacks={}, @templates=[], @colorize_logging=true, @api_only=false, @hidden_namespaces=["sass"], @after_generate_callbacks=[]>, @middleware=#<Rails::Configuration::MiddlewareStackProxy:0x00007ffca0236f78 @operations=[], @delete_operations=[]>, @javascript_path="javascript", @paths=#<Rails::Paths::Root:0x00007ffc9bd1e788 @path=#<Pathname:/Users/dvalmyr/.asdf/installs/ruby/3.0.0/lib/ruby/gems/3.0.0/gems/webpacker-5.4.0>, @root={"app"=>#<Rails::Paths::Path:0x00007ffc9bd1e6c0 @paths=["app"], @current="app", @root=#<Rails::Paths::Root:0x00007ffc9bd1e788 ...>, @glob="{*,*/concerns}", @exclude=["assets", "javascript"], @autoload_once=false, @eager_load=true, @autoload=false, @load_path=false>, "app/assets"=>#<Rails::Paths::Path:0x00007ffc9bd1e648 @paths=["app/assets"], @current="app/assets", @root=#<Rails::Paths::Root:0x00007ffc9bd1e788 ...>, @glob="*", @exclude=nil, @autoload_once=false, @eager_load=false, @autoload=false, @load_path=false>, "app/controllers"=>#<Rails::Paths::Path:0x00007ffc9bd1e5d0 @paths=["app/controllers"], @current="app/controllers", @root=#<Rails::Paths::Root:0x00007ffc9bd1e788 ...>, @glob=nil, @exclude=nil, @autoload_once=false, @eager_load=true, @autoload=false, @load_path=false>, "app/channels"=>#<Rails::Paths::Path:0x00007ffc9bd1e558 @paths=["app/channels"], @current="app/channels", @root=#<Rails::Paths::Root:0x00007ffc9bd1e788 ...>, @glob="**/*_channel.rb", @exclude=nil, @autoload_once=false, @eager_load=true, @autoload=false, @load_path=false>, "app/helpers"=>#<Rails::Paths::Path:0x00007ffc9bd1e4e0 @paths=["app/helpers"], @current="app/helpers", @root=#<Rails::Paths::Root:0x00007ffc9bd1e788 ...>, @glob=nil, @exclude=nil, @autoload_once=false, @eager_load=true, @autoload=false, @load_path=false>, "app/models"=>#<Rails::Paths::Path:0x00007ffc9bd1e468 @paths=["app/models"], @current="app/models", @root=#<Rails::Paths::Root:0x00007ffc9bd1e788 ...>, @glob=nil, @exclude=nil, @autoload_once=false, @eager_load=true, @autoload=false, @load_path=false>, "app/mailers"=>#<Rails::Paths::Path:0x00007ffc9bd1e3f0 @paths=["app/mailers"], @current="app/mailers", @root=#<Rails::Paths::Root:0x00007ffc9bd1e788 ...>, @glob=nil, @exclude=nil, @autoload_once=false, @eager_load=true, @autoload=false, @load_path=false>, "app/views"=>#<Rails::Paths::Path:0x00007ffc9bd1e378 @paths=["app/views"], @current="app/views", @root=#<Rails::Paths::Root:0x00007ffc9bd1e788 ...>, @glob=nil, @exclude=nil, @autoload_once=false, @eager_load=false, @autoload=false, @load_path=false>, "lib"=>#<Rails::Paths::Path:0x00007ffc9bd1e300 @paths=["lib"], @current="lib", @root=#<Rails::Paths::Root:0x00007ffc9bd1e788 ...>, @glob=nil, @exclude=nil, @autoload_once=false, @eager_load=false, @autoload=false, @load_path=true>, "lib/assets"=>#<Rails::Paths::Path:0x00007ffc9bd1e288 @paths=["lib/assets"], @current="lib/assets", @root=#<Rails::Paths::Root:0x00007ffc9bd1e788 ...>, @glob="*", @exclude=nil, @autoload_once=false, @eager_load=false, @autoload=false, @load_path=false>, "lib/tasks"=>#<Rails::Paths::Path:0x00007ffc9bd1e210 @paths=["lib/tasks"], @current="lib/tasks", @root=#<Rails::Paths::Root:0x00007ffc9bd1e788 ...>, @glob="**/*.rake", @exclude=nil, @autoload_once=false, @eager_load=false, @autoload=false, @load_path=false>, "config"=>#<Rails::Paths::Path:0x00007ffc9bd1e198 @paths=["config"], @current="config", @root=#<Rails::Paths::Root:0x00007ffc9bd1e788 ...>, @glob=nil, @exclude=nil, @autoload_once=false, @eager_load=false, @autoload=false, @load_path=false>, "config/environments"=>#<Rails::Paths::Path:0x00007ffc9bd1e0f8 @paths=["config/environments"], @current="config/environments", @root=#<Rails::Paths::Root:0x00007ffc9bd1e788 ...>, @glob="development.rb", @exclude=nil, @autoload_once=false, @eager_load=false, @autoload=false, @load_path=false>, "config/initializers"=>#<Rails::Paths::Path:0x00007ffc9bd1e080 @paths=["config/initializers"], @current="config/initializers", @root=#<Rails::Paths::Root:0x00007ffc9bd1e788 ...>, @glob="**/*.rb", @exclude=nil, @autoload_once=false, @eager_load=false, @autoload=false, @load_path=false>, "config/locales"=>#<Rails::Paths::Path:0x00007ffc9bd1e008 @paths=["config/locales"], @current="config/locales", @root=#<Rails::Paths::Root:0x00007ffc9bd1e788 ...>, @glob="*.{rb,yml}", @exclude=nil, @autoload_once=false, @eager_load=false, @autoload=false, @load_path=false>, "config/routes.rb"=>#<Rails::Paths::Path:0x00007ffc9bd1df90 @paths=["config/routes.rb"], @current="config/routes.rb", @root=#<Rails::Paths::Root:0x00007ffc9bd1e788 ...>, @glob=nil, @exclude=nil, @autoload_once=false, @eager_load=false, @autoload=false, @load_path=false>, "config/routes"=>#<Rails::Paths::Path:0x00007ffc9bd1df18 @paths=["config/routes"], @current="config/routes", @root=#<Rails::Paths::Root:0x00007ffc9bd1e788 ...>, @glob="**/*.rb", @exclude=nil, @autoload_once=false, @eager_load=false, @autoload=false, @load_path=false>, "db"=>#<Rails::Paths::Path:0x00007ffc9bd1dea0 @paths=["db"], @current="db", @root=#<Rails::Paths::Root:0x00007ffc9bd1e788 ...>, @glob=nil, @exclude=nil, @autoload_once=false, @eager_load=false, @autoload=false, @load_path=false>, "db/migrate"=>#<Rails::Paths::Path:0x00007ffc9bd1de28 @paths=["db/migrate"], @current="db/migrate", @root=#<Rails::Paths::Root:0x00007ffc9bd1e788 ...>, @glob=nil, @exclude=nil, @autoload_once=false, @eager_load=false, @autoload=false, @load_path=false>, "db/seeds.rb"=>#<Rails::Paths::Path:0x00007ffc9bd1ddb0 @paths=["db/seeds.rb"], @current="db/seeds.rb", @root=#<Rails::Paths::Root:0x00007ffc9bd1e788 ...>, @glob=nil, @exclude=nil, @autoload_once=false, @eager_load=false, @autoload=false, @load_path=false>, "vendor"=>#<Rails::Paths::Path:0x00007ffc9bd1dd38 @paths=["vendor"], @current="vendor", @root=#<Rails::Paths::Root:0x00007ffc9bd1e788 ...>, @glob=nil, @exclude=nil, @autoload_once=false, @eager_load=false, @autoload=false, @load_path=true>, "vendor/assets"=>#<Rails::Paths::Path:0x00007ffc9bd1dcc0 @paths=["vendor/assets"], @current="vendor/assets", @root=#<Rails::Paths::Root:0x00007ffc9bd1e788 ...>, @glob="*", @exclude=nil, @autoload_once=false, @eager_load=false, @autoload=false, @load_path=false>}>, @autoload_paths=[], @eager_load_paths=[], @autoload_once_paths=[]>, @env_config=nil, @helpers=nil, @routes=#<ActionDispatch::Routing::RouteSet:0x00007ffc9bdee348>, @app_build_lock=#<Thread::Mutex:0x00007ffca023e368>, @initializers=[#<Rails::Initializable::Initializer:0x00007ffca02fdcb8 @name=:load_environment_config, @context=#<Webpacker::Engine:0x00007ffca023d120 ...>, @options={:before=>:load_environment_hook, :group=>:all}, @block=#<Proc:0x00007ffc9e1d0ef0 /Users/dvalmyr/.asdf/installs/ruby/3.0.0/lib/ruby/gems/3.0.0/gems/railties-6.1.3.2/lib/rails/engine.rb:569>>, #<Rails::Initializable::Initializer:0x00007ffca02fdc68 @name=:set_load_path, @context=#<Webpacker::Engine:0x00007ffca023d120 ...>, @options={:before=>:bootstrap_hook, :after=>:load_environment_config, :group=>:default}, @block=#<Proc:0x00007ffc9e1d0d10 /Users/dvalmyr/.asdf/installs/ruby/3.0.0/lib/ruby/gems/3.0.0/gems/railties-6.1.3.2/lib/rails/engine.rb:575>>, #<Rails::Initializable::Initializer:0x00007ffca02fdc18 @name=:set_autoload_paths, @context=#<Webpacker::Engine:0x00007ffca023d120 ...>, @options={:before=>:bootstrap_hook, :after=>:set_load_path, :group=>:default}, @block=#<Proc:0x00007ffc9e1d0b80 /Users/dvalmyr/.asdf/installs/ruby/3.0.0/lib/ruby/gems/3.0.0/gems/railties-6.1.3.2/lib/rails/engine.rb:587>>, #<Rails::Initializable::Initializer:0x00007ffca02fdbc8 @name=:set_eager_load_paths, @context=#<Webpacker::Engine:0x00007ffca023d120 ...>, @options={:before=>:bootstrap_hook, :after=>:set_autoload_paths, :group=>:default}, @block=#<Proc:0x00007ffc9e1d0a68 /Users/dvalmyr/.asdf/installs/ruby/3.0.0/lib/ruby/gems/3.0.0/gems/railties-6.1.3.2/lib/rails/engine.rb:595>>, #<Rails::Initializable::Initializer:0x00007ffca02fdb78 @name=:add_routing_paths, @context=#<Webpacker::Engine:0x00007ffca023d120 ...>, @options={:after=>:set_eager_load_paths, :group=>:default}, @block=#<Proc:0x00007ffc9e1d0950 /Users/dvalmyr/.asdf/installs/ruby/3.0.0/lib/ruby/gems/3.0.0/gems/railties-6.1.3.2/lib/rails/engine.rb:600>>, #<Rails::Initializable::Initializer:0x00007ffca02fdb28 @name=:add_locales, @context=#<Webpacker::Engine:0x00007ffca023d120 ...>, @options={:after=>:add_routing_paths, :group=>:default}, @block=#<Proc:0x00007ffc9e1d0838 /Users/dvalmyr/.asdf/installs/ruby/3.0.0/lib/ruby/gems/3.0.0/gems/railties-6.1.3.2/lib/rails/engine.rb:614>>, #<Rails::Initializable::Initializer:0x00007ffca02fdad8 @name=:add_view_paths, @context=#<Webpacker::Engine:0x00007ffca023d120 ...>, @options={:after=>:add_locales, :group=>:default}, @block=#<Proc:0x00007ffc9e1d0748 /Users/dvalmyr/.asdf/installs/ruby/3.0.0/lib/ruby/gems/3.0.0/gems/railties-6.1.3.2/lib/rails/engine.rb:618>>, #<Rails::Initializable::Initializer:0x00007ffca02fda88 @name=:prepend_helpers_path, @context=#<Webpacker::Engine:0x00007ffca023d120 ...>, @options={:after=>:add_view_paths, :group=>:default}, @block=#<Proc:0x00007ffc9e1d0658 /Users/dvalmyr/.asdf/installs/ruby/3.0.0/lib/ruby/gems/3.0.0/gems/railties-6.1.3.2/lib/rails/engine.rb:626>>, #<Rails::Initializable::Initializer:0x00007ffca02fda38 @name=:load_config_initializers, @context=#<Webpacker::Engine:0x00007ffca023d120 ...>, @options={:after=>:prepend_helpers_path, :group=>:default}, @block=#<Proc:0x00007ffc9e1d0568 /Users/dvalmyr/.asdf/installs/ruby/3.0.0/lib/ruby/gems/3.0.0/gems/railties-6.1.3.2/lib/rails/engine.rb:632>>, #<Rails::Initializable::Initializer:0x00007ffca02fd9e8 @name=:wrap_executor_around_load_seed, @context=#<Webpacker::Engine:0x00007ffca023d120 ...>, @options={:after=>:load_config_initializers, :group=>:default}, @block=#<Proc:0x00007ffc9e1d0478 /Users/dvalmyr/.asdf/installs/ruby/3.0.0/lib/ruby/gems/3.0.0/gems/railties-6.1.3.2/lib/rails/engine.rb:638>>, #<Rails::Initializable::Initializer:0x00007ffca02fd998 @name=:engines_blank_point, @context=#<Webpacker::Engine:0x00007ffca023d120 ...>, @options={:after=>:wrap_executor_around_load_seed, :group=>:default}, @block=#<Proc:0x00007ffc9e1d0388 /Users/dvalmyr/.asdf/installs/ruby/3.0.0/lib/ruby/gems/3.0.0/gems/railties-6.1.3.2/lib/rails/engine.rb:644>>, #<Rails::Initializable::Initializer:0x00007ffca02fd948 @name=:append_assets_path, @context=#<Webpacker::Engine:0x00007ffca023d120 ...>, @options={:group=>:all, :after=>:engines_blank_point}, @block=#<Proc:0x00007ffc9e3a14c8 /Users/dvalmyr/.asdf/installs/ruby/3.0.0/lib/ruby/gems/3.0.0/gems/sprockets-rails-3.2.2/lib/sprockets/railtie.rb:57>>, #<Rails::Initializable::Initializer:0x00007ffca02fd8f8 @name="webpacker.proxy", @context=#<Webpacker::Engine:0x00007ffca023d120 ...>, @options={:group=>:default}, @block=#<Proc:0x00007ffca0236c30 /Users/dvalmyr/.asdf/installs/ruby/3.0.0/lib/ruby/gems/3.0.0/gems/webpacker-5.4.0/lib/webpacker/railtie.rb:10>>, #<Rails::Initializable::Initializer:0x00007ffca02fd8a8 @name="webpacker.helper", @context=#<Webpacker::Engine:0x00007ffca023d120 ...>, @options={:after=>"webpacker.proxy", :group=>:default}, @block=#<Proc:0x00007ffca0236988 /Users/dvalmyr/.asdf/installs/ruby/3.0.0/lib/ruby/gems/3.0.0/gems/webpacker-5.4.0/lib/webpacker/railtie.rb:19>>, #<Rails::Initializable::Initializer:0x00007ffca02fd858 @name="webpacker.logger", @context=#<Webpacker::Engine:0x00007ffca023d120 ...>, @options={:after=>"webpacker.helper", :group=>:default}, @block=#<Proc:0x00007ffca02366e0 /Users/dvalmyr/.asdf/installs/ruby/3.0.0/lib/ruby/gems/3.0.0/gems/webpacker-5.4.0/lib/webpacker/railtie.rb:29>>, #<Rails::Initializable::Initializer:0x00007ffca02fd808 @name="webpacker.bootstrap", @context=#<Webpacker::Engine:0x00007ffca023d120 ...>, @options={:after=>"webpacker.logger", :group=>:default}, @block=#<Proc:0x00007ffca02360a0 /Users/dvalmyr/.asdf/installs/ruby/3.0.0/lib/ruby/gems/3.0.0/gems/webpacker-5.4.0/lib/webpacker/railtie.rb:39>>, #<Rails::Initializable::Initializer:0x00007ffca02fd7b8 @name="webpacker.set_source", @context=#<Webpacker::Engine:0x00007ffca023d120 ...>, @options={:after=>"webpacker.bootstrap", :group=>:default}, @block=#<Proc:0x00007ffca0235df8 /Users/dvalmyr/.asdf/installs/ruby/3.0.0/lib/ruby/gems/3.0.0/gems/webpacker-5.4.0/lib/webpacker/railtie.rb:50>>]>, #<Turbolinks::Engine:0x00007ffc9e2a4818 @_all_autoload_paths=[], @_all_load_paths=["/Users/dvalmyr/.asdf/installs/ruby/3.0.0/lib/ruby/gems/3.0.0/gems/turbolinks-5.2.1/lib"], @app=nil, @config=#<Rails::Engine::Configuration:0x00007ffc9e2a4138 @root=#<Pathname:/Users/dvalmyr/.asdf/installs/ruby/3.0.0/lib/ruby/gems/3.0.0/gems/turbolinks-5.2.1>, @generators=#<Rails::Configuration::Generators:0x00007ffc9e2a4110 @aliases={}, @options={:rails=>{:orm=>:active_record, :test_framework=>:test_unit, :integration_tool=>:test_unit, :system_tests=>:test_unit, :stylesheet_engine=>:scss}, :active_record=>{:migration=>true, :timestamps=>true}, :test_unit=>{:fixture=>true, :fixture_replacement=>nil}}, @fallbacks={}, @templates=[], @colorize_logging=true, @api_only=false, @hidden_namespaces=["sass"], @after_generate_callbacks=[]>, @middleware=#<Rails::Configuration::MiddlewareStackProxy:0x00007ffc9e29fed0 @operations=[], @delete_operations=[]>, @javascript_path="javascript", @paths=#<Rails::Paths::Root:0x00007ffc9bd1d900 @path=#<Pathname:/Users/dvalmyr/.asdf/installs/ruby/3.0.0/lib/ruby/gems/3.0.0/gems/turbolinks-5.2.1>, @root={"app"=>#<Rails::Paths::Path:0x00007ffc9bd1d838 @paths=["app"], @current="app", @root=#<Rails::Paths::Root:0x00007ffc9bd1d900 ...>, @glob="{*,*/concerns}", @exclude=["assets", "javascript"], @autoload_once=false, @eager_load=true, @autoload=false, @load_path=false>, "app/assets"=>#<Rails::Paths::Path:0x00007ffc9bd1d7c0 @paths=["app/assets"], @current="app/assets", @root=#<Rails::Paths::Root:0x00007ffc9bd1d900 ...>, @glob="*", @exclude=nil, @autoload_once=false, @eager_load=false, @autoload=false, @load_path=false>, "app/controllers"=>#<Rails::Paths::Path:0x00007ffc9bd1d748 @paths=["app/controllers"], @current="app/controllers", @root=#<Rails::Paths::Root:0x00007ffc9bd1d900 ...>, @glob=nil, @exclude=nil, @autoload_once=false, @eager_load=true, @autoload=false, @load_path=false>, "app/channels"=>#<Rails::Paths::Path:0x00007ffc9bd1d6d0 @paths=["app/channels"], @current="app/channels", @root=#<Rails::Paths::Root:0x00007ffc9bd1d900 ...>, @glob="**/*_channel.rb", @exclude=nil, @autoload_once=false, @eager_load=true, @autoload=false, @load_path=false>, "app/helpers"=>#<Rails::Paths::Path:0x00007ffc9bd1d658 @paths=["app/helpers"], @current="app/helpers", @root=#<Rails::Paths::Root:0x00007ffc9bd1d900 ...>, @glob=nil, @exclude=nil, @autoload_once=false, @eager_load=true, @autoload=false, @load_path=false>, "app/models"=>#<Rails::Paths::Path:0x00007ffc9bd1d5e0 @paths=["app/models"], @current="app/models", @root=#<Rails::Paths::Root:0x00007ffc9bd1d900 ...>, @glob=nil, @exclude=nil, @autoload_once=false, @eager_load=true, @autoload=false, @load_path=false>, "app/mailers"=>#<Rails::Paths::Path:0x00007ffc9bd1d568 @paths=["app/mailers"], @current="app/mailers", @root=#<Rails::Paths::Root:0x00007ffc9bd1d900 ...>, @glob=nil, @exclude=nil, @autoload_once=false, @eager_load=true, @autoload=false, @load_path=false>, "app/views"=>#<Rails::Paths::Path:0x00007ffc9bd1d4f0 @paths=["app/views"], @current="app/views", @root=#<Rails::Paths::Root:0x00007ffc9bd1d900 ...>, @glob=nil, @exclude=nil, @autoload_once=false, @eager_load=false, @autoload=false, @load_path=false>, "lib"=>#<Rails::Paths::Path:0x00007ffc9bd1d478 @paths=["lib"], @current="lib", @root=#<Rails::Paths::Root:0x00007ffc9bd1d900 ...>, @glob=nil, @exclude=nil, @autoload_once=false, @eager_load=false, @autoload=false, @load_path=true>, "lib/assets"=>#<Rails::Paths::Path:0x00007ffc9bd1d400 @paths=["lib/assets"], @current="lib/assets", @root=#<Rails::Paths::Root:0x00007ffc9bd1d900 ...>, @glob="*", @exclude=nil, @autoload_once=false, @eager_load=false, @autoload=false, @load_path=false>, "lib/tasks"=>#<Rails::Paths::Path:0x00007ffc9bd1d388 @paths=["lib/tasks"], @current="lib/tasks", @root=#<Rails::Paths::Root:0x00007ffc9bd1d900 ...>, @glob="**/*.rake", @exclude=nil, @autoload_once=false, @eager_load=false, @autoload=false, @load_path=false>, "config"=>#<Rails::Paths::Path:0x00007ffc9bd1d310 @paths=["config"], @current="config", @root=#<Rails::Paths::Root:0x00007ffc9bd1d900 ...>, @glob=nil, @exclude=nil, @autoload_once=false, @eager_load=false, @autoload=false, @load_path=false>, "config/environments"=>#<Rails::Paths::Path:0x00007ffc9bd1d270 @paths=["config/environments"], @current="config/environments", @root=#<Rails::Paths::Root:0x00007ffc9bd1d900 ...>, @glob="development.rb", @exclude=nil, @autoload_once=false, @eager_load=false, @autoload=false, @load_path=false>, "config/initializers"=>#<Rails::Paths::Path:0x00007ffc9bd1d1f8 @paths=["config/initializers"], @current="config/initializers", @root=#<Rails::Paths::Root:0x00007ffc9bd1d900 ...>, @glob="**/*.rb", @exclude=nil, @autoload_once=false, @eager_load=false, @autoload=false, @load_path=false>, "config/locales"=>#<Rails::Paths::Path:0x00007ffc9bd1d180 @paths=["config/locales"], @current="config/locales", @root=#<Rails::Paths::Root:0x00007ffc9bd1d900 ...>, @glob="*.{rb,yml}", @exclude=nil, @autoload_once=false, @eager_load=false, @autoload=false, @load_path=false>, "config/routes.rb"=>#<Rails::Paths::Path:0x00007ffc9bd1d108 @paths=["config/routes.rb"], @current="config/routes.rb", @root=#<Rails::Paths::Root:0x00007ffc9bd1d900 ...>, @glob=nil, @exclude=nil, @autoload_once=false, @eager_load=false, @autoload=false, @load_path=false>, "config/routes"=>#<Rails::Paths::Path:0x00007ffc9bd1d090 @paths=["config/routes"], @current="config/routes", @root=#<Rails::Paths::Root:0x00007ffc9bd1d900 ...>, @glob="**/*.rb", @exclude=nil, @autoload_once=false, @eager_load=false, @autoload=false, @load_path=false>, "db"=>#<Rails::Paths::Path:0x00007ffc9bd1d018 @paths=["db"], @current="db", @root=#<Rails::Paths::Root:0x00007ffc9bd1d900 ...>, @glob=nil, @exclude=nil, @autoload_once=false, @eager_load=false, @autoload=false, @load_path=false>, "db/migrate"=>#<Rails::Paths::Path:0x00007ffc9bd1cfa0 @paths=["db/migrate"], @current="db/migrate", @root=#<Rails::Paths::Root:0x00007ffc9bd1d900 ...>, @glob=nil, @exclude=nil, @autoload_once=false, @eager_load=false, @autoload=false, @load_path=false>, "db/seeds.rb"=>#<Rails::Paths::Path:0x00007ffc9bd1cf28 @paths=["db/seeds.rb"], @current="db/seeds.rb", @root=#<Rails::Paths::Root:0x00007ffc9bd1d900 ...>, @glob=nil, @exclude=nil, @autoload_once=false, @eager_load=false, @autoload=false, @load_path=false>, "vendor"=>#<Rails::Paths::Path:0x00007ffc9bd1ceb0 @paths=["vendor"], @current="vendor", @root=#<Rails::Paths::Root:0x00007ffc9bd1d900 ...>, @glob=nil, @exclude=nil, @autoload_once=false, @eager_load=false, @autoload=false, @load_path=true>, "vendor/assets"=>#<Rails::Paths::Path:0x00007ffc9bd1ce38 @paths=["vendor/assets"], @current="vendor/assets", @root=#<Rails::Paths::Root:0x00007ffc9bd1d900 ...>, @glob="*", @exclude=nil, @autoload_once=false, @eager_load=false, @autoload=false, @load_path=false>}>, @autoload_paths=[], @eager_load_paths=[], @autoload_once_paths=[]>, @env_config=nil, @helpers=nil, @routes=#<ActionDispatch::Routing::RouteSet:0x00007ffc9bded678>, @app_build_lock=#<Thread::Mutex:0x00007ffc9e2a47a0>, @initializers=[#<Rails::Initializable::Initializer:0x00007ffca02fd330 @name=:load_environment_config, @context=#<Turbolinks::Engine:0x00007ffc9e2a4818 ...>, @options={:before=>:load_environment_hook, :group=>:all}, @block=#<Proc:0x00007ffc9e1d0ef0 /Users/dvalmyr/.asdf/installs/ruby/3.0.0/lib/ruby/gems/3.0.0/gems/railties-6.1.3.2/lib/rails/engine.rb:569>>, #<Rails::Initializable::Initializer:0x00007ffca02fd2e0 @name=:set_load_path, @context=#<Turbolinks::Engine:0x00007ffc9e2a4818 ...>, @options={:before=>:bootstrap_hook, :after=>:load_environment_config, :group=>:default}, @block=#<Proc:0x00007ffc9e1d0d10 /Users/dvalmyr/.asdf/installs/ruby/3.0.0/lib/ruby/gems/3.0.0/gems/railties-6.1.3.2/lib/rails/engine.rb:575>>, #<Rails::Initializable::Initializer:0x00007ffca02fd290 @name=:set_autoload_paths, @context=#<Turbolinks::Engine:0x00007ffc9e2a4818 ...>, @options={:before=>:bootstrap_hook, :after=>:set_load_path, :group=>:default}, @block=#<Proc:0x00007ffc9e1d0b80 /Users/dvalmyr/.asdf/installs/ruby/3.0.0/lib/ruby/gems/3.0.0/gems/railties-6.1.3.2/lib/rails/engine.rb:587>>, #<Rails::Initializable::Initializer:0x00007ffca02fd240 @name=:set_eager_load_paths, @context=#<Turbolinks::Engine:0x00007ffc9e2a4818 ...>, @options={:before=>:bootstrap_hook, :after=>:set_autoload_paths, :group=>:default}, @block=#<Proc:0x00007ffc9e1d0a68 /Users/dvalmyr/.asdf/installs/ruby/3.0.0/lib/ruby/gems/3.0.0/gems/railties-6.1.3.2/lib/rails/engine.rb:595>>, #<Rails::Initializable::Initializer:0x00007ffca02fd1f0 @name=:add_routing_paths, @context=#<Turbolinks::Engine:0x00007ffc9e2a4818 ...>, @options={:after=>:set_eager_load_paths, :group=>:default}, @block=#<Proc:0x00007ffc9e1d0950 /Users/dvalmyr/.asdf/installs/ruby/3.0.0/lib/ruby/gems/3.0.0/gems/railties-6.1.3.2/lib/rails/engine.rb:600>>, #<Rails::Initializable::Initializer:0x00007ffca02fd1a0 @name=:add_locales, @context=#<Turbolinks::Engine:0x00007ffc9e2a4818 ...>, @options={:after=>:add_routing_paths, :group=>:default}, @block=#<Proc:0x00007ffc9e1d0838 /Users/dvalmyr/.asdf/installs/ruby/3.0.0/lib/ruby/gems/3.0.0/gems/railties-6.1.3.2/lib/rails/engine.rb:614>>, #<Rails::Initializable::Initializer:0x00007ffca02fd150 @name=:add_view_paths, @context=#<Turbolinks::Engine:0x00007ffc9e2a4818 ...>, @options={:after=>:add_locales, :group=>:default}, @block=#<Proc:0x00007ffc9e1d0748 /Users/dvalmyr/.asdf/installs/ruby/3.0.0/lib/ruby/gems/3.0.0/gems/railties-6.1.3.2/lib/rails/engine.rb:618>>, #<Rails::Initializable::Initializer:0x00007ffca02fd100 @name=:prepend_helpers_path, @context=#<Turbolinks::Engine:0x00007ffc9e2a4818 ...>, @options={:after=>:add_view_paths, :group=>:default}, @block=#<Proc:0x00007ffc9e1d0658 /Users/dvalmyr/.asdf/installs/ruby/3.0.0/lib/ruby/gems/3.0.0/gems/railties-6.1.3.2/lib/rails/engine.rb:626>>, #<Rails::Initializable::Initializer:0x00007ffca02fd0b0 @name=:load_config_initializers, @context=#<Turbolinks::Engine:0x00007ffc9e2a4818 ...>, @options={:after=>:prepend_helpers_path, :group=>:default}, @block=#<Proc:0x00007ffc9e1d0568 /Users/dvalmyr/.asdf/installs/ruby/3.0.0/lib/ruby/gems/3.0.0/gems/railties-6.1.3.2/lib/rails/engine.rb:632>>, #<Rails::Initializable::Initializer:0x00007ffca02fd060 @name=:wrap_executor_around_load_seed, @context=#<Turbolinks::Engine:0x00007ffc9e2a4818 ...>, @options={:after=>:load_config_initializers, :group=>:default}, @block=#<Proc:0x00007ffc9e1d0478 /Users/dvalmyr/.asdf/installs/ruby/3.0.0/lib/ruby/gems/3.0.0/gems/railties-6.1.3.2/lib/rails/engine.rb:638>>, #<Rails::Initializable::Initializer:0x00007ffca02fd010 @name=:engines_blank_point, @context=#<Turbolinks::Engine:0x00007ffc9e2a4818 ...>, @options={:after=>:wrap_executor_around_load_seed, :group=>:default}, @block=#<Proc:0x00007ffc9e1d0388 /Users/dvalmyr/.asdf/installs/ruby/3.0.0/lib/ruby/gems/3.0.0/gems/railties-6.1.3.2/lib/rails/engine.rb:644>>, #<Rails::Initializable::Initializer:0x00007ffca02fcfc0 @name=:append_assets_path, @context=#<Turbolinks::Engine:0x00007ffc9e2a4818 ...>, @options={:group=>:all, :after=>:engines_blank_point}, @block=#<Proc:0x00007ffc9e3a14c8 /Users/dvalmyr/.asdf/installs/ruby/3.0.0/lib/ruby/gems/3.0.0/gems/sprockets-rails-3.2.2/lib/sprockets/railtie.rb:57>>, #<Rails::Initializable::Initializer:0x00007ffca02fcf70 @name=:turbolinks, @context=#<Turbolinks::Engine:0x00007ffc9e2a4818 ...>, @options={:group=>:default}, @block=#<Proc:0x00007ffc9e29f728 /Users/dvalmyr/.asdf/installs/ruby/3.0.0/lib/ruby/gems/3.0.0/gems/turbolinks-5.2.1/lib/turbolinks.rb:20>>]>]>, @message_verifiers={}, @ran_load_hooks=true, @executor=#<Class:0x00007ffc9bcde1d8>, @reloader=#<Class:0x00007ffc9bce4df8>, @initial_variable_values={}, @block=nil, @initializers=[#<Rails::Initializable::Initializer:0x00007ffc9fa2ebf0 @name=:load_environment_config, @context=#<ScheduledTweets::Application:0x00007ffc9bcd7d88 ...>, @options={:before=>:load_environment_hook, :group=>:all}, @block=#<Proc:0x00007ffc9e1d0ef0 /Users/dvalmyr/.asdf/installs/ruby/3.0.0/lib/ruby/gems/3.0.0/gems/railties-6.1.3.2/lib/rails/engine.rb:569>>, #<Rails::Initializable::Initializer:0x00007ffc9fa2eba0 @name=:set_load_path, @context=#<ScheduledTweets::Application:0x00007ffc9bcd7d88 ...>, @options={:before=>:bootstrap_hook, :after=>:load_environment_config, :group=>:default}, @block=#<Proc:0x00007ffc9e1d0d10 /Users/dvalmyr/.asdf/installs/ruby/3.0.0/lib/ruby/gems/3.0.0/gems/railties-6.1.3.2/lib/rails/engine.rb:575>>, #<Rails::Initializable::Initializer:0x00007ffc9fa2eb50 @name=:set_autoload_paths, @context=#<ScheduledTweets::Application:0x00007ffc9bcd7d88 ...>, @options={:before=>:bootstrap_hook, :after=>:set_load_path, :group=>:default}, @block=#<Proc:0x00007ffc9e1d0b80 /Users/dvalmyr/.asdf/installs/ruby/3.0.0/lib/ruby/gems/3.0.0/gems/railties-6.1.3.2/lib/rails/engine.rb:587>>, #<Rails::Initializable::Initializer:0x00007ffc9fa2eb00 @name=:set_eager_load_paths, @context=#<ScheduledTweets::Application:0x00007ffc9bcd7d88 ...>, @options={:before=>:bootstrap_hook, :after=>:set_autoload_paths, :group=>:default}, @block=#<Proc:0x00007ffc9e1d0a68 /Users/dvalmyr/.asdf/installs/ruby/3.0.0/lib/ruby/gems/3.0.0/gems/railties-6.1.3.2/lib/rails/engine.rb:595>>, #<Rails::Initializable::Initializer:0x00007ffc9fa2eab0 @name=:add_routing_paths, @context=#<ScheduledTweets::Application:0x00007ffc9bcd7d88 ...>, @options={:after=>:set_eager_load_paths, :group=>:default}, @block=#<Proc:0x00007ffc9e1d0950 /Users/dvalmyr/.asdf/installs/ruby/3.0.0/lib/ruby/gems/3.0.0/gems/railties-6.1.3.2/lib/rails/engine.rb:600>>, #<Rails::Initializable::Initializer:0x00007ffc9fa2ea60 @name=:add_locales, @context=#<ScheduledTweets::Application:0x00007ffc9bcd7d88 ...>, @options={:after=>:add_routing_paths, :group=>:default}, @block=#<Proc:0x00007ffc9e1d0838 /Users/dvalmyr/.asdf/installs/ruby/3.0.0/lib/ruby/gems/3.0.0/gems/railties-6.1.3.2/lib/rails/engine.rb:614>>, #<Rails::Initializable::Initializer:0x00007ffc9fa2ea10 @name=:add_view_paths, @context=#<ScheduledTweets::Application:0x00007ffc9bcd7d88 ...>, @options={:after=>:add_locales, :group=>:default}, @block=#<Proc:0x00007ffc9e1d0748 /Users/dvalmyr/.asdf/installs/ruby/3.0.0/lib/ruby/gems/3.0.0/gems/railties-6.1.3.2/lib/rails/engine.rb:618>>, #<Rails::Initializable::Initializer:0x00007ffc9fa2e9c0 @name=:prepend_helpers_path, @context=#<ScheduledTweets::Application:0x00007ffc9bcd7d88 ...>, @options={:after=>:add_view_paths, :group=>:default}, @block=#<Proc:0x00007ffc9e1d0658 /Users/dvalmyr/.asdf/installs/ruby/3.0.0/lib/ruby/gems/3.0.0/gems/railties-6.1.3.2/lib/rails/engine.rb:626>>, #<Rails::Initializable::Initializer:0x00007ffc9fa2e970 @name=:load_config_initializers, @context=#<ScheduledTweets::Application:0x00007ffc9bcd7d88 ...>, @options={:after=>:prepend_helpers_path, :group=>:default}, @block=#<Proc:0x00007ffc9e1d0568 /Users/dvalmyr/.asdf/installs/ruby/3.0.0/lib/ruby/gems/3.0.0/gems/railties-6.1.3.2/lib/rails/engine.rb:632>>, #<Rails::Initializable::Initializer:0x00007ffc9fa2e920 @name=:wrap_executor_around_load_seed, @context=#<ScheduledTweets::Application:0x00007ffc9bcd7d88 ...>, @options={:after=>:load_config_initializers, :group=>:default}, @block=#<Proc:0x00007ffc9e1d0478 /Users/dvalmyr/.asdf/installs/ruby/3.0.0/lib/ruby/gems/3.0.0/gems/railties-6.1.3.2/lib/rails/engine.rb:638>>, #<Rails::Initializable::Initializer:0x00007ffc9fa2e8d0 @name=:engines_blank_point, @context=#<ScheduledTweets::Application:0x00007ffc9bcd7d88 ...>, @options={:after=>:wrap_executor_around_load_seed, :group=>:default}, @block=#<Proc:0x00007ffc9e1d0388 /Users/dvalmyr/.asdf/installs/ruby/3.0.0/lib/ruby/gems/3.0.0/gems/railties-6.1.3.2/lib/rails/engine.rb:644>>, #<Rails::Initializable::Initializer:0x00007ffc9fa2e880 @name=:append_assets_path, @context=#<ScheduledTweets::Application:0x00007ffc9bcd7d88 ...>, @options={:group=>:all, :after=>:engines_blank_point}, @block=#<Proc:0x00007ffc9e3a14c8 /Users/dvalmyr/.asdf/installs/ruby/3.0.0/lib/ruby/gems/3.0.0/gems/sprockets-rails-3.2.2/lib/sprockets/railtie.rb:57>>]> (NoMethodError)
Did you mean?  credentials
               credentials=
	from /Users/dvalmyr/.asdf/installs/ruby/3.0.0/lib/ruby/gems/3.0.0/gems/rack-2.2.3/lib/rack/builder.rb:125:in `instance_eval'
	from /Users/dvalmyr/.asdf/installs/ruby/3.0.0/lib/ruby/gems/3.0.0/gems/rack-2.2.3/lib/rack/builder.rb:125:in `initialize'
	from /Users/dvalmyr/.asdf/installs/ruby/3.0.0/lib/ruby/gems/3.0.0/gems/actionpack-6.1.3.2/lib/action_dispatch/middleware/stack.rb:37:in `new'
	from /Users/dvalmyr/.asdf/installs/ruby/3.0.0/lib/ruby/gems/3.0.0/gems/actionpack-6.1.3.2/lib/action_dispatch/middleware/stack.rb:37:in `build'
	from /Users/dvalmyr/.asdf/installs/ruby/3.0.0/lib/ruby/gems/3.0.0/gems/actionpack-6.1.3.2/lib/action_dispatch/middleware/stack.rb:154:in `block in build'
	from /Users/dvalmyr/.asdf/installs/ruby/3.0.0/lib/ruby/gems/3.0.0/gems/actionpack-6.1.3.2/lib/action_dispatch/middleware/stack.rb:150:in `each'
	from /Users/dvalmyr/.asdf/installs/ruby/3.0.0/lib/ruby/gems/3.0.0/gems/actionpack-6.1.3.2/lib/action_dispatch/middleware/stack.rb:150:in `inject'
	from /Users/dvalmyr/.asdf/installs/ruby/3.0.0/lib/ruby/gems/3.0.0/gems/actionpack-6.1.3.2/lib/action_dispatch/middleware/stack.rb:150:in `build'
	from /Users/dvalmyr/.asdf/installs/ruby/3.0.0/lib/ruby/gems/3.0.0/gems/railties-6.1.3.2/lib/rails/engine.rb:525:in `block in app'
	from /Users/dvalmyr/.asdf/installs/ruby/3.0.0/lib/ruby/gems/3.0.0/gems/railties-6.1.3.2/lib/rails/engine.rb:521:in `synchronize'
	from /Users/dvalmyr/.asdf/installs/ruby/3.0.0/lib/ruby/gems/3.0.0/gems/railties-6.1.3.2/lib/rails/engine.rb:521:in `app'
	from /Users/dvalmyr/.asdf/installs/ruby/3.0.0/lib/ruby/gems/3.0.0/gems/railties-6.1.3.2/lib/rails/application/finisher.rb:108:in `block in <module:Finisher>'
	from /Users/dvalmyr/.asdf/installs/ruby/3.0.0/lib/ruby/gems/3.0.0/gems/railties-6.1.3.2/lib/rails/initializable.rb:32:in `instance_exec'
	from /Users/dvalmyr/.asdf/installs/ruby/3.0.0/lib/ruby/gems/3.0.0/gems/railties-6.1.3.2/lib/rails/initializable.rb:32:in `run'
	from /Users/dvalmyr/.asdf/installs/ruby/3.0.0/lib/ruby/gems/3.0.0/gems/railties-6.1.3.2/lib/rails/initializable.rb:61:in `block in run_initializers'
	from /Users/dvalmyr/.asdf/installs/ruby/3.0.0/lib/ruby/3.0.0/tsort.rb:228:in `block in tsort_each'
	from /Users/dvalmyr/.asdf/installs/ruby/3.0.0/lib/ruby/3.0.0/tsort.rb:350:in `block (2 levels) in each_strongly_connected_component'
	from /Users/dvalmyr/.asdf/installs/ruby/3.0.0/lib/ruby/3.0.0/tsort.rb:431:in `each_strongly_connected_component_from'
	from /Users/dvalmyr/.asdf/installs/ruby/3.0.0/lib/ruby/3.0.0/tsort.rb:349:in `block in each_strongly_connected_component'
	from /Users/dvalmyr/.asdf/installs/ruby/3.0.0/lib/ruby/3.0.0/tsort.rb:347:in `each'
	from /Users/dvalmyr/.asdf/installs/ruby/3.0.0/lib/ruby/3.0.0/tsort.rb:347:in `call'
	from /Users/dvalmyr/.asdf/installs/ruby/3.0.0/lib/ruby/3.0.0/tsort.rb:347:in `each_strongly_connected_component'
	from /Users/dvalmyr/.asdf/installs/ruby/3.0.0/lib/ruby/3.0.0/tsort.rb:226:in `tsort_each'
	from /Users/dvalmyr/.asdf/installs/ruby/3.0.0/lib/ruby/3.0.0/tsort.rb:205:in `tsort_each'
	from /Users/dvalmyr/.asdf/installs/ruby/3.0.0/lib/ruby/gems/3.0.0/gems/railties-6.1.3.2/lib/rails/initializable.rb:60:in `run_initializers'
	from /Users/dvalmyr/.asdf/installs/ruby/3.0.0/lib/ruby/gems/3.0.0/gems/railties-6.1.3.2/lib/rails/application.rb:384:in `initialize!'
	from /Users/dvalmyr/scheduled_tweets/config/environment.rb:5:in `<main>'
	from /Users/dvalmyr/.asdf/installs/ruby/3.0.0/lib/ruby/gems/3.0.0/gems/bootsnap-1.7.5/lib/bootsnap/load_path_cache/core_ext/kernel_require.rb:23:in `require'
	from /Users/dvalmyr/.asdf/installs/ruby/3.0.0/lib/ruby/gems/3.0.0/gems/bootsnap-1.7.5/lib/bootsnap/load_path_cache/core_ext/kernel_require.rb:23:in `block in require_with_bootsnap_lfi'
	from /Users/dvalmyr/.asdf/installs/ruby/3.0.0/lib/ruby/gems/3.0.0/gems/bootsnap-1.7.5/lib/bootsnap/load_path_cache/loaded_features_index.rb:92:in `register'
	from /Users/dvalmyr/.asdf/installs/ruby/3.0.0/lib/ruby/gems/3.0.0/gems/bootsnap-1.7.5/lib/bootsnap/load_path_cache/core_ext/kernel_require.rb:22:in `require_with_bootsnap_lfi'
	from /Users/dvalmyr/.asdf/installs/ruby/3.0.0/lib/ruby/gems/3.0.0/gems/bootsnap-1.7.5/lib/bootsnap/load_path_cache/core_ext/kernel_require.rb:31:in `require'
	from /Users/dvalmyr/.asdf/installs/ruby/3.0.0/lib/ruby/gems/3.0.0/gems/zeitwerk-2.4.2/lib/zeitwerk/kernel.rb:34:in `require'
	from /Users/dvalmyr/.asdf/installs/ruby/3.0.0/lib/ruby/gems/3.0.0/gems/activesupport-6.1.3.2/lib/active_support/dependencies.rb:332:in `block in require'
	from /Users/dvalmyr/.asdf/installs/ruby/3.0.0/lib/ruby/gems/3.0.0/gems/activesupport-6.1.3.2/lib/active_support/dependencies.rb:299:in `load_dependency'
	from /Users/dvalmyr/.asdf/installs/ruby/3.0.0/lib/ruby/gems/3.0.0/gems/activesupport-6.1.3.2/lib/active_support/dependencies.rb:332:in `require'
	from /Users/dvalmyr/.asdf/installs/ruby/3.0.0/lib/ruby/gems/3.0.0/gems/bootsnap-1.7.5/lib/bootsnap/load_path_cache/core_ext/kernel_require.rb:53:in `require_relative'
	from config.ru:3:in `block in <main>'
	from /Users/dvalmyr/.asdf/installs/ruby/3.0.0/lib/ruby/gems/3.0.0/gems/rack-2.2.3/lib/rack/builder.rb:116:in `eval'
	from /Users/dvalmyr/.asdf/installs/ruby/3.0.0/lib/ruby/gems/3.0.0/gems/rack-2.2.3/lib/rack/builder.rb:116:in `new_from_string'
	from /Users/dvalmyr/.asdf/installs/ruby/3.0.0/lib/ruby/gems/3.0.0/gems/rack-2.2.3/lib/rack/builder.rb:105:in `load_file'
	from /Users/dvalmyr/.asdf/installs/ruby/3.0.0/lib/ruby/gems/3.0.0/gems/rack-2.2.3/lib/rack/builder.rb:66:in `parse_file'
	from /Users/dvalmyr/.asdf/installs/ruby/3.0.0/lib/ruby/gems/3.0.0/gems/rack-2.2.3/lib/rack/server.rb:349:in `build_app_and_options_from_config'
	from /Users/dvalmyr/.asdf/installs/ruby/3.0.0/lib/ruby/gems/3.0.0/gems/rack-2.2.3/lib/rack/server.rb:249:in `app'
	from /Users/dvalmyr/.asdf/installs/ruby/3.0.0/lib/ruby/gems/3.0.0/gems/rack-2.2.3/lib/rack/server.rb:422:in `wrapped_app'
	from /Users/dvalmyr/.asdf/installs/ruby/3.0.0/lib/ruby/gems/3.0.0/gems/railties-6.1.3.2/lib/rails/commands/server/server_command.rb:77:in `log_to_stdout'
	from /Users/dvalmyr/.asdf/installs/ruby/3.0.0/lib/ruby/gems/3.0.0/gems/railties-6.1.3.2/lib/rails/commands/server/server_command.rb:37:in `start'
	from /Users/dvalmyr/.asdf/installs/ruby/3.0.0/lib/ruby/gems/3.0.0/gems/railties-6.1.3.2/lib/rails/commands/server/server_command.rb:144:in `block in perform'
	from <internal:kernel>:90:in `tap'
	from /Users/dvalmyr/.asdf/installs/ruby/3.0.0/lib/ruby/gems/3.0.0/gems/railties-6.1.3.2/lib/rails/commands/server/server_command.rb:135:in `perform'
	from /Users/dvalmyr/.asdf/installs/ruby/3.0.0/lib/ruby/gems/3.0.0/gems/thor-1.1.0/lib/thor/command.rb:27:in `run'
	from /Users/dvalmyr/.asdf/installs/ruby/3.0.0/lib/ruby/gems/3.0.0/gems/thor-1.1.0/lib/thor/invocation.rb:127:in `invoke_command'
	from /Users/dvalmyr/.asdf/installs/ruby/3.0.0/lib/ruby/gems/3.0.0/gems/thor-1.1.0/lib/thor.rb:392:in `dispatch'
	from /Users/dvalmyr/.asdf/installs/ruby/3.0.0/lib/ruby/gems/3.0.0/gems/railties-6.1.3.2/lib/rails/command/base.rb:69:in `perform'
	from /Users/dvalmyr/.asdf/installs/ruby/3.0.0/lib/ruby/gems/3.0.0/gems/railties-6.1.3.2/lib/rails/command.rb:50:in `invoke'
	from /Users/dvalmyr/.asdf/installs/ruby/3.0.0/lib/ruby/gems/3.0.0/gems/railties-6.1.3.2/lib/rails/commands.rb:18:in `<main>'
	from /Users/dvalmyr/.asdf/installs/ruby/3.0.0/lib/ruby/gems/3.0.0/gems/bootsnap-1.7.5/lib/bootsnap/load_path_cache/core_ext/kernel_require.rb:23:in `require'
	from /Users/dvalmyr/.asdf/installs/ruby/3.0.0/lib/ruby/gems/3.0.0/gems/bootsnap-1.7.5/lib/bootsnap/load_path_cache/core_ext/kernel_require.rb:23:in `block in require_with_bootsnap_lfi'
	from /Users/dvalmyr/.asdf/installs/ruby/3.0.0/lib/ruby/gems/3.0.0/gems/bootsnap-1.7.5/lib/bootsnap/load_path_cache/loaded_features_index.rb:92:in `register'
	from /Users/dvalmyr/.asdf/installs/ruby/3.0.0/lib/ruby/gems/3.0.0/gems/bootsnap-1.7.5/lib/bootsnap/load_path_cache/core_ext/kernel_require.rb:22:in `require_with_bootsnap_lfi'
	from /Users/dvalmyr/.asdf/installs/ruby/3.0.0/lib/ruby/gems/3.0.0/gems/bootsnap-1.7.5/lib/bootsnap/load_path_cache/core_ext/kernel_require.rb:31:in `require'
	from /Users/dvalmyr/scheduled_tweets/bin/rails:5:in `<top (required)>'
	from /Users/dvalmyr/.asdf/installs/ruby/3.0.0/lib/ruby/gems/3.0.0/gems/spring-2.1.1/lib/spring/client/rails.rb:28:in `load'
	from /Users/dvalmyr/.asdf/installs/ruby/3.0.0/lib/ruby/gems/3.0.0/gems/spring-2.1.1/lib/spring/client/rails.rb:28:in `call'
	from /Users/dvalmyr/.asdf/installs/ruby/3.0.0/lib/ruby/gems/3.0.0/gems/spring-2.1.1/lib/spring/client/command.rb:7:in `call'
	from /Users/dvalmyr/.asdf/installs/ruby/3.0.0/lib/ruby/gems/3.0.0/gems/spring-2.1.1/lib/spring/client.rb:30:in `run'
	from /Users/dvalmyr/.asdf/installs/ruby/3.0.0/lib/ruby/gems/3.0.0/gems/spring-2.1.1/bin/spring:49:in `<top (required)>'
	from /Users/dvalmyr/.asdf/installs/ruby/3.0.0/lib/ruby/gems/3.0.0/gems/spring-2.1.1/lib/spring/binstub.rb:11:in `load'
	from /Users/dvalmyr/.asdf/installs/ruby/3.0.0/lib/ruby/gems/3.0.0/gems/spring-2.1.1/lib/spring/binstub.rb:11:in `<top (required)>'
	from <internal:/Users/dvalmyr/.asdf/installs/ruby/3.0.0/lib/ruby/3.0.0/rubygems/core_ext/kernel_require.rb>:85:in `require'
	from <internal:/Users/dvalmyr/.asdf/installs/ruby/3.0.0/lib/ruby/3.0.0/rubygems/core_ext/kernel_require.rb>:85:in `require'
	from /Users/dvalmyr/scheduled_tweets/bin/spring:10:in `block in <top (required)>'
	from <internal:kernel>:90:in `tap'
	from /Users/dvalmyr/scheduled_tweets/bin/spring:7:in `<top (required)>'
	from bin/rails:2:in `load'
	from bin/rails:2:in `<main>'
